/Users/deladem/pinetime-dev/nRF5_SDK/modules/nrfx/hal/nrf_gpiote.h:367:22:nrf_gpiote_event_clear	8	static
/Users/deladem/pinetime-dev/nRF5_SDK/modules/nrfx/hal/nrf_gpio.h:613:22:nrf_gpio_cfg_sense_set	0	static
/Users/deladem/pinetime-dev/nRF5_SDK/modules/nrfx/drivers/include/nrf_bitmask.h:82:22:nrf_bitmask_bit_set	0	static
/Users/deladem/pinetime-dev/nRF5_SDK/modules/nrfx/drivers/src/nrfx_gpiote.c:221:13:channel_free	0	static
/Users/deladem/pinetime-dev/nRF5_SDK/modules/nrfx/drivers/include/nrfx_gpiote.h:198:12:nrfx_gpiote_init	8	static
/Users/deladem/pinetime-dev/nRF5_SDK/modules/nrfx/drivers/include/nrfx_gpiote.h:209:6:nrfx_gpiote_is_init	0	static
/Users/deladem/pinetime-dev/nRF5_SDK/modules/nrfx/drivers/include/nrfx_gpiote.h:230:12:nrfx_gpiote_out_init	16	static
/Users/deladem/pinetime-dev/nRF5_SDK/modules/nrfx/drivers/include/nrfx_gpiote.h:239:6:nrfx_gpiote_out_uninit	16	static
/Users/deladem/pinetime-dev/nRF5_SDK/modules/nrfx/drivers/include/nrfx_gpiote.h:246:6:nrfx_gpiote_out_set	0	static
/Users/deladem/pinetime-dev/nRF5_SDK/modules/nrfx/drivers/include/nrfx_gpiote.h:253:6:nrfx_gpiote_out_clear	0	static
/Users/deladem/pinetime-dev/nRF5_SDK/modules/nrfx/drivers/include/nrfx_gpiote.h:260:6:nrfx_gpiote_out_toggle	0	static
/Users/deladem/pinetime-dev/nRF5_SDK/modules/nrfx/drivers/include/nrfx_gpiote.h:267:6:nrfx_gpiote_out_task_enable	0	static
/Users/deladem/pinetime-dev/nRF5_SDK/modules/nrfx/drivers/include/nrfx_gpiote.h:274:6:nrfx_gpiote_out_task_disable	0	static
/Users/deladem/pinetime-dev/nRF5_SDK/modules/nrfx/drivers/include/nrfx_gpiote.h:283:10:nrfx_gpiote_out_task_addr_get	0	static
/Users/deladem/pinetime-dev/nRF5_SDK/modules/nrfx/drivers/include/nrfx_gpiote.h:293:10:nrfx_gpiote_set_task_addr_get	0	static
/Users/deladem/pinetime-dev/nRF5_SDK/modules/nrfx/drivers/include/nrfx_gpiote.h:304:10:nrfx_gpiote_clr_task_addr_get	0	static
/Users/deladem/pinetime-dev/nRF5_SDK/modules/nrfx/drivers/include/nrfx_gpiote.h:386:6:nrfx_gpiote_out_task_force	0	static
/Users/deladem/pinetime-dev/nRF5_SDK/modules/nrfx/drivers/include/nrfx_gpiote.h:393:6:nrfx_gpiote_out_task_trigger	0	static
/Users/deladem/pinetime-dev/nRF5_SDK/modules/nrfx/drivers/include/nrfx_gpiote.h:401:6:nrfx_gpiote_set_task_trigger	0	static
/Users/deladem/pinetime-dev/nRF5_SDK/modules/nrfx/drivers/include/nrfx_gpiote.h:410:6:nrfx_gpiote_clr_task_trigger	0	static
/Users/deladem/pinetime-dev/nRF5_SDK/modules/nrfx/drivers/include/nrfx_gpiote.h:330:12:nrfx_gpiote_in_init	24	static
/Users/deladem/pinetime-dev/nRF5_SDK/modules/nrfx/drivers/include/nrfx_gpiote.h:353:6:nrfx_gpiote_in_event_enable	16	static
/Users/deladem/pinetime-dev/nRF5_SDK/modules/nrfx/drivers/include/nrfx_gpiote.h:360:6:nrfx_gpiote_in_event_disable	0	static
/Users/deladem/pinetime-dev/nRF5_SDK/modules/nrfx/drivers/include/nrfx_gpiote.h:340:6:nrfx_gpiote_in_uninit	24	static
/Users/deladem/pinetime-dev/nRF5_SDK/modules/nrfx/drivers/include/nrfx_gpiote.h:214:6:nrfx_gpiote_uninit	16	static
/Users/deladem/pinetime-dev/nRF5_SDK/modules/nrfx/drivers/include/nrfx_gpiote.h:370:6:nrfx_gpiote_in_is_set	0	static
/Users/deladem/pinetime-dev/nRF5_SDK/modules/nrfx/drivers/include/nrfx_gpiote.h:378:10:nrfx_gpiote_in_event_addr_get	0	static
/Users/deladem/pinetime-dev/nRF5_SDK/modules/nrfx/drivers/src/nrfx_gpiote.c:668:6:GPIOTE_IRQHandler	64	static
