/Users/deladem/pinetime-dev/nRF5_SDK/external/segger_rtt/SEGGER_RTT.c:485:17:_GetAvailWriteSpace	0	static
/Users/deladem/pinetime-dev/nRF5_SDK/external/segger_rtt/SEGGER_RTT.c:399:13:_WriteNoCheck	24	static
/Users/deladem/pinetime-dev/nRF5_SDK/external/segger_rtt/SEGGER_RTT.c:335:17:_WriteBlocking	32	static
/Users/deladem/pinetime-dev/nRF5_SDK/external/segger_rtt/SEGGER_RTT.c:280:13:_DoInit	8	static
/Users/deladem/pinetime-dev/nRF5_SDK/external/segger_rtt/SEGGER_RTT.c:463:13:_PostTerminalSwitch.constprop	16	static
/Users/deladem/pinetime-dev/nRF5_SDK/external/segger_rtt/SEGGER_RTT.c:526:10:SEGGER_RTT_ReadNoLock	40	static
/Users/deladem/pinetime-dev/nRF5_SDK/external/segger_rtt/SEGGER_RTT.c:616:10:SEGGER_RTT_Read	16	static
/Users/deladem/pinetime-dev/nRF5_SDK/external/segger_rtt/SEGGER_RTT.c:655:6:SEGGER_RTT_WriteWithOverwriteNoLock	40	static
/Users/deladem/pinetime-dev/nRF5_SDK/external/segger_rtt/SEGGER_RTT.c:751:10:SEGGER_RTT_WriteSkipNoLock	32	static
/Users/deladem/pinetime-dev/nRF5_SDK/external/segger_rtt/SEGGER_RTT.c:895:10:SEGGER_RTT_WriteNoLock	24	static
/Users/deladem/pinetime-dev/nRF5_SDK/external/segger_rtt/SEGGER_RTT.c:966:10:SEGGER_RTT_Write	16	static
/Users/deladem/pinetime-dev/nRF5_SDK/external/segger_rtt/SEGGER_RTT.c:1003:10:SEGGER_RTT_WriteString	16	static
/Users/deladem/pinetime-dev/nRF5_SDK/external/segger_rtt/SEGGER_RTT.c:1033:10:SEGGER_RTT_PutCharSkipNoLock	20	static
/Users/deladem/pinetime-dev/nRF5_SDK/external/segger_rtt/SEGGER_RTT.c:1080:10:SEGGER_RTT_PutCharSkip	24	static
/Users/deladem/pinetime-dev/nRF5_SDK/external/segger_rtt/SEGGER_RTT.c:1136:10:SEGGER_RTT_PutChar	24	static
/Users/deladem/pinetime-dev/nRF5_SDK/external/segger_rtt/SEGGER_RTT.c:1197:5:SEGGER_RTT_GetKey	16	static
/Users/deladem/pinetime-dev/nRF5_SDK/external/segger_rtt/SEGGER_RTT.c:1225:5:SEGGER_RTT_WaitKey	8	static
/Users/deladem/pinetime-dev/nRF5_SDK/external/segger_rtt/SEGGER_RTT.c:1248:5:SEGGER_RTT_HasKey	8	static
/Users/deladem/pinetime-dev/nRF5_SDK/external/segger_rtt/SEGGER_RTT.c:1274:10:SEGGER_RTT_HasData	0	static
/Users/deladem/pinetime-dev/nRF5_SDK/external/segger_rtt/SEGGER_RTT.c:1302:5:SEGGER_RTT_AllocDownBuffer	32	static
/Users/deladem/pinetime-dev/nRF5_SDK/external/segger_rtt/SEGGER_RTT.c:1347:5:SEGGER_RTT_AllocUpBuffer	32	static
/Users/deladem/pinetime-dev/nRF5_SDK/external/segger_rtt/SEGGER_RTT.c:1398:5:SEGGER_RTT_ConfigUpBuffer	24	static
/Users/deladem/pinetime-dev/nRF5_SDK/external/segger_rtt/SEGGER_RTT.c:1445:5:SEGGER_RTT_ConfigDownBuffer	32	static
/Users/deladem/pinetime-dev/nRF5_SDK/external/segger_rtt/SEGGER_RTT.c:1483:5:SEGGER_RTT_SetNameUpBuffer	16	static
/Users/deladem/pinetime-dev/nRF5_SDK/external/segger_rtt/SEGGER_RTT.c:1514:5:SEGGER_RTT_SetNameDownBuffer	16	static
/Users/deladem/pinetime-dev/nRF5_SDK/external/segger_rtt/SEGGER_RTT.c:1545:5:SEGGER_RTT_SetFlagsUpBuffer	16	static
/Users/deladem/pinetime-dev/nRF5_SDK/external/segger_rtt/SEGGER_RTT.c:1576:5:SEGGER_RTT_SetFlagsDownBuffer	16	static
/Users/deladem/pinetime-dev/nRF5_SDK/external/segger_rtt/SEGGER_RTT.c:1600:6:SEGGER_RTT_Init	0	static
/Users/deladem/pinetime-dev/nRF5_SDK/external/segger_rtt/SEGGER_RTT.c:1618:5:SEGGER_RTT_SetTerminal	24	static
/Users/deladem/pinetime-dev/nRF5_SDK/external/segger_rtt/SEGGER_RTT.c:1668:5:SEGGER_RTT_TerminalOut	24	static
