/opt/homebrew/arm-toolchain/arm-none-eabi/include/c++/13.2.1/bits/basic_string.tcc:134:5:constexpr std::__cxx11::basic_string<_CharT, _Traits, _Alloc>::pointer std::__cxx11::basic_string<_CharT, _Traits, _Alloc>::_M_create(size_type&, size_type) [with _CharT = char; _Traits = std::char_traits<char>; _Alloc = std::allocator<char>]	8	static
/Users/deladem/pinetime-dev/InfiniTime-avc/src/components/ble/MusicService.cpp:118:6:void Pinetime::Controllers::MusicService::Init()	8	static
/Users/deladem/pinetime-dev/InfiniTime-avc/src/components/ble/MusicService.cpp:194:6:bool Pinetime::Controllers::MusicService::isPlaying() const	0	static
/Users/deladem/pinetime-dev/InfiniTime-avc/src/components/ble/MusicService.cpp:198:7:float Pinetime::Controllers::MusicService::getPlaybackSpeed() const	0	static
/Users/deladem/pinetime-dev/InfiniTime-avc/src/components/ble/MusicService.cpp:202:5:int Pinetime::Controllers::MusicService::getProgress() const	16	static
/Users/deladem/pinetime-dev/InfiniTime-avc/src/components/ble/MusicService.cpp:210:5:int Pinetime::Controllers::MusicService::getTrackLength() const	0	static
/Users/deladem/pinetime-dev/InfiniTime-avc/src/components/ble/MusicService.cpp:214:6:void Pinetime::Controllers::MusicService::event(char)	24	static
/opt/homebrew/arm-toolchain/arm-none-eabi/include/c++/13.2.1/bits/basic_string.h:1157:7:constexpr std::__cxx11::basic_string<_CharT, _Traits, _Alloc>::size_type std::__cxx11::basic_string<_CharT, _Traits, _Alloc>::capacity() const [with _CharT = char; _Traits = std::char_traits<char>; _Alloc = std::allocator<char>]	0	static
/opt/homebrew/arm-toolchain/arm-none-eabi/include/c++/13.2.1/bits/basic_string.h:415:7:static constexpr void std::__cxx11::basic_string<_CharT, _Traits, _Alloc>::_S_copy(_CharT*, const _CharT*, size_type) [with _CharT = char; _Traits = std::char_traits<char>; _Alloc = std::allocator<char>]	8	static
/Users/deladem/pinetime-dev/InfiniTime-avc/src/components/ble/MusicService.cpp:58:1:Pinetime::Controllers::MusicService::MusicService(Pinetime::Controllers::NimbleController&)	32	static
/opt/homebrew/arm-toolchain/arm-none-eabi/include/c++/13.2.1/bits/basic_string.h:537:7:constexpr std::__cxx11::basic_string<_CharT, _Traits, _Alloc>::basic_string(const std::__cxx11::basic_string<_CharT, _Traits, _Alloc>&) [with _CharT = char; _Traits = std::char_traits<char>; _Alloc = std::allocator<char>]	24	static
/Users/deladem/pinetime-dev/InfiniTime-avc/src/components/ble/MusicService.cpp:182:13:std::string Pinetime::Controllers::MusicService::getAlbum() const	8	static
/Users/deladem/pinetime-dev/InfiniTime-avc/src/components/ble/MusicService.cpp:186:13:std::string Pinetime::Controllers::MusicService::getArtist() const	8	static
/Users/deladem/pinetime-dev/InfiniTime-avc/src/components/ble/MusicService.cpp:190:13:std::string Pinetime::Controllers::MusicService::getTrack() const	8	static
/opt/homebrew/arm-toolchain/arm-none-eabi/include/c++/13.2.1/bits/basic_string.h:811:7:constexpr std::__cxx11::basic_string<_CharT, _Traits, _Alloc>& std::__cxx11::basic_string<_CharT, _Traits, _Alloc>::operator=(const _CharT*) [with _CharT = char; _Traits = std::char_traits<char>; _Alloc = std::allocator<char>]	40	static
/Users/deladem/pinetime-dev/InfiniTime-avc/src/components/ble/MusicService.cpp:127:5:int Pinetime::Controllers::MusicService::OnCommand(ble_gatt_access_ctxt*)	32	dynamic
/Users/deladem/pinetime-dev/InfiniTime-avc/src/components/ble/MusicService.cpp:53:7:int {anonymous}::MusicCallback(uint16_t, uint16_t, ble_gatt_access_ctxt*, void*)	0	static
