/Users/deladem/pinetime-dev/InfiniTime-avc/src/components/ble/NotificationManager.cpp:10:6:void Pinetime::Controllers::NotificationManager::Push(Notification&&)	8	static
/Users/deladem/pinetime-dev/InfiniTime-avc/src/components/ble/NotificationManager.cpp:25:39:Pinetime::Controllers::NotificationManager::Notification::Id Pinetime::Controllers::NotificationManager::GetNextId()	0	static
/Users/deladem/pinetime-dev/InfiniTime-avc/src/components/ble/NotificationManager.cpp:29:35:Pinetime::Controllers::NotificationManager::Notification Pinetime::Controllers::NotificationManager::GetLastNotification() const	8	static
/Users/deladem/pinetime-dev/InfiniTime-avc/src/components/ble/NotificationManager.cpp:36:42:const Pinetime::Controllers::NotificationManager::Notification& Pinetime::Controllers::NotificationManager::At(Notification::Idx) const	8	static
/Users/deladem/pinetime-dev/InfiniTime-avc/src/components/ble/NotificationManager.cpp:45:36:Pinetime::Controllers::NotificationManager::Notification& Pinetime::Controllers::NotificationManager::At(Notification::Idx)	8	static
/Users/deladem/pinetime-dev/InfiniTime-avc/src/components/ble/NotificationManager.cpp:54:40:Pinetime::Controllers::NotificationManager::Notification::Idx Pinetime::Controllers::NotificationManager::IndexOf(Notification::Id) const	24	static
/Users/deladem/pinetime-dev/InfiniTime-avc/src/components/ble/NotificationManager.cpp:64:35:Pinetime::Controllers::NotificationManager::Notification Pinetime::Controllers::NotificationManager::Get(Notification::Id) const	16	static
/Users/deladem/pinetime-dev/InfiniTime-avc/src/components/ble/NotificationManager.cpp:72:35:Pinetime::Controllers::NotificationManager::Notification Pinetime::Controllers::NotificationManager::GetNext(Notification::Id) const	16	static
/Users/deladem/pinetime-dev/InfiniTime-avc/src/components/ble/NotificationManager.cpp:83:35:Pinetime::Controllers::NotificationManager::Notification Pinetime::Controllers::NotificationManager::GetPrevious(Notification::Id) const	16	static
/Users/deladem/pinetime-dev/InfiniTime-avc/src/components/ble/NotificationManager.cpp:94:6:void Pinetime::Controllers::NotificationManager::DismissIdx(Notification::Idx)	24	static
/Users/deladem/pinetime-dev/InfiniTime-avc/src/components/ble/NotificationManager.cpp:115:6:void Pinetime::Controllers::NotificationManager::Dismiss(Notification::Id)	8	static
/Users/deladem/pinetime-dev/InfiniTime-avc/src/components/ble/NotificationManager.cpp:123:6:bool Pinetime::Controllers::NotificationManager::AreNewNotificationsAvailable() const	0	static
/Users/deladem/pinetime-dev/InfiniTime-avc/src/components/ble/NotificationManager.cpp:127:6:bool Pinetime::Controllers::NotificationManager::ClearNewNotificationFlag()	0	static
/Users/deladem/pinetime-dev/InfiniTime-avc/src/components/ble/NotificationManager.cpp:131:8:size_t Pinetime::Controllers::NotificationManager::NbNotifications() const	0	static
/opt/homebrew/arm-toolchain/arm-none-eabi/include/c++/13.2.1/bits/stl_algo.h:3889:5:constexpr _IIter std::find(_IIter, _IIter, const _Tp&) [with _IIter = const char*; _Tp = char]	12	static
/Users/deladem/pinetime-dev/InfiniTime-avc/src/components/ble/NotificationManager.cpp:135:13:const char* Pinetime::Controllers::NotificationManager::Notification::Message() const	24	static
/Users/deladem/pinetime-dev/InfiniTime-avc/src/components/ble/NotificationManager.cpp:144:13:const char* Pinetime::Controllers::NotificationManager::Notification::Title() const	24	static
