/Users/deladem/pinetime-dev/nRF5_SDK/components/libraries/memobj/nrf_memobj.c:175:13:memobj_op	40	static
/Users/deladem/pinetime-dev/nRF5_SDK/components/libraries/memobj/nrf_memobj.c:88:12:nrf_memobj_pool_init	0	static
/Users/deladem/pinetime-dev/nRF5_SDK/components/libraries/memobj/nrf_memobj.c:134:6:nrf_memobj_free	24	static
/Users/deladem/pinetime-dev/nRF5_SDK/components/libraries/memobj/nrf_memobj.c:93:16:nrf_memobj_alloc	24	static
/Users/deladem/pinetime-dev/nRF5_SDK/components/libraries/memobj/nrf_memobj.c:158:6:nrf_memobj_get	0	static
/Users/deladem/pinetime-dev/nRF5_SDK/components/libraries/memobj/nrf_memobj.c:164:6:nrf_memobj_put	8	static
/Users/deladem/pinetime-dev/nRF5_SDK/components/libraries/memobj/nrf_memobj.c:238:6:nrf_memobj_write	24	static
/Users/deladem/pinetime-dev/nRF5_SDK/components/libraries/memobj/nrf_memobj.c:249:6:nrf_memobj_read	24	static
