Archive member included to satisfy reference by file (symbol)

libnimble.a(nimble_port_freertos.c.obj)
                              CMakeFiles/pinetime-recovery.dir/main.cpp.obj (nimble_port_freertos_init)
libnimble.a(npl_os_freertos.c.obj)
                              CMakeFiles/pinetime-recovery.dir/main.cpp.obj (npl_freertos_eventq_get)
libnimble.a(ble_hs.c.obj)     CMakeFiles/pinetime-recovery.dir/components/ble/NimbleController.cpp.obj (ble_hs_synced)
libnimble.a(ble_hs_hci_evt.c.obj)
                              libnimble.a(ble_hs.c.obj) (ble_hs_hci_evt_process)
libnimble.a(ble_l2cap_sig_cmd.c.obj)
                              libnimble.a(ble_hs_hci_evt.c.obj) (ble_l2cap_sig_reject_invalid_cid_tx)
libnimble.a(ble_l2cap_sig.c.obj)
                              libnimble.a(ble_hs.c.obj) (ble_l2cap_sig_timer)
libnimble.a(ble_l2cap.c.obj)  libnimble.a(ble_l2cap_sig.c.obj) (ble_l2cap_chan_alloc)
libnimble.a(ble_hs_mbuf.c.obj)
                              libnimble.a(ble_l2cap_sig_cmd.c.obj) (ble_hs_mbuf_l2cap_pkt)
libnimble.a(ble_sm.c.obj)     libnimble.a(ble_hs_hci_evt.c.obj) (ble_sm_enc_change_rx)
libnimble.a(ble_sm_cmd.c.obj)
                              libnimble.a(ble_sm.c.obj) (ble_sm_cmd_get)
libnimble.a(ble_sm_sc.c.obj)  libnimble.a(ble_sm.c.obj) (ble_sm_sc_io_action)
libnimble.a(ble_gap.c.obj)    CMakeFiles/pinetime-recovery.dir/components/ble/NimbleController.cpp.obj (ble_gap_conn_find)
libnimble.a(ble_gatts.c.obj)  libnimble.a(ble_gap.c.obj) (ble_gatts_connection_broken)
libnimble.a(ble_gattc.c.obj)  libnimble.a(ble_hs.c.obj) (ble_gattc_timer)
libnimble.a(ble_hs_conn.c.obj)
                              libnimble.a(ble_gap.c.obj) (ble_hs_conn_can_alloc)
libnimble.a(ble_att_svr.c.obj)
                              libnimble.a(ble_gatts.c.obj) (ble_att_svr_register)
libnimble.a(ble_store.c.obj)  libnimble.a(ble_sm.c.obj) (ble_store_full_event)
libnimble.a(ble_store_util.c.obj)
                              libnimble.a(ble_gap.c.obj) (ble_store_util_bonded_peers)
libnimble.a(ble_hs_pvcy.c.obj)
                              libnimble.a(ble_gap.c.obj) (ble_hs_pvcy_remove_entry)
libnimble.a(ble_hs_hci.c.obj)
                              libnimble.a(ble_hs_hci_evt.c.obj) (ble_hs_hci_add_avail_pkts)
libnimble.a(ble_hs_log.c.obj)
                              libnimble.a(ble_hs_hci_evt.c.obj) (ble_hs_log_mbuf)
libnimble.a(ble_hs_hci_util.c.obj)
                              libnimble.a(ble_hs_hci.c.obj) (ble_hs_hci_util_handle_pb_bc_join)
libnimble.a(ble_hs_hci_cmd.c.obj)
                              libnimble.a(ble_hs_hci.c.obj) (ble_hs_hci_cmd_send_buf)
libnimble.a(ble_hs_cfg.c.obj)
                              CMakeFiles/pinetime-recovery.dir/components/ble/NimbleController.cpp.obj (ble_hs_cfg)
libnimble.a(ble_uuid.c.obj)   libnimble.a(ble_att_svr.c.obj) (ble_uuid_init_from_buf)
libnimble.a(ble_hs_id.c.obj)  libnimble.a(ble_hs_conn.c.obj) (ble_hs_id_addr)
libnimble.a(ble_hs_misc.c.obj)
                              libnimble.a(ble_l2cap_sig_cmd.c.obj) (ble_hs_misc_conn_chan_find_reqd)
libnimble.a(ble_att.c.obj)    libnimble.a(ble_gattc.c.obj) (ble_att_conn_chan_find)
libnimble.a(ble_att_clt.c.obj)
                              libnimble.a(ble_att.c.obj) (ble_att_clt_rx_error)
libnimble.a(ble_att_cmd.c.obj)
                              libnimble.a(ble_att_svr.c.obj) (ble_att_cmd_prepare)
libnimble.a(ble_hs_atomic.c.obj)
                              libnimble.a(ble_gap.c.obj) (ble_hs_atomic_conn_delete)
libnimble.a(ble_hs_adv.c.obj)
                              libnimble.a(ble_gap.c.obj) (ble_hs_adv_set_fields)
libnimble.a(ble_hs_flow.c.obj)
                              libnimble.a(ble_gap.c.obj) (ble_hs_flow_connection_broken)
libnimble.a(ble_hs_mqueue.c.obj)
                              libnimble.a(ble_hs.c.obj) (ble_mqueue_init)
libnimble.a(ble_hs_stop.c.obj)
                              libnimble.a(ble_hs.c.obj) (ble_hs_stop_init)
libnimble.a(ble_hs_startup.c.obj)
                              libnimble.a(ble_hs.c.obj) (ble_hs_startup_go)
libnimble.a(ble_store_ram.c.obj)
                              CMakeFiles/pinetime-recovery.dir/main.cpp.obj (ble_store_ram_init)
libnimble.a(ble_hci_ram.c.obj)
                              libnimble.a(ble_hs.c.obj) (ble_hci_trans_cfg_hs)
libnimble.a(ble_ll.c.obj)     CMakeFiles/pinetime-recovery.dir/main.cpp.obj (ble_ll_task)
libnimble.a(ble_ll_rand.c.obj)
                              CMakeFiles/pinetime-recovery.dir/components/ble/NimbleController.cpp.obj (ble_ll_rand)
libnimble.a(ble_ll_conn.c.obj)
                              libnimble.a(ble_ll.c.obj) (ble_ll_conn_wfr_timer_exp)
libnimble.a(ble_ll_ctrl.c.obj)
                              libnimble.a(ble_ll_conn.c.obj) (ble_ll_ctrl_enc_allowed_pdu_rx)
libnimble.a(ble_ll_hci.c.obj)
                              libnimble.a(ble_ll.c.obj) (ble_ll_hci_send_noop)
libnimble.a(ble_ll_conn_hci.c.obj)
                              libnimble.a(ble_ll_ctrl.c.obj) (ble_ll_conn_hci_chk_conn_params)
[...]
Memory Configuration

Name             Origin             Length             Attributes
FLASH            0x00000000         0x00073e08         xr
SPARE_SPACE      0x0007d000         0x00003000         r
RAM              0x20000000         0x00010000         xrw
*default*        0x00000000         0xffffffff

Linker script and memory map


.text           0x00000000    0x2a814
 *(.isr_vector)
 .isr_vector    0x00000000      0x200 libnrf-sdk.a(gcc_startup_nrf52.S.obj)
                0x00000000                __isr_vector
 *(.text*)
 .text.deregister_tm_clones
                0x00000200       0x1c /opt/homebrew/arm-toolchain/bin/../lib/gcc/arm-none-eabi/13.2.1/thumb/v7e-m+fp/hard/crtbegin.o
 .text.register_tm_clones
                0x0000021c       0x24 /opt/homebrew/arm-toolchain/bin/../lib/gcc/arm-none-eabi/13.2.1/thumb/v7e-m+fp/hard/crtbegin.o
 .text.__do_global_dtors_aux
                0x00000240       0x28 /opt/homebrew/arm-toolchain/bin/../lib/gcc/arm-none-eabi/13.2.1/thumb/v7e-m+fp/hard/crtbegin.o
 .text.frame_dummy
                0x00000268       0x24 /opt/homebrew/arm-toolchain/bin/../lib/gcc/arm-none-eabi/13.2.1/thumb/v7e-m+fp/hard/crtbegin.o
 .text          0x0000028c       0x7c /opt/homebrew/arm-toolchain/bin/../lib/gcc/arm-none-eabi/13.2.1/../../../../arm-none-eabi/lib/thumb/v7e-m+fp/hard/crt0.o
                0x0000028c                _stack_init
                0x00000294                _mainCRTStartup
                0x00000294                _start
 .text.__wrap_malloc
                0x00000308        0x4 CMakeFiles/pinetime-recovery.dir/stdlib.c.obj
                0x00000308                __wrap_malloc
 .text.__wrap__malloc_r
                0x0000030c        0x6 CMakeFiles/pinetime-recovery.dir/stdlib.c.obj
                0x0000030c                __wrap__malloc_r
 .text.__wrap_free
                0x00000312        0x4 CMakeFiles/pinetime-recovery.dir/stdlib.c.obj
                0x00000312                __wrap_free
 .text.__wrap_realloc
                0x00000316        0x4 CMakeFiles/pinetime-recovery.dir/stdlib.c.obj
                0x00000316                __wrap_realloc
 *fill*         0x0000031a        0x2 
 .text.prvInsertBlockIntoFreeList
                0x0000031c       0x4c CMakeFiles/pinetime-recovery.dir/FreeRTOS/heap_4_infinitime.c.obj
 .text.pvPortMalloc
                0x00000368      0x104 CMakeFiles/pinetime-recovery.dir/FreeRTOS/heap_4_infinitime.c.obj
                0x00000368                pvPortMalloc
 .text.vPortFree
                0x0000046c       0x4c CMakeFiles/pinetime-recovery.dir/FreeRTOS/heap_4_infinitime.c.obj
                0x0000046c                vPortFree
 .text.pvPortRealloc
                0x000004b8       0x54 CMakeFiles/pinetime-recovery.dir/FreeRTOS/heap_4_infinitime.c.obj
                0x000004b8                pvPortRealloc
 .text._ZN8Pinetime17BootloaderVersion5MajorEv
                0x0000050c        0xc CMakeFiles/pinetime-recovery.dir/BootloaderVersion.cpp.obj
                0x0000050c                Pinetime::BootloaderVersion::Major()
 .text._ZN8Pinetime17BootloaderVersion5MinorEv
                0x00000518        0xc CMakeFiles/pinetime-recovery.dir/BootloaderVersion.cpp.obj
                0x00000518                Pinetime::BootloaderVersion::Minor()
 .text._ZN8Pinetime17BootloaderVersion7IsValidEv
                0x00000524       0x14 CMakeFiles/pinetime-recovery.dir/BootloaderVersion.cpp.obj
                0x00000524                Pinetime::BootloaderVersion::IsValid()
 .text._ZN8Pinetime17BootloaderVersion10SetVersionEm
                0x00000538       0x38 CMakeFiles/pinetime-recovery.dir/BootloaderVersion.cpp.obj
                0x00000538                Pinetime::BootloaderVersion::SetVersion(unsigned long)
 .text._ZN8Pinetime12Applications10DisplayAppC2ERNS_7Drivers6St7789ERKNS2_7Cst816SERKNS_11Controllers7BatteryERKNS8_3BleERNS8_8DateTimeERKNS2_8WatchdogERNS8_19NotificationManagerERNS8_19HeartRateControllerERNS8_8SettingsERNS8_15MotorControllerERNS8_16MotionControllerERNS8_15AlarmControllerERNS8_20BrightnessControllerERNS8_12TouchHandlerERNS8_2FSERNS2_11SpiNorFlashE
                0x00000570        0x8 CMakeFiles/pinetime-recovery.dir/displayapp/DisplayAppRecovery.cpp.obj
                0x00000570                Pinetime::Applications::DisplayApp::DisplayApp(Pinetime::Drivers::St7789&, Pinetime::Drivers::Cst816S const&, Pinetime::Controllers::Battery const&, Pinetime::Controllers::Ble const&, Pinetime::Controllers::DateTime&, Pinetime::Drivers::Watchdog const&, Pinetime::Controllers::NotificationManager&, Pinetime::Controllers::HeartRateController&, Pinetime::Controllers::Settings&, Pinetime::Controllers::MotorController&, Pinetime::Controllers::MotionController&, Pinetime::Controllers::AlarmController&, Pinetime::Controllers::BrightnessController&, Pinetime::Controllers::TouchHandler&, Pinetime::Controllers::FS&, Pinetime::Drivers::SpiNorFlash&)
                0x00000570                Pinetime::Applications::DisplayApp::DisplayApp(Pinetime::Drivers::St7789&, Pinetime::Drivers::Cst816S const&, Pinetime::Controllers::Battery const&, Pinetime::Controllers::Ble const&, Pinetime::Controllers::DateTime&, Pinetime::Drivers::Watchdog const&, Pinetime::Controllers::NotificationManager&, Pinetime::Controllers::HeartRateController&, Pinetime::Controllers::Settings&, Pinetime::Controllers::MotorController&, Pinetime::Controllers::MotionController&, Pinetime::Controllers::AlarmController&, Pinetime::Controllers::BrightnessController&, Pinetime::Controllers::TouchHandler&, Pinetime::Controllers::FS&, Pinetime::Drivers::SpiNorFlash&)
 .text._ZN8Pinetime12Applications10DisplayApp5StartEv
                0x00000578       0x40 CMakeFiles/pinetime-recovery.dir/displayapp/DisplayAppRecovery.cpp.obj
                0x00000578                Pinetime::Applications::DisplayApp::Start()
 .text._ZN8Pinetime12Applications10DisplayApp11DisplayLogoEt
                0x000005b8       0x54 CMakeFiles/pinetime-recovery.dir/displayapp/DisplayAppRecovery.cpp.obj
                0x000005b8                Pinetime::Applications::DisplayApp::DisplayLogo(unsigned short)
 .text._ZN8Pinetime12Applications10DisplayApp6InitHwEv
                0x0000060c        0x8 CMakeFiles/pinetime-recovery.dir/displayapp/DisplayAppRecovery.cpp.obj
                0x0000060c                Pinetime::Applications::DisplayApp::InitHw()
 .text._ZN8Pinetime12Applications10DisplayApp18DisplayOtaProgressEht
                0x00000614       0x7c CMakeFiles/pinetime-recovery.dir/displayapp/DisplayAppRecovery.cpp.obj
                0x00000614                Pinetime::Applications::DisplayApp::DisplayOtaProgress(unsigned char, unsigned short)
 .text._ZN8Pinetime12Applications10DisplayApp7RefreshEv
                0x00000690       0x98 CMakeFiles/pinetime-recovery.dir/displayapp/DisplayAppRecovery.cpp.obj
                0x00000690                Pinetime::Applications::DisplayApp::Refresh()
 .text._ZN8Pinetime12Applications10DisplayApp7ProcessEPv
                0x00000728       0x10 CMakeFiles/pinetime-recovery.dir/displayapp/DisplayAppRecovery.cpp.obj
                0x00000728                Pinetime::Applications::DisplayApp::Process(void*)
 .text._ZN8Pinetime12Applications10DisplayApp11PushMessageENS0_7Display8MessagesE
                0x00000738       0x38 CMakeFiles/pinetime-recovery.dir/displayapp/DisplayAppRecovery.cpp.obj
                0x00000738                Pinetime::Applications::DisplayApp::PushMessage(Pinetime::Applications::Display::Messages)
 .text._ZN8Pinetime12Applications10DisplayApp8RegisterEPNS_6System10SystemTaskE
                0x00000770        0x2 CMakeFiles/pinetime-recovery.dir/displayapp/DisplayAppRecovery.cpp.obj
                0x00000770                Pinetime::Applications::DisplayApp::Register(Pinetime::System::SystemTask*)
 .text._ZN8Pinetime12Applications10DisplayApp8RegisterEPNS_11Controllers20SimpleWeatherServiceE
                0x00000772        0x2 CMakeFiles/pinetime-recovery.dir/displayapp/DisplayAppRecovery.cpp.obj
                0x00000772                Pinetime::Applications::DisplayApp::Register(Pinetime::Controllers::SimpleWeatherService*)
 .text._ZN8Pinetime12Applications10DisplayApp8RegisterEPNS_11Controllers12MusicServiceE
                0x00000774        0x2 CMakeFiles/pinetime-recovery.dir/displayapp/DisplayAppRecovery.cpp.obj
                0x00000774                Pinetime::Applications::DisplayApp::Register(Pinetime::Controllers::MusicService*)
 .text._ZN8Pinetime12Applications10DisplayApp8RegisterEPNS_11Controllers17NavigationServiceE
                0x00000776        0x2 CMakeFiles/pinetime-recovery.dir/displayapp/DisplayAppRecovery.cpp.obj
                0x00000776                Pinetime::Applications::DisplayApp::Register(Pinetime::Controllers::NavigationService*)
 .text._Z21DebounceTimerCallbackPv
                0x00000778        0xc CMakeFiles/pinetime-recovery.dir/main.cpp.obj
                0x00000778                DebounceTimerCallback(void*)
 .text._Z27DebounceTimerChargeCallbackPv
                0x00000784       0x20 CMakeFiles/pinetime-recovery.dir/main.cpp.obj
                0x00000784                DebounceTimerChargeCallback(void*)
 .text._ZNSt7__cxx1112basic_stringIcSt11char_traitsIcESaIcEE10_M_disposeEv
                0x000007a4       0x16 CMakeFiles/pinetime-recovery.dir/main.cpp.obj
                0x000007a4                std::__cxx11::basic_string<char, std::char_traits<char>, std::allocator<char> >::_M_dispose()
 .text._ZNSt14_Function_baseD2Ev
                0x000007ba       0x12 CMakeFiles/pinetime-recovery.dir/main.cpp.obj
                0x000007ba                std::_Function_base::~_Function_base()
                0x000007ba                std::_Function_base::~_Function_base()
 .text._ZN8Pinetime6System10SystemTaskD2Ev
                0x000007cc       0x5c CMakeFiles/pinetime-recovery.dir/main.cpp.obj
                0x000007cc                Pinetime::System::SystemTask::~SystemTask()
                0x000007cc                Pinetime::System::SystemTask::~SystemTask()
 .text.vApplicationMallocFailedHook
                0x00000828       0x10 CMakeFiles/pinetime-recovery.dir/main.cpp.obj
                0x00000828                vApplicationMallocFailedHook
 .text.vApplicationStackOverflowHook
                0x00000838       0x10 CMakeFiles/pinetime-recovery.dir/main.cpp.obj
                0x00000838                vApplicationStackOverflowHook
 .text._Z23nrfx_gpiote_evt_handlerm21nrf_gpiote_polarity_t
                0x00000848       0x6c CMakeFiles/pinetime-recovery.dir/main.cpp.obj
                0x00000848                nrfx_gpiote_evt_handler(unsigned long, nrf_gpiote_polarity_t)
 .text.SPIM0_SPIS0_TWIM0_TWIS0_SPI0_TWI0_IRQHandler
                0x000008b4       0x60 CMakeFiles/pinetime-recovery.dir/main.cpp.obj
                0x000008b4                SPIM0_SPIS0_TWIM0_TWIS0_SPI0_TWI0_IRQHandler
 .text.RADIO_IRQHandler
                0x00000914        0xc CMakeFiles/pinetime-recovery.dir/main.cpp.obj
                0x00000914                RADIO_IRQHandler
 .text.RNG_IRQHandler
                0x00000920        0xc CMakeFiles/pinetime-recovery.dir/main.cpp.obj
                0x00000920                RNG_IRQHandler
 .text.RTC0_IRQHandler
                0x0000092c        0xc CMakeFiles/pinetime-recovery.dir/main.cpp.obj
                0x0000092c                RTC0_IRQHandler
 .text.WDT_IRQHandler
                0x00000938       0x1c CMakeFiles/pinetime-recovery.dir/main.cpp.obj
                0x00000938                WDT_IRQHandler
 .text.npl_freertos_hw_set_isr
                0x00000954       0x28 CMakeFiles/pinetime-recovery.dir/main.cpp.obj
                0x00000954                npl_freertos_hw_set_isr
 .text.npl_freertos_hw_enter_critical
                0x0000097c        0xc CMakeFiles/pinetime-recovery.dir/main.cpp.obj
                0x0000097c                npl_freertos_hw_enter_critical
 .text.npl_freertos_hw_exit_critical
                0x00000988        0x6 CMakeFiles/pinetime-recovery.dir/main.cpp.obj
                0x00000988                npl_freertos_hw_exit_critical
 *fill*         0x0000098e        0x2 
 .text.nimble_port_get_dflt_eventq
                0x00000990        0x8 CMakeFiles/pinetime-recovery.dir/main.cpp.obj
                0x00000990                nimble_port_get_dflt_eventq
 .text.nimble_port_run
                0x00000998       0x18 CMakeFiles/pinetime-recovery.dir/main.cpp.obj
                0x00000998                nimble_port_run
 .text.BleHost  0x000009b0        0x6 CMakeFiles/pinetime-recovery.dir/main.cpp.obj
                0x000009b0                BleHost
 *fill*         0x000009b6        0x2 
 .text.nimble_port_init
                0x000009b8       0x48 CMakeFiles/pinetime-recovery.dir/main.cpp.obj
                0x000009b8                nimble_port_init
 .text.nimble_port_ll_task_func
                0x00000a00        0x4 CMakeFiles/pinetime-recovery.dir/main.cpp.obj
                0x00000a00                nimble_port_ll_task_func
 .text.startup.main
                0x00000a04      0x110 CMakeFiles/pinetime-recovery.dir/main.cpp.obj
                0x00000a04                main
 .text.startup._GLOBAL__sub_I_logger
                0x00000b14      0x218 CMakeFiles/pinetime-recovery.dir/main.cpp.obj
 .text._ZNSt17_Function_handlerIFvvEZN8Pinetime7Drivers6St778912WriteCommandEPKhjEUlvE_E10_M_managerERSt9_Any_dataRKS8_St18_Manager_operation
                0x00000d2c       0x20 CMakeFiles/pinetime-recovery.dir/drivers/St7789.cpp.obj
 .text._ZNSt17_Function_handlerIFvvEZN8Pinetime7Drivers6St77899WriteDataEPKhjEUlvE_E10_M_managerERSt9_Any_dataRKS8_St18_Manager_operation
                0x00000d4c       0x20 CMakeFiles/pinetime-recovery.dir/drivers/St7789.cpp.obj
 .text._ZNSt17_Function_handlerIFvvEZN8Pinetime7Drivers6St778912WriteCommandEPKhjEUlvE_E9_M_invokeERKSt9_Any_data
                0x00000d6c       0x10 CMakeFiles/pinetime-recovery.dir/drivers/St7789.cpp.obj
 .text._ZNSt17_Function_handlerIFvvEZN8Pinetime7Drivers6St77899WriteDataEPKhjEUlvE_E9_M_invokeERKSt9_Any_data
                0x00000d7c       0x10 CMakeFiles/pinetime-recovery.dir/drivers/St7789.cpp.obj
 .text._ZN8Pinetime7Drivers6St7789C2ERNS0_3SpiEhh
                0x00000d8c        0xe CMakeFiles/pinetime-recovery.dir/drivers/St7789.cpp.obj
                0x00000d8c                Pinetime::Drivers::St7789::St7789(Pinetime::Drivers::Spi&, unsigned char, unsigned char)
                0x00000d8c                Pinetime::Drivers::St7789::St7789(Pinetime::Drivers::Spi&, unsigned char, unsigned char)
 .text._ZN8Pinetime7Drivers6St77898WriteSpiEPKhjRKSt8functionIFvvEE
                0x00000d9a        0x6 CMakeFiles/pinetime-recovery.dir/drivers/St7789.cpp.obj
                0x00000d9a                Pinetime::Drivers::St7789::WriteSpi(unsigned char const*, unsigned int, std::function<void ()> const&)
 .text._ZN8Pinetime7Drivers6St77899WriteDataEPKhj
                0x00000da0       0x30 CMakeFiles/pinetime-recovery.dir/drivers/St7789.cpp.obj
                0x00000da0                Pinetime::Drivers::St7789::WriteData(unsigned char const*, unsigned int)
 .text._ZN8Pinetime7Drivers6St778912WriteCommandEPKhj
                0x00000dd0       0x30 CMakeFiles/pinetime-recovery.dir/drivers/St7789.cpp.obj
                0x00000dd0                Pinetime::Drivers::St7789::WriteCommand(unsigned char const*, unsigned int)
 .text._ZN8Pinetime7Drivers6St778912WriteCommandEh
                0x00000e00       0x16 CMakeFiles/pinetime-recovery.dir/drivers/St7789.cpp.obj
                0x00000e00                Pinetime::Drivers::St7789::WriteCommand(unsigned char)
 .text._ZN8Pinetime7Drivers6St778913SetAddrWindowEtttt
                0x00000e16       0x5c CMakeFiles/pinetime-recovery.dir/drivers/St7789.cpp.obj
                0x00000e16                Pinetime::Drivers::St7789::SetAddrWindow(unsigned short, unsigned short, unsigned short, unsigned short)
 .text._ZN8Pinetime7Drivers6St778910WriteToRamEPKhj
                0x00000e72       0x1c CMakeFiles/pinetime-recovery.dir/drivers/St7789.cpp.obj
                0x00000e72                Pinetime::Drivers::St7789::WriteToRam(unsigned char const*, unsigned int)
 .text._ZN8Pinetime7Drivers6St778910DrawBufferEttttPKhj
                0x00000e8e       0x2e CMakeFiles/pinetime-recovery.dir/drivers/St7789.cpp.obj
                0x00000e8e                Pinetime::Drivers::St7789::DrawBuffer(unsigned short, unsigned short, unsigned short, unsigned short, unsigned char const*, unsigned int)
 .text._ZN8Pinetime7Drivers11SpiNorFlashC2ERNS0_3SpiE
                0x00000ebc        0xc CMakeFiles/pinetime-recovery.dir/drivers/SpiNorFlash.cpp.obj
                0x00000ebc                Pinetime::Drivers::SpiNorFlash::SpiNorFlash(Pinetime::Drivers::Spi&)
                0x00000ebc                Pinetime::Drivers::SpiNorFlash::SpiNorFlash(Pinetime::Drivers::Spi&)
 .text._ZN8Pinetime7Drivers11SpiNorFlash5SleepEv
                0x00000ec8       0x32 CMakeFiles/pinetime-recovery.dir/drivers/SpiNorFlash.cpp.obj
                0x00000ec8                Pinetime::Drivers::SpiNorFlash::Sleep()
 .text._ZN8Pinetime7Drivers11SpiNorFlash18ReadIdentificationEv
                0x00000efa       0x44 CMakeFiles/pinetime-recovery.dir/drivers/SpiNorFlash.cpp.obj
                0x00000efa                Pinetime::Drivers::SpiNorFlash::ReadIdentification()
 .text._ZN8Pinetime7Drivers11SpiNorFlash4InitEv
                0x00000f3e       0x18 CMakeFiles/pinetime-recovery.dir/drivers/SpiNorFlash.cpp.obj
                0x00000f3e                Pinetime::Drivers::SpiNorFlash::Init()
 *fill*         0x00000f56        0x2 
 .text._ZN8Pinetime7Drivers11SpiNorFlash6WakeupEv
                0x00000f58       0x3c CMakeFiles/pinetime-recovery.dir/drivers/SpiNorFlash.cpp.obj
                0x00000f58                Pinetime::Drivers::SpiNorFlash::Wakeup()
 .text._ZN8Pinetime7Drivers11SpiNorFlash18ReadStatusRegisterEv
                0x00000f94       0x24 CMakeFiles/pinetime-recovery.dir/drivers/SpiNorFlash.cpp.obj
                0x00000f94                Pinetime::Drivers::SpiNorFlash::ReadStatusRegister()
 .text._ZN8Pinetime7Drivers11SpiNorFlash15WriteInProgressEv
                0x00000fb8        0xc CMakeFiles/pinetime-recovery.dir/drivers/SpiNorFlash.cpp.obj
                0x00000fb8                Pinetime::Drivers::SpiNorFlash::WriteInProgress()
 .text._ZN8Pinetime7Drivers11SpiNorFlash12WriteEnabledEv
                0x00000fc4        0xc CMakeFiles/pinetime-recovery.dir/drivers/SpiNorFlash.cpp.obj
                0x00000fc4                Pinetime::Drivers::SpiNorFlash::WriteEnabled()
 .text._ZN8Pinetime7Drivers11SpiNorFlash4ReadEmPhj
                0x00000fd0       0x26 CMakeFiles/pinetime-recovery.dir/drivers/SpiNorFlash.cpp.obj
                0x00000fd0                Pinetime::Drivers::SpiNorFlash::Read(unsigned long, unsigned char*, unsigned int)
 .text._ZN8Pinetime7Drivers11SpiNorFlash11WriteEnableEv
                0x00000ff6       0x1e CMakeFiles/pinetime-recovery.dir/drivers/SpiNorFlash.cpp.obj
                0x00000ff6                Pinetime::Drivers::SpiNorFlash::WriteEnable()
 .text._ZN8Pinetime7Drivers11SpiNorFlash11SectorEraseEm
                0x00001014       0x4c CMakeFiles/pinetime-recovery.dir/drivers/SpiNorFlash.cpp.obj
                0x00001014                Pinetime::Drivers::SpiNorFlash::SectorErase(unsigned long)
 .text._ZN8Pinetime7Drivers11SpiNorFlash20ReadSecurityRegisterEv
                0x00001060       0x24 CMakeFiles/pinetime-recovery.dir/drivers/SpiNorFlash.cpp.obj
                0x00001060                Pinetime::Drivers::SpiNorFlash::ReadSecurityRegister()
 .text._ZN8Pinetime7Drivers11SpiNorFlash13ProgramFailedEv
                0x00001084        0xc CMakeFiles/pinetime-recovery.dir/drivers/SpiNorFlash.cpp.obj
                0x00001084                Pinetime::Drivers::SpiNorFlash::ProgramFailed()
 .text._ZN8Pinetime7Drivers11SpiNorFlash11EraseFailedEv
                0x00001090        0xc CMakeFiles/pinetime-recovery.dir/drivers/SpiNorFlash.cpp.obj
                0x00001090                Pinetime::Drivers::SpiNorFlash::EraseFailed()
 .text._ZN8Pinetime7Drivers11SpiNorFlash5WriteEmPKhj
                0x0000109c       0x76 CMakeFiles/pinetime-recovery.dir/drivers/SpiNorFlash.cpp.obj
                0x0000109c                Pinetime::Drivers::SpiNorFlash::Write(unsigned long, unsigned char const*, unsigned int)
 .text._ZN8Pinetime7Drivers9SpiMasterC2ENS1_9SpiModuleERKNS1_10ParametersE
                0x00001112       0x18 CMakeFiles/pinetime-recovery.dir/drivers/SpiMaster.cpp.obj
                0x00001112                Pinetime::Drivers::SpiMaster::SpiMaster(Pinetime::Drivers::SpiMaster::SpiModule, Pinetime::Drivers::SpiMaster::Parameters const&)
                0x00001112                Pinetime::Drivers::SpiMaster::SpiMaster(Pinetime::Drivers::SpiMaster::SpiModule, Pinetime::Drivers::SpiMaster::Parameters const&)
 *fill*         0x0000112a        0x2 
 .text._ZN8Pinetime7Drivers9SpiMaster4InitEv
                0x0000112c      0x10c CMakeFiles/pinetime-recovery.dir/drivers/SpiMaster.cpp.obj
                0x0000112c                Pinetime::Drivers::SpiMaster::Init()
 .text._ZN8Pinetime7Drivers9SpiMaster27SetupWorkaroundForErratum58Ev
                0x00001238       0x80 CMakeFiles/pinetime-recovery.dir/drivers/SpiMaster.cpp.obj
                0x00001238                Pinetime::Drivers::SpiMaster::SetupWorkaroundForErratum58()
 .text._ZN8Pinetime7Drivers9SpiMaster29DisableWorkaroundForErratum58Ev
                0x000012b8       0x44 CMakeFiles/pinetime-recovery.dir/drivers/SpiMaster.cpp.obj
                0x000012b8                Pinetime::Drivers::SpiMaster::DisableWorkaroundForErratum58()
 .text._ZN8Pinetime7Drivers9SpiMaster14OnStartedEventEv
                0x000012fc        0x2 CMakeFiles/pinetime-recovery.dir/drivers/SpiMaster.cpp.obj
                0x000012fc                Pinetime::Drivers::SpiMaster::OnStartedEvent()
 .text._ZN8Pinetime7Drivers9SpiMaster9PrepareTxEmj
                0x000012fe       0x2e CMakeFiles/pinetime-recovery.dir/drivers/SpiMaster.cpp.obj
                0x000012fe                Pinetime::Drivers::SpiMaster::PrepareTx(unsigned long, unsigned int)
 .text._ZN8Pinetime7Drivers9SpiMaster10OnEndEventEv
                0x0000132c       0x68 CMakeFiles/pinetime-recovery.dir/drivers/SpiMaster.cpp.obj
                0x0000132c                Pinetime::Drivers::SpiMaster::OnEndEvent()
 .text._ZN8Pinetime7Drivers9SpiMaster9PrepareRxEmj
                0x00001394       0x30 CMakeFiles/pinetime-recovery.dir/drivers/SpiMaster.cpp.obj
                0x00001394                Pinetime::Drivers::SpiMaster::PrepareRx(unsigned long, unsigned int)
 .text._ZN8Pinetime7Drivers9SpiMaster5WriteEhPKhjRKSt8functionIFvvEE
                0x000013c4       0xae CMakeFiles/pinetime-recovery.dir/drivers/SpiMaster.cpp.obj
                0x000013c4                Pinetime::Drivers::SpiMaster::Write(unsigned char, unsigned char const*, unsigned int, std::function<void ()> const&)
 .text._ZN8Pinetime7Drivers9SpiMaster4ReadEhPhjS2_j
                0x00001472       0x9e CMakeFiles/pinetime-recovery.dir/drivers/SpiMaster.cpp.obj
                0x00001472                Pinetime::Drivers::SpiMaster::Read(unsigned char, unsigned char*, unsigned int, unsigned char*, unsigned int)
 .text._ZN8Pinetime7Drivers9SpiMaster5SleepEv
                0x00001510       0x36 CMakeFiles/pinetime-recovery.dir/drivers/SpiMaster.cpp.obj
                0x00001510                Pinetime::Drivers::SpiMaster::Sleep()
 .text._ZN8Pinetime7Drivers9SpiMaster6WakeupEv
                0x00001546        0x4 CMakeFiles/pinetime-recovery.dir/drivers/SpiMaster.cpp.obj
                0x00001546                Pinetime::Drivers::SpiMaster::Wakeup()
 .text._ZN8Pinetime7Drivers9SpiMaster17WriteCmdAndBufferEhPKhjS3_j
                0x0000154a       0x9e CMakeFiles/pinetime-recovery.dir/drivers/SpiMaster.cpp.obj
                0x0000154a                Pinetime::Drivers::SpiMaster::WriteCmdAndBuffer(unsigned char, unsigned char const*, unsigned int, unsigned char const*, unsigned int)
 .text._ZN8Pinetime7Drivers3SpiC2ERNS0_9SpiMasterEh
                0x000015e8       0x1e CMakeFiles/pinetime-recovery.dir/drivers/Spi.cpp.obj
                0x000015e8                Pinetime::Drivers::Spi::Spi(Pinetime::Drivers::SpiMaster&, unsigned char)
                0x000015e8                Pinetime::Drivers::Spi::Spi(Pinetime::Drivers::SpiMaster&, unsigned char)
 .text._ZN8Pinetime7Drivers3Spi5WriteEPKhjRKSt8functionIFvvEE
                0x00001606       0x16 CMakeFiles/pinetime-recovery.dir/drivers/Spi.cpp.obj
                0x00001606                Pinetime::Drivers::Spi::Write(unsigned char const*, unsigned int, std::function<void ()> const&)
 .text._ZN8Pinetime7Drivers3Spi4ReadEPhjS2_j
                0x0000161c       0x18 CMakeFiles/pinetime-recovery.dir/drivers/Spi.cpp.obj
                0x0000161c                Pinetime::Drivers::Spi::Read(unsigned char*, unsigned int, unsigned char*, unsigned int)
 .text._ZN8Pinetime7Drivers3Spi17WriteCmdAndBufferEPKhjS3_j
                0x00001634       0x18 CMakeFiles/pinetime-recovery.dir/drivers/Spi.cpp.obj
                0x00001634                Pinetime::Drivers::Spi::WriteCmdAndBuffer(unsigned char const*, unsigned int, unsigned char const*, unsigned int)
 .text._ZN8Pinetime7Drivers8Watchdog5SetupEhNS1_14SleepBehaviourENS1_13HaltBehaviourE
                0x0000164c       0x78 CMakeFiles/pinetime-recovery.dir/drivers/Watchdog.cpp.obj
                0x0000164c                Pinetime::Drivers::Watchdog::Setup(unsigned char, Pinetime::Drivers::Watchdog::SleepBehaviour, Pinetime::Drivers::Watchdog::HaltBehaviour)
 .text._ZN8Pinetime7Drivers8Watchdog5StartEv
                0x000016c4        0xc CMakeFiles/pinetime-recovery.dir/drivers/Watchdog.cpp.obj
                0x000016c4                Pinetime::Drivers::Watchdog::Start()
 .text._ZN8Pinetime7Drivers8Watchdog6ReloadEv
                0x000016d0       0x14 CMakeFiles/pinetime-recovery.dir/drivers/Watchdog.cpp.obj
                0x000016d0                Pinetime::Drivers::Watchdog::Reload()
 .text._ZN8Pinetime7Drivers7Hrs3300C2ERNS0_9TwiMasterEh
                0x000016e4        0x6 CMakeFiles/pinetime-recovery.dir/drivers/Hrs3300.cpp.obj
                0x000016e4                Pinetime::Drivers::Hrs3300::Hrs3300(Pinetime::Drivers::TwiMaster&, unsigned char)
                0x000016e4                Pinetime::Drivers::Hrs3300::Hrs3300(Pinetime::Drivers::TwiMaster&, unsigned char)
 .text._ZN8Pinetime7Drivers7Hrs330010ReadHrsAlsEv
                0x000016ea       0x54 CMakeFiles/pinetime-recovery.dir/drivers/Hrs3300.cpp.obj
                0x000016ea                Pinetime::Drivers::Hrs3300::ReadHrsAls()
 .text._ZN8Pinetime7Drivers7Hrs330013WriteRegisterEhh
                0x0000173e       0x1e CMakeFiles/pinetime-recovery.dir/drivers/Hrs3300.cpp.obj
                0x0000173e                Pinetime::Drivers::Hrs3300::WriteRegister(unsigned char, unsigned char)
 .text._ZN8Pinetime7Drivers7Hrs330012ReadRegisterEh
                0x0000175c       0x1e CMakeFiles/pinetime-recovery.dir/drivers/Hrs3300.cpp.obj
                0x0000175c                Pinetime::Drivers::Hrs3300::ReadRegister(unsigned char)
 .text._ZN8Pinetime7Drivers7Hrs33006EnableEv
                0x0000177a       0x26 CMakeFiles/pinetime-recovery.dir/drivers/Hrs3300.cpp.obj
                0x0000177a                Pinetime::Drivers::Hrs3300::Enable()
 .text._ZN8Pinetime7Drivers7Hrs33007DisableEv
                0x000017a0       0x24 CMakeFiles/pinetime-recovery.dir/drivers/Hrs3300.cpp.obj
                0x000017a0                Pinetime::Drivers::Hrs3300::Disable()
 .text._ZN8Pinetime7Drivers7Hrs33004InitEv
                0x000017c4       0x44 CMakeFiles/pinetime-recovery.dir/drivers/Hrs3300.cpp.obj
                0x000017c4                Pinetime::Drivers::Hrs3300::Init()
 .text._ZN12_GLOBAL__N_110user_delayEmPv
                0x00001808       0x14 CMakeFiles/pinetime-recovery.dir/drivers/Bma421.cpp.obj
 .text.nrf_delay_ms.part.0
                0x0000181c       0x1c CMakeFiles/pinetime-recovery.dir/drivers/Bma421.cpp.obj
 .text._ZN8Pinetime7Drivers6Bma421C2ERNS0_9TwiMasterEh
                0x00001838       0x38 CMakeFiles/pinetime-recovery.dir/drivers/Bma421.cpp.obj
                0x00001838                Pinetime::Drivers::Bma421::Bma421(Pinetime::Drivers::TwiMaster&, unsigned char)
                0x00001838                Pinetime::Drivers::Bma421::Bma421(Pinetime::Drivers::TwiMaster&, unsigned char)
 .text._ZN8Pinetime7Drivers6Bma4214ReadEhPhj
                0x00001870       0x16 CMakeFiles/pinetime-recovery.dir/drivers/Bma421.cpp.obj
                0x00001870                Pinetime::Drivers::Bma421::Read(unsigned char, unsigned char*, unsigned int)
 .text._ZN12_GLOBAL__N_113user_i2c_readEhPhmPv
                0x00001886       0x14 CMakeFiles/pinetime-recovery.dir/drivers/Bma421.cpp.obj
 .text._ZN8Pinetime7Drivers6Bma4215WriteEhPKhj
                0x0000189a       0x16 CMakeFiles/pinetime-recovery.dir/drivers/Bma421.cpp.obj
                0x0000189a                Pinetime::Drivers::Bma421::Write(unsigned char, unsigned char const*, unsigned int)
 .text._ZN12_GLOBAL__N_114user_i2c_writeEhPKhmPv
                0x000018b0       0x14 CMakeFiles/pinetime-recovery.dir/drivers/Bma421.cpp.obj
 .text._ZN8Pinetime7Drivers6Bma4217ProcessEv
                0x000018c4       0x84 CMakeFiles/pinetime-recovery.dir/drivers/Bma421.cpp.obj
                0x000018c4                Pinetime::Drivers::Bma421::Process()
 .text._ZN8Pinetime7Drivers6Bma42116ResetStepCounterEv
                0x00001948        0x6 CMakeFiles/pinetime-recovery.dir/drivers/Bma421.cpp.obj
                0x00001948                Pinetime::Drivers::Bma421::ResetStepCounter()
 .text._ZN8Pinetime7Drivers6Bma4219SoftResetEv
                0x0000194e       0x36 CMakeFiles/pinetime-recovery.dir/drivers/Bma421.cpp.obj
                0x0000194e                Pinetime::Drivers::Bma421::SoftReset()
 .text._ZN8Pinetime7Drivers6Bma4214InitEv
                0x00001984       0xa4 CMakeFiles/pinetime-recovery.dir/drivers/Bma421.cpp.obj
                0x00001984                Pinetime::Drivers::Bma421::Init()
 .text._ZNK8Pinetime7Drivers6Bma42110DeviceTypeEv
                0x00001a28        0x6 CMakeFiles/pinetime-recovery.dir/drivers/Bma421.cpp.obj
                0x00001a28                Pinetime::Drivers::Bma421::DeviceType() const
 .text.null_pointer_check
                0x00001a2e       0x1c CMakeFiles/pinetime-recovery.dir/drivers/Bma421_C/bma4.c.obj
 .text.write_regs
                0x00001a4a       0x4a CMakeFiles/pinetime-recovery.dir/drivers/Bma421_C/bma4.c.obj
 .text.read_regs
                0x00001a94       0x6e CMakeFiles/pinetime-recovery.dir/drivers/Bma421_C/bma4.c.obj
 .text.increment_feature_config_addr
                0x00001b02       0x84 CMakeFiles/pinetime-recovery.dir/drivers/Bma421_C/bma4.c.obj
 .text.set_feature_config_start_addr
                0x00001b86       0x2e CMakeFiles/pinetime-recovery.dir/drivers/Bma421_C/bma4.c.obj
 .text.bma4_get_advance_power_save
                0x00001bb4       0x38 CMakeFiles/pinetime-recovery.dir/drivers/Bma421_C/bma4.c.obj
                0x00001bb4                bma4_get_advance_power_save
 .text.bma4_read_regs
                0x00001bec      0x114 CMakeFiles/pinetime-recovery.dir/drivers/Bma421_C/bma4.c.obj
                0x00001bec                bma4_read_regs
 .text.bma4_set_advance_power_save
                0x00001d00       0x4a CMakeFiles/pinetime-recovery.dir/drivers/Bma421_C/bma4.c.obj
                0x00001d00                bma4_set_advance_power_save
 .text.bma4_write_regs
                0x00001d4a      0x118 CMakeFiles/pinetime-recovery.dir/drivers/Bma421_C/bma4.c.obj
                0x00001d4a                bma4_write_regs
 .text.bma4_set_accel_config
                0x00001e62       0x7a CMakeFiles/pinetime-recovery.dir/drivers/Bma421_C/bma4.c.obj
                0x00001e62                bma4_set_accel_config
 .text.bma4_init
                0x00001edc       0x4e CMakeFiles/pinetime-recovery.dir/drivers/Bma421_C/bma4.c.obj
                0x00001edc                bma4_init
 .text.bma4_read_accel_xyz
                0x00001f2a       0x94 CMakeFiles/pinetime-recovery.dir/drivers/Bma421_C/bma4.c.obj
                0x00001f2a                bma4_read_accel_xyz
 *fill*         0x00001fbe        0x2 
 .text.bma4_write_config_file
                0x00001fc0      0x154 CMakeFiles/pinetime-recovery.dir/drivers/Bma421_C/bma4.c.obj
                0x00001fc0                bma4_write_config_file
 .text.bma4_set_accel_enable
                0x00002114       0x4a CMakeFiles/pinetime-recovery.dir/drivers/Bma421_C/bma4.c.obj
                0x00002114                bma4_set_accel_enable
 .text.bma4_set_interrupt_mode
                0x0000215e       0x30 CMakeFiles/pinetime-recovery.dir/drivers/Bma421_C/bma4.c.obj
                0x0000215e                bma4_set_interrupt_mode
 .text.bma4_soft_reset
                0x0000218e       0x24 CMakeFiles/pinetime-recovery.dir/drivers/Bma421_C/bma4.c.obj
                0x0000218e                bma4_soft_reset
 .text.bma423_init
                0x000021b2       0x2a CMakeFiles/pinetime-recovery.dir/drivers/Bma421_C/bma423.c.obj
                0x000021b2                bma423_init
 .text.bma423_write_config_file
                0x000021dc       0x48 CMakeFiles/pinetime-recovery.dir/drivers/Bma421_C/bma423.c.obj
                0x000021dc                bma423_write_config_file
 .text.bma423_feature_enable
                0x00002224       0xf0 CMakeFiles/pinetime-recovery.dir/drivers/Bma421_C/bma423.c.obj
                0x00002224                bma423_feature_enable
 .text.bma423_step_detector_enable
                0x00002314       0x5c CMakeFiles/pinetime-recovery.dir/drivers/Bma421_C/bma423.c.obj
                0x00002314                bma423_step_detector_enable
 .text.bma423_reset_step_counter
                0x00002370       0x52 CMakeFiles/pinetime-recovery.dir/drivers/Bma421_C/bma423.c.obj
                0x00002370                bma423_reset_step_counter
 .text.bma423_step_counter_output
                0x000023c2       0x38 CMakeFiles/pinetime-recovery.dir/drivers/Bma421_C/bma423.c.obj
                0x000023c2                bma423_step_counter_output
 *fill*         0x000023fa        0x2 
 .text._ZN8Pinetime11Controllers7BatteryC2Ev
                0x000023fc       0x20 CMakeFiles/pinetime-recovery.dir/components/battery/BatteryController.cpp.obj
                0x000023fc                Pinetime::Controllers::Battery::Battery()
                0x000023fc                Pinetime::Controllers::Battery::Battery()
 .text._ZN8Pinetime11Controllers7Battery14ReadPowerStateEv
                0x0000241c       0x32 CMakeFiles/pinetime-recovery.dir/components/battery/BatteryController.cpp.obj
                0x0000241c                Pinetime::Controllers::Battery::ReadPowerState()
 *fill*         0x0000244e        0x2 
 .text._ZN8Pinetime11Controllers7Battery9SaadcInitEv
                0x00002450       0x54 CMakeFiles/pinetime-recovery.dir/components/battery/BatteryController.cpp.obj
                0x00002450                Pinetime::Controllers::Battery::SaadcInit()
 .text._ZN8Pinetime11Controllers7Battery14MeasureVoltageEv
                0x000024a4       0x1c CMakeFiles/pinetime-recovery.dir/components/battery/BatteryController.cpp.obj
                0x000024a4                Pinetime::Controllers::Battery::MeasureVoltage()
 .text._ZN8Pinetime11Controllers7Battery17SaadcEventHandlerEPK16nrfx_saadc_evt_t
                0x000024c0      0x114 CMakeFiles/pinetime-recovery.dir/components/battery/BatteryController.cpp.obj
                0x000024c0                Pinetime::Controllers::Battery::SaadcEventHandler(nrfx_saadc_evt_t const*)
 .text._ZN8Pinetime11Controllers7Battery17AdcCallbackStaticEPK16nrfx_saadc_evt_t
                0x000025d4       0x10 CMakeFiles/pinetime-recovery.dir/components/battery/BatteryController.cpp.obj
                0x000025d4                Pinetime::Controllers::Battery::AdcCallbackStatic(nrfx_saadc_evt_t const*)
 .text._ZN8Pinetime11Controllers7Battery8RegisterEPNS_6System10SystemTaskE
                0x000025e4        0x4 CMakeFiles/pinetime-recovery.dir/components/battery/BatteryController.cpp.obj
                0x000025e4                Pinetime::Controllers::Battery::Register(Pinetime::System::SystemTask*)
 .text._ZNK8Pinetime11Controllers3Ble11IsConnectedEv
                0x000025e8        0x4 CMakeFiles/pinetime-recovery.dir/components/ble/BleController.cpp.obj
                0x000025e8                Pinetime::Controllers::Ble::IsConnected() const
 .text._ZN8Pinetime11Controllers3Ble7ConnectEv
                0x000025ec        0x6 CMakeFiles/pinetime-recovery.dir/components/ble/BleController.cpp.obj
                0x000025ec                Pinetime::Controllers::Ble::Connect()
 .text._ZN8Pinetime11Controllers3Ble10DisconnectEv
                0x000025f2        0x6 CMakeFiles/pinetime-recovery.dir/components/ble/BleController.cpp.obj
                0x000025f2                Pinetime::Controllers::Ble::Disconnect()
 .text._ZNK8Pinetime11Controllers3Ble14IsRadioEnabledEv
                0x000025f8        0x4 CMakeFiles/pinetime-recovery.dir/components/ble/BleController.cpp.obj
                0x000025f8                Pinetime::Controllers::Ble::IsRadioEnabled() const
 .text._ZN8Pinetime11Controllers3Ble11EnableRadioEv
                0x000025fc        0x6 CMakeFiles/pinetime-recovery.dir/components/ble/BleController.cpp.obj
                0x000025fc                Pinetime::Controllers::Ble::EnableRadio()
 .text._ZN8Pinetime11Controllers3Ble12DisableRadioEv
                0x00002602        0x6 CMakeFiles/pinetime-recovery.dir/components/ble/BleController.cpp.obj
                0x00002602                Pinetime::Controllers::Ble::DisableRadio()
 .text._ZN8Pinetime11Controllers3Ble19StartFirmwareUpdateEv
                0x00002608        0x6 CMakeFiles/pinetime-recovery.dir/components/ble/BleController.cpp.obj
                0x00002608                Pinetime::Controllers::Ble::StartFirmwareUpdate()
 .text._ZN8Pinetime11Controllers3Ble18StopFirmwareUpdateEv
                0x0000260e        0x6 CMakeFiles/pinetime-recovery.dir/components/ble/BleController.cpp.obj
                0x0000260e                Pinetime::Controllers::Ble::StopFirmwareUpdate()
 .text._ZN8Pinetime11Controllers3Ble24FirmwareUpdateTotalBytesEm
                0x00002614        0x4 CMakeFiles/pinetime-recovery.dir/components/ble/BleController.cpp.obj
                0x00002614                Pinetime::Controllers::Ble::FirmwareUpdateTotalBytes(unsigned long)
 .text._ZN8Pinetime11Controllers3Ble26FirmwareUpdateCurrentBytesEm
                0x00002618        0x4 CMakeFiles/pinetime-recovery.dir/components/ble/BleController.cpp.obj
                0x00002618                Pinetime::Controllers::Ble::FirmwareUpdateCurrentBytes(unsigned long)
 .text._ZN8Pinetime11Controllers19NotificationManager4PushEONS1_12NotificationE
                0x0000261c       0x4e CMakeFiles/pinetime-recovery.dir/components/ble/NotificationManager.cpp.obj
                0x0000261c                Pinetime::Controllers::NotificationManager::Push(Pinetime::Controllers::NotificationManager::Notification&&)
 .text._ZN8Pinetime11Controllers8DateTime11SetTimeZoneEaa
                0x0000266a        0xa CMakeFiles/pinetime-recovery.dir/components/datetime/DateTimeController.cpp.obj
                0x0000266a                Pinetime::Controllers::DateTime::SetTimeZone(signed char, signed char)
 *fill*         0x00002674        0x4 
 .text._ZN8Pinetime11Controllers8DateTime10UpdateTimeEmb
                0x00002678       0xe4 CMakeFiles/pinetime-recovery.dir/components/datetime/DateTimeController.cpp.obj
                0x00002678                Pinetime::Controllers::DateTime::UpdateTime(unsigned long, bool)
 .text._ZN8Pinetime11Controllers8DateTime14SetCurrentTimeENSt6chrono10time_pointINS2_3_V212system_clockENS2_8durationIxSt5ratioILx1ELx1000000000EEEEEE
                0x0000275c       0x30 CMakeFiles/pinetime-recovery.dir/components/datetime/DateTimeController.cpp.obj
                0x0000275c                Pinetime::Controllers::DateTime::SetCurrentTime(std::chrono::time_point<std::chrono::_V2::system_clock, std::chrono::duration<long long, std::ratio<1ll, 1000000000ll> > >)
 .text._ZN8Pinetime11Controllers8DateTime7SetTimeEthhhhh
                0x0000278c       0x74 CMakeFiles/pinetime-recovery.dir/components/datetime/DateTimeController.cpp.obj
                0x0000278c                Pinetime::Controllers::DateTime::SetTime(unsigned short, unsigned char, unsigned char, unsigned char, unsigned char, unsigned char)
 .text._ZN8Pinetime11Controllers8DateTimeC2ERNS0_8SettingsE
                0x00002800       0x56 CMakeFiles/pinetime-recovery.dir/components/datetime/DateTimeController.cpp.obj
                0x00002800                Pinetime::Controllers::DateTime::DateTime(Pinetime::Controllers::Settings&)
                0x00002800                Pinetime::Controllers::DateTime::DateTime(Pinetime::Controllers::Settings&)
 *fill*         0x00002856        0x2 
 .text._ZN8Pinetime11Controllers8DateTime15CurrentDateTimeEv
                0x00002858       0x3c CMakeFiles/pinetime-recovery.dir/components/datetime/DateTimeController.cpp.obj
                0x00002858                Pinetime::Controllers::DateTime::CurrentDateTime()
 .text._ZN8Pinetime11Controllers8DateTime8RegisterEPNS_6System10SystemTaskE
                0x00002894        0x4 CMakeFiles/pinetime-recovery.dir/components/datetime/DateTimeController.cpp.obj
                0x00002894                Pinetime::Controllers::DateTime::Register(Pinetime::System::SystemTask*)
 .text._ZN12_GLOBAL__N_113DegreesRolledEssss
                0x00002898       0x84 CMakeFiles/pinetime-recovery.dir/components/motion/MotionController.cpp.obj
 .text._ZNK8Pinetime11Controllers16MotionController13GetAccelStatsEv
                0x0000291c      0x14e CMakeFiles/pinetime-recovery.dir/components/motion/MotionController.cpp.obj
                0x0000291c                Pinetime::Controllers::MotionController::GetAccelStats() const
 .text._ZNK8Pinetime11Controllers16MotionController15ShouldRaiseWakeEv
                0x00002a6a       0x52 CMakeFiles/pinetime-recovery.dir/components/motion/MotionController.cpp.obj
                0x00002a6a                Pinetime::Controllers::MotionController::ShouldRaiseWake() const
 .text._ZNK8Pinetime11Controllers16MotionController16ShouldLowerSleepEv
                0x00002abc       0x86 CMakeFiles/pinetime-recovery.dir/components/motion/MotionController.cpp.obj
                0x00002abc                Pinetime::Controllers::MotionController::ShouldLowerSleep() const
 .text._ZN8Pinetime11Controllers16MotionController4InitENS_7Drivers6Bma42111DeviceTypesE
                0x00002b42       0x10 CMakeFiles/pinetime-recovery.dir/components/motion/MotionController.cpp.obj
                0x00002b42                Pinetime::Controllers::MotionController::Init(Pinetime::Drivers::Bma421::DeviceTypes)
 .text._ZN8Pinetime11Controllers16MotionController21SendToMovementTrackerEsssm
                0x00002b52       0x26 CMakeFiles/pinetime-recovery.dir/components/motion/MotionController.cpp.obj
                0x00002b52                Pinetime::Controllers::MotionController::SendToMovementTracker(short, short, short, unsigned long)
 .text._ZN8Pinetime11Controllers16MotionController6UpdateEsssm
                0x00002b78      0x156 CMakeFiles/pinetime-recovery.dir/components/motion/MotionController.cpp.obj
                0x00002b78                Pinetime::Controllers::MotionController::Update(short, short, short, unsigned long)
 *fill*         0x00002cce        0x2 
 .text._ZN17ButterworthFilterC2Eff
                0x00002cd0       0x8c CMakeFiles/pinetime-recovery.dir/components/motion/MovementAnalyzer.cpp.obj
                0x00002cd0                ButterworthFilter::ButterworthFilter(float, float)
                0x00002cd0                ButterworthFilter::ButterworthFilter(float, float)
 .text._ZN17ButterworthFilter5applyEf
                0x00002d5c       0x84 CMakeFiles/pinetime-recovery.dir/components/motion/MovementAnalyzer.cpp.obj
                0x00002d5c                ButterworthFilter::apply(float)
 .text._ZN26MagnitudeActiveTimeCounterC2Ev
                0x00002de0       0x24 CMakeFiles/pinetime-recovery.dir/components/motion/MovementAnalyzer.cpp.obj
                0x00002de0                MagnitudeActiveTimeCounter::MagnitudeActiveTimeCounter()
                0x00002de0                MagnitudeActiveTimeCounter::MagnitudeActiveTimeCounter()
 .text._ZN26MagnitudeActiveTimeCounter6updateERKSt5arrayIfLj3EEm
                0x00002e04       0x98 CMakeFiles/pinetime-recovery.dir/components/motion/MovementAnalyzer.cpp.obj
                0x00002e04                MagnitudeActiveTimeCounter::update(std::array<float, 3u> const&, unsigned long)
 .text._ZN26MagnitudeActiveTimeCounter5resetEv
                0x00002e9c       0x1e CMakeFiles/pinetime-recovery.dir/components/motion/MovementAnalyzer.cpp.obj
                0x00002e9c                MagnitudeActiveTimeCounter::reset()
 .text._ZN17ActiveTimeCounterC2Ev
                0x00002eba       0x52 CMakeFiles/pinetime-recovery.dir/components/motion/MovementAnalyzer.cpp.obj
                0x00002eba                ActiveTimeCounter::ActiveTimeCounter()
                0x00002eba                ActiveTimeCounter::ActiveTimeCounter()
 .text._ZN17ActiveTimeCounter6updateERKSt5arrayIfLj3EEm
                0x00002f0c       0xf0 CMakeFiles/pinetime-recovery.dir/components/motion/MovementAnalyzer.cpp.obj
                0x00002f0c                ActiveTimeCounter::update(std::array<float, 3u> const&, unsigned long)
 .text._ZN17ActiveTimeCounter5resetEv
                0x00002ffc       0x36 CMakeFiles/pinetime-recovery.dir/components/motion/MovementAnalyzer.cpp.obj
                0x00002ffc                ActiveTimeCounter::reset()
 *fill*         0x00003032        0x2 
 .text._ZN16MovementDetectorC2Ev
                0x00003034       0x5c CMakeFiles/pinetime-recovery.dir/components/motion/MovementAnalyzer.cpp.obj
                0x00003034                MovementDetector::MovementDetector()
                0x00003034                MovementDetector::MovementDetector()
 .text._ZN16MovementDetector6detectERKSt5arrayIfLj3EEm
                0x00003090       0xd0 CMakeFiles/pinetime-recovery.dir/components/motion/MovementAnalyzer.cpp.obj
                0x00003090                MovementDetector::detect(std::array<float, 3u> const&, unsigned long)
 .text._ZN16MovementDetector5resetEv
                0x00003160       0x3c CMakeFiles/pinetime-recovery.dir/components/motion/MovementAnalyzer.cpp.obj
                0x00003160                MovementDetector::reset()
 .text._ZN16MovementAnalyzerC2Ev
                0x0000319c       0x1c CMakeFiles/pinetime-recovery.dir/components/motion/MovementAnalyzer.cpp.obj
                0x0000319c                MovementAnalyzer::MovementAnalyzer()
                0x0000319c                MovementAnalyzer::MovementAnalyzer()
 .text._ZN16MovementAnalyzer7analyzeERKSt5arrayIfLj3EEm
                0x000031b8       0x42 CMakeFiles/pinetime-recovery.dir/components/motion/MovementAnalyzer.cpp.obj
                0x000031b8                MovementAnalyzer::analyze(std::array<float, 3u> const&, unsigned long)
 .text._ZN16MovementAnalyzer5resetEv
                0x000031fa       0x1a CMakeFiles/pinetime-recovery.dir/components/motion/MovementAnalyzer.cpp.obj
                0x000031fa                MovementAnalyzer::reset()
 .text._ZNK12MovementData9serializeEv
                0x00003214       0x6c CMakeFiles/pinetime-recovery.dir/components/motion/MovementBLEService.cpp.obj
                0x00003214                MovementData::serialize() const
 .text._ZN18MovementBLEServiceC2ERN8Pinetime11Controllers16NimbleControllerE
                0x00003280       0x64 CMakeFiles/pinetime-recovery.dir/components/motion/MovementBLEService.cpp.obj
                0x00003280                MovementBLEService::MovementBLEService(Pinetime::Controllers::NimbleController&)
                0x00003280                MovementBLEService::MovementBLEService(Pinetime::Controllers::NimbleController&)
 .text._ZN18MovementBLEService4InitEv
                0x000032e4       0x1a CMakeFiles/pinetime-recovery.dir/components/motion/MovementBLEService.cpp.obj
                0x000032e4                MovementBLEService::Init()
 .text._ZN18MovementBLEService22OnCharacteristicAccessEtP20ble_gatt_access_ctxt
                0x000032fe       0x30 CMakeFiles/pinetime-recovery.dir/components/motion/MovementBLEService.cpp.obj
                0x000032fe                MovementBLEService::OnCharacteristicAccess(unsigned short, ble_gatt_access_ctxt*)
 .text._ZL23MovementServiceCallbackttP20ble_gatt_access_ctxtPv
                0x0000332e        0x6 CMakeFiles/pinetime-recovery.dir/components/motion/MovementBLEService.cpp.obj
 .text._ZN18MovementBLEService16sendMovementDataERK12MovementData
                0x00003334       0x6c CMakeFiles/pinetime-recovery.dir/components/motion/MovementBLEService.cpp.obj
                0x00003334                MovementBLEService::sendMovementData(MovementData const&)
 .text._ZN18MovementBLEService21SubscribeNotificationEt
                0x000033a0       0x18 CMakeFiles/pinetime-recovery.dir/components/motion/MovementBLEService.cpp.obj
                0x000033a0                MovementBLEService::SubscribeNotification(unsigned short)
 .text._ZN18MovementBLEService23UnsubscribeNotificationEt
                0x000033b8       0x18 CMakeFiles/pinetime-recovery.dir/components/motion/MovementBLEService.cpp.obj
                0x000033b8                MovementBLEService::UnsubscribeNotification(unsigned short)
 .text._ZN15MovementService11getInstanceEv
                0x000033d0       0x58 CMakeFiles/pinetime-recovery.dir/components/motion/MovementBLEService.cpp.obj
                0x000033d0                MovementService::getInstance()
 .text._ZN15MovementService4initER18MovementBLEService
                0x00003428        0x8 CMakeFiles/pinetime-recovery.dir/components/motion/MovementBLEService.cpp.obj
                0x00003428                MovementService::init(MovementBLEService&)
 .text._ZN15MovementService19updateAccelerometerERKSt5arrayIfLj3EEm
                0x00003430       0xdc CMakeFiles/pinetime-recovery.dir/components/motion/MovementBLEService.cpp.obj
                0x00003430                MovementService::updateAccelerometer(std::array<float, 3u> const&, unsigned long)
 .text._ZN8Pinetime11Controllers15MovementTracker11getInstanceEv
                0x0000350c        0x8 CMakeFiles/pinetime-recovery.dir/components/motion/MovementTrackerIntegration.cpp.obj
                0x0000350c                Pinetime::Controllers::MovementTracker::getInstance()
 .text._ZN8Pinetime11Controllers15MovementTracker19handleMotionDataRawEsssm
                0x00003514       0x50 CMakeFiles/pinetime-recovery.dir/components/motion/MovementTrackerIntegration.cpp.obj
                0x00003514                Pinetime::Controllers::MovementTracker::handleMotionDataRaw(short, short, short, unsigned long)
 .text._ZN8Pinetime6System21MovementSystemService11getInstanceEv
                0x00003564        0x8 CMakeFiles/pinetime-recovery.dir/components/motion/MovementTrackerIntegration.cpp.obj
                0x00003564                Pinetime::System::MovementSystemService::getInstance()
 .text._ZN8Pinetime6System21MovementSystemService4initEv
                0x0000356c        0x2 CMakeFiles/pinetime-recovery.dir/components/motion/MovementTrackerIntegration.cpp.obj
                0x0000356c                Pinetime::System::MovementSystemService::init()
 .text._Z15nimble_on_reseti
                0x0000356e        0x2 CMakeFiles/pinetime-recovery.dir/components/ble/NimbleController.cpp.obj
                0x0000356e                nimble_on_reset(int)
 .text._ZN8Pinetime11Controllers16NimbleControllerC2ERNS_6System10SystemTaskERNS0_3BleERNS0_8DateTimeERNS0_19NotificationManagerERNS0_7BatteryERNS_7Drivers11SpiNorFlashERNS0_19HeartRateControllerERNS0_16MotionControllerERNS0_2FSE
                0x00003570       0xea CMakeFiles/pinetime-recovery.dir/components/ble/NimbleController.cpp.obj
                0x00003570                Pinetime::Controllers::NimbleController::NimbleController(Pinetime::System::SystemTask&, Pinetime::Controllers::Ble&, Pinetime::Controllers::DateTime&, Pinetime::Controllers::NotificationManager&, Pinetime::Controllers::Battery&, Pinetime::Drivers::SpiNorFlash&, Pinetime::Controllers::HeartRateController&, Pinetime::Controllers::MotionController&, Pinetime::Controllers::FS&)
                0x00003570                Pinetime::Controllers::NimbleController::NimbleController(Pinetime::System::SystemTask&, Pinetime::Controllers::Ble&, Pinetime::Controllers::DateTime&, Pinetime::Controllers::NotificationManager&, Pinetime::Controllers::Battery&, Pinetime::Drivers::SpiNorFlash&, Pinetime::Controllers::HeartRateController&, Pinetime::Controllers::MotionController&, Pinetime::Controllers::FS&)
 *fill*         0x0000365a        0x2 
 .text._ZN8Pinetime11Controllers16NimbleController16StartAdvertisingEv
                0x0000365c       0xdc CMakeFiles/pinetime-recovery.dir/components/ble/NimbleController.cpp.obj
                0x0000365c                Pinetime::Controllers::NimbleController::StartAdvertising()
 .text._Z14nimble_on_syncv
                0x00003738       0x18 CMakeFiles/pinetime-recovery.dir/components/ble/NimbleController.cpp.obj
                0x00003738                nimble_on_sync()
 .text._ZN8Pinetime11Controllers16NimbleController14StartDiscoveryEv
                0x00003750       0x16 CMakeFiles/pinetime-recovery.dir/components/ble/NimbleController.cpp.obj
                0x00003750                Pinetime::Controllers::NimbleController::StartDiscovery()
 .text._ZN8Pinetime11Controllers16NimbleController10connHandleEv
                0x00003766        0x6 CMakeFiles/pinetime-recovery.dir/components/ble/NimbleController.cpp.obj
                0x00003766                Pinetime::Controllers::NimbleController::connHandle()
 .text._ZN8Pinetime11Controllers16NimbleController18NotifyBatteryLevelEh
                0x0000376c       0x18 CMakeFiles/pinetime-recovery.dir/components/ble/NimbleController.cpp.obj
                0x0000376c                Pinetime::Controllers::NimbleController::NotifyBatteryLevel(unsigned char)
 .text._ZN8Pinetime11Controllers16NimbleController11EnableRadioEv
                0x00003784       0x20 CMakeFiles/pinetime-recovery.dir/components/ble/NimbleController.cpp.obj
                0x00003784                Pinetime::Controllers::NimbleController::EnableRadio()
 .text._ZN8Pinetime11Controllers16NimbleController12DisableRadioEv
                0x000037a4       0x2e CMakeFiles/pinetime-recovery.dir/components/ble/NimbleController.cpp.obj
                0x000037a4                Pinetime::Controllers::NimbleController::DisableRadio()
 *fill*         0x000037d2        0x2 
 .text._ZN8Pinetime11Controllers16NimbleController11PersistBondER17ble_gap_conn_desc
                0x000037d4      0x160 CMakeFiles/pinetime-recovery.dir/components/ble/NimbleController.cpp.obj
                0x000037d4                Pinetime::Controllers::NimbleController::PersistBond(ble_gap_conn_desc&)
 .text._ZN8Pinetime11Controllers16NimbleController10OnGAPEventEP13ble_gap_event
                0x00003934      0x190 CMakeFiles/pinetime-recovery.dir/components/ble/NimbleController.cpp.obj
                0x00003934                Pinetime::Controllers::NimbleController::OnGAPEvent(ble_gap_event*)
 .text._Z16GAPEventCallbackP13ble_gap_eventPv
                0x00003ac4        0xa CMakeFiles/pinetime-recovery.dir/components/ble/NimbleController.cpp.obj
                0x00003ac4                GAPEventCallback(ble_gap_event*, void*)
 *fill*         0x00003ace        0x2 
 .text._ZN8Pinetime11Controllers16NimbleController11RestoreBondEv
                0x00003ad0       0x98 CMakeFiles/pinetime-recovery.dir/components/ble/NimbleController.cpp.obj
                0x00003ad0                Pinetime::Controllers::NimbleController::RestoreBond()
 .text._ZN8Pinetime11Controllers16NimbleController4InitEv
                0x00003b68      0x134 CMakeFiles/pinetime-recovery.dir/components/ble/NimbleController.cpp.obj
                0x00003b68                Pinetime::Controllers::NimbleController::Init()
 .text._ZN8Pinetime11Controllers24DeviceInformationService4InitEv
                0x00003c9c       0x16 CMakeFiles/pinetime-recovery.dir/components/ble/DeviceInformationService.cpp.obj
                0x00003c9c                Pinetime::Controllers::DeviceInformationService::Init()
 *fill*         0x00003cb2        0x2 
 .text._ZN8Pinetime11Controllers24DeviceInformationService21OnDeviceInfoRequestedEP20ble_gatt_access_ctxt
                0x00003cb4       0x40 CMakeFiles/pinetime-recovery.dir/components/ble/DeviceInformationService.cpp.obj
                0x00003cb4                Pinetime::Controllers::DeviceInformationService::OnDeviceInfoRequested(ble_gatt_access_ctxt*)
 .text._Z25DeviceInformationCallbackttP20ble_gatt_access_ctxtPv
                0x00003cf4        0x8 CMakeFiles/pinetime-recovery.dir/components/ble/DeviceInformationService.cpp.obj
                0x00003cf4                DeviceInformationCallback(unsigned short, unsigned short, ble_gatt_access_ctxt*, void*)
 .text._ZN8Pinetime11Controllers24DeviceInformationServiceC2Ev
                0x00003cfc       0x98 CMakeFiles/pinetime-recovery.dir/components/ble/DeviceInformationService.cpp.obj
                0x00003cfc                Pinetime::Controllers::DeviceInformationService::DeviceInformationService()
                0x00003cfc                Pinetime::Controllers::DeviceInformationService::DeviceInformationService()
 .text._ZN8Pinetime11Controllers17CurrentTimeClient8DiscoverEtSt8functionIFvtEE
                0x00003d94       0x7c CMakeFiles/pinetime-recovery.dir/components/ble/CurrentTimeClient.cpp.obj
                0x00003d94                Pinetime::Controllers::CurrentTimeClient::Discover(unsigned short, std::function<void (unsigned short)>)
 .text._ZN8Pinetime11Controllers17CurrentTimeClientC2ERNS0_8DateTimeE
                0x00003e10       0x1c CMakeFiles/pinetime-recovery.dir/components/ble/CurrentTimeClient.cpp.obj
                0x00003e10                Pinetime::Controllers::CurrentTimeClient::CurrentTimeClient(Pinetime::Controllers::DateTime&)
                0x00003e10                Pinetime::Controllers::CurrentTimeClient::CurrentTimeClient(Pinetime::Controllers::DateTime&)
 .text._ZN8Pinetime11Controllers17CurrentTimeClient4InitEv
                0x00003e2c        0x2 CMakeFiles/pinetime-recovery.dir/components/ble/CurrentTimeClient.cpp.obj
                0x00003e2c                Pinetime::Controllers::CurrentTimeClient::Init()
 .text._ZN8Pinetime11Controllers17CurrentTimeClient5ResetEv
                0x00003e2e        0x8 CMakeFiles/pinetime-recovery.dir/components/ble/CurrentTimeClient.cpp.obj
                0x00003e2e                Pinetime::Controllers::CurrentTimeClient::Reset()
 .text._ZNKSt8functionIFvtEEclEt
                0x00003e36       0x1c CMakeFiles/pinetime-recovery.dir/components/ble/CurrentTimeClient.cpp.obj
                0x00003e36                std::function<void (unsigned short)>::operator()(unsigned short) const
 *fill*         0x00003e52        0x2 
 .text._ZN8Pinetime11Controllers17CurrentTimeClient16OnDiscoveryEventEtPK14ble_gatt_errorPK12ble_gatt_svc
                0x00003e54       0x54 CMakeFiles/pinetime-recovery.dir/components/ble/CurrentTimeClient.cpp.obj
                0x00003e54                Pinetime::Controllers::CurrentTimeClient::OnDiscoveryEvent(unsigned short, ble_gatt_error const*, ble_gatt_svc const*)
 .text._ZN12_GLOBAL__N_124OnDiscoveryEventCallbackEtPK14ble_gatt_errorPK12ble_gatt_svcPv
                0x00003ea8       0x12 CMakeFiles/pinetime-recovery.dir/components/ble/CurrentTimeClient.cpp.obj
 *fill*         0x00003eba        0x2 
 .text._ZN8Pinetime11Controllers17CurrentTimeClient30OnCharacteristicDiscoveryEventEtPK14ble_gatt_errorPK12ble_gatt_chr
                0x00003ebc       0x4c CMakeFiles/pinetime-recovery.dir/components/ble/CurrentTimeClient.cpp.obj
                0x00003ebc                Pinetime::Controllers::CurrentTimeClient::OnCharacteristicDiscoveryEvent(unsigned short, ble_gatt_error const*, ble_gatt_chr const*)
 .text._ZN12_GLOBAL__N_145OnCurrentTimeCharacteristicDiscoveredCallbackEtPK14ble_gatt_errorPK12ble_gatt_chrPv
                0x00003f08       0x14 CMakeFiles/pinetime-recovery.dir/components/ble/CurrentTimeClient.cpp.obj
 .text._ZN8Pinetime11Controllers17CurrentTimeClient23OnCurrentTimeReadResultEtPK14ble_gatt_errorPK13ble_gatt_attr
                0x00003f1c       0x4c CMakeFiles/pinetime-recovery.dir/components/ble/CurrentTimeClient.cpp.obj
                0x00003f1c                Pinetime::Controllers::CurrentTimeClient::OnCurrentTimeReadResult(unsigned short, ble_gatt_error const*, ble_gatt_attr const*)
 .text._ZN12_GLOBAL__N_123CurrentTimeReadCallbackEtPK14ble_gatt_errorP13ble_gatt_attrPv
                0x00003f68       0x14 CMakeFiles/pinetime-recovery.dir/components/ble/CurrentTimeClient.cpp.obj
 .text._ZN8Pinetime11Controllers23AlertNotificationClient8DiscoverEtSt8functionIFvtEE
                0x00003f7c       0x7c CMakeFiles/pinetime-recovery.dir/components/ble/AlertNotificationClient.cpp.obj
                0x00003f7c                Pinetime::Controllers::AlertNotificationClient::Discover(unsigned short, std::function<void (unsigned short)>)
 .text._ZN8Pinetime11Controllers23AlertNotificationClientC2ERNS_6System10SystemTaskERNS0_19NotificationManagerE
                0x00003ff8       0x28 CMakeFiles/pinetime-recovery.dir/components/ble/AlertNotificationClient.cpp.obj
                0x00003ff8                Pinetime::Controllers::AlertNotificationClient::AlertNotificationClient(Pinetime::System::SystemTask&, Pinetime::Controllers::NotificationManager&)
                0x00003ff8                Pinetime::Controllers::AlertNotificationClient::AlertNotificationClient(Pinetime::System::SystemTask&, Pinetime::Controllers::NotificationManager&)
 .text._ZN8Pinetime11Controllers23AlertNotificationClient14OnNotificationEP13ble_gap_event
                0x00004020       0x70 CMakeFiles/pinetime-recovery.dir/components/ble/AlertNotificationClient.cpp.obj
                0x00004020                Pinetime::Controllers::AlertNotificationClient::OnNotification(ble_gap_event*)
 .text._ZN8Pinetime11Controllers23AlertNotificationClient5ResetEv
                0x00004090       0x12 CMakeFiles/pinetime-recovery.dir/components/ble/AlertNotificationClient.cpp.obj
                0x00004090                Pinetime::Controllers::AlertNotificationClient::Reset()
 *fill*         0x000040a2        0x2 
 .text._ZN8Pinetime11Controllers23AlertNotificationClient16OnDiscoveryEventEtPK14ble_gatt_errorPK12ble_gatt_svc
                0x000040a4       0x54 CMakeFiles/pinetime-recovery.dir/components/ble/AlertNotificationClient.cpp.obj
                0x000040a4                Pinetime::Controllers::AlertNotificationClient::OnDiscoveryEvent(unsigned short, ble_gatt_error const*, ble_gatt_svc const*)
 .text._ZN12_GLOBAL__N_124OnDiscoveryEventCallbackEtPK14ble_gatt_errorPK12ble_gatt_svcPv
                0x000040f8       0x12 CMakeFiles/pinetime-recovery.dir/components/ble/AlertNotificationClient.cpp.obj
 *fill*         0x0000410a        0x2 
 .text._ZN8Pinetime11Controllers23AlertNotificationClient31OnCharacteristicsDiscoveryEventEtPK14ble_gatt_errorPK12ble_gatt_chr
                0x0000410c       0xbc CMakeFiles/pinetime-recovery.dir/components/ble/AlertNotificationClient.cpp.obj
                0x0000410c                Pinetime::Controllers::AlertNotificationClient::OnCharacteristicsDiscoveryEvent(unsigned short, ble_gatt_error const*, ble_gatt_chr const*)
 .text._ZN12_GLOBAL__N_151OnAlertNotificationCharacteristicDiscoveredCallbackEtPK14ble_gatt_errorPK12ble_gatt_chrPv
                0x000041c8       0x14 CMakeFiles/pinetime-recovery.dir/components/ble/AlertNotificationClient.cpp.obj
 .text._ZN12_GLOBAL__N_124NewAlertSubcribeCallbackEtPK14ble_gatt_errorP13ble_gatt_attrPv
                0x000041dc       0x10 CMakeFiles/pinetime-recovery.dir/components/ble/AlertNotificationClient.cpp.obj
 .text._ZN8Pinetime11Controllers23AlertNotificationClient34OnDescriptorDiscoveryEventCallbackEtPK14ble_gatt_errortPK12ble_gatt_dsc
                0x000041ec       0x5c CMakeFiles/pinetime-recovery.dir/components/ble/AlertNotificationClient.cpp.obj
                0x000041ec                Pinetime::Controllers::AlertNotificationClient::OnDescriptorDiscoveryEventCallback(unsigned short, ble_gatt_error const*, unsigned short, ble_gatt_dsc const*)
 .text._ZN12_GLOBAL__N_151OnAlertNotificationDescriptorDiscoveryEventCallbackEtPK14ble_gatt_errortPK12ble_gatt_dscPv
                0x00004248       0x16 CMakeFiles/pinetime-recovery.dir/components/ble/AlertNotificationClient.cpp.obj
 .text._ZN8Pinetime11Controllers10DfuService4InitEv
                0x0000425e       0x16 CMakeFiles/pinetime-recovery.dir/components/ble/DfuService.cpp.obj
                0x0000425e                Pinetime::Controllers::DfuService::Init()
 .text._ZNK8Pinetime11Controllers10DfuService15SendDfuRevisionEP7os_mbuf
                0x00004274       0x18 CMakeFiles/pinetime-recovery.dir/components/ble/DfuService.cpp.obj
                0x00004274                Pinetime::Controllers::DfuService::SendDfuRevision(os_mbuf*) const
 .text._ZN8Pinetime11Controllers10DfuService19NotificationManagerC2Ev
                0x0000428c       0x2c CMakeFiles/pinetime-recovery.dir/components/ble/DfuService.cpp.obj
                0x0000428c                Pinetime::Controllers::DfuService::NotificationManager::NotificationManager()
                0x0000428c                Pinetime::Controllers::DfuService::NotificationManager::NotificationManager()
 .text._ZN8Pinetime11Controllers10DfuServiceC2ERNS_6System10SystemTaskERNS0_3BleERNS_7Drivers11SpiNorFlashE
                0x000042b8       0xdc CMakeFiles/pinetime-recovery.dir/components/ble/DfuService.cpp.obj
                0x000042b8                Pinetime::Controllers::DfuService::DfuService(Pinetime::System::SystemTask&, Pinetime::Controllers::Ble&, Pinetime::Drivers::SpiNorFlash&)
                0x000042b8                Pinetime::Controllers::DfuService::DfuService(Pinetime::System::SystemTask&, Pinetime::Controllers::Ble&, Pinetime::Drivers::SpiNorFlash&)
 .text._ZN8Pinetime11Controllers10DfuService19NotificationManager9AsyncSendEttPhj
                0x00004394       0x44 CMakeFiles/pinetime-recovery.dir/components/ble/DfuService.cpp.obj
                0x00004394                Pinetime::Controllers::DfuService::NotificationManager::AsyncSend(unsigned short, unsigned short, unsigned char*, unsigned int)
 .text._ZN8Pinetime11Controllers10DfuService19NotificationManager4SendEttPKhj
                0x000043d8       0x1e CMakeFiles/pinetime-recovery.dir/components/ble/DfuService.cpp.obj
                0x000043d8                Pinetime::Controllers::DfuService::NotificationManager::Send(unsigned short, unsigned short, unsigned char const*, unsigned int)
 .text._ZN8Pinetime11Controllers10DfuService19NotificationManager19OnNotificationTimerEv
                0x000043f6       0x1e CMakeFiles/pinetime-recovery.dir/components/ble/DfuService.cpp.obj
                0x000043f6                Pinetime::Controllers::DfuService::NotificationManager::OnNotificationTimer()
 .text._Z25NotificationTimerCallbackPv
                0x00004414        0xe CMakeFiles/pinetime-recovery.dir/components/ble/DfuService.cpp.obj
                0x00004414                NotificationTimerCallback(void*)
 .text._ZN8Pinetime11Controllers10DfuService19NotificationManager5ResetEv
                0x00004422       0x1a CMakeFiles/pinetime-recovery.dir/components/ble/DfuService.cpp.obj
                0x00004422                Pinetime::Controllers::DfuService::NotificationManager::Reset()
 .text._ZN8Pinetime11Controllers10DfuService5ResetEv
                0x0000443c       0x32 CMakeFiles/pinetime-recovery.dir/components/ble/DfuService.cpp.obj
                0x0000443c                Pinetime::Controllers::DfuService::Reset()
 .text._ZN8Pinetime11Controllers10DfuService9OnTimeoutEv
                0x0000446e        0xa CMakeFiles/pinetime-recovery.dir/components/ble/DfuService.cpp.obj
                0x0000446e                Pinetime::Controllers::DfuService::OnTimeout()
 .text._Z20TimeoutTimerCallbackPv
                0x00004478        0xe CMakeFiles/pinetime-recovery.dir/components/ble/DfuService.cpp.obj
                0x00004478                TimeoutTimerCallback(void*)
 *fill*         0x00004486        0x2 
 .text._ZN8Pinetime11Controllers10DfuService8DfuImage16WriteMagicNumberEv
                0x00004488       0x2c CMakeFiles/pinetime-recovery.dir/components/ble/DfuService.cpp.obj
                0x00004488                Pinetime::Controllers::DfuService::DfuImage::WriteMagicNumber()
 .text._ZN8Pinetime11Controllers10DfuService8DfuImage6AppendEPhj
                0x000044b4       0x70 CMakeFiles/pinetime-recovery.dir/components/ble/DfuService.cpp.obj
                0x000044b4                Pinetime::Controllers::DfuService::DfuImage::Append(unsigned char*, unsigned int)
 .text._ZN8Pinetime11Controllers10DfuService8DfuImage5EraseEv
                0x00004524       0x1e CMakeFiles/pinetime-recovery.dir/components/ble/DfuService.cpp.obj
                0x00004524                Pinetime::Controllers::DfuService::DfuImage::Erase()
 .text._ZN8Pinetime11Controllers10DfuService8DfuImage10ComputeCrcEPKhmPKt
                0x00004542       0x36 CMakeFiles/pinetime-recovery.dir/components/ble/DfuService.cpp.obj
                0x00004542                Pinetime::Controllers::DfuService::DfuImage::ComputeCrc(unsigned char const*, unsigned long, unsigned short const*)
 .text._ZN8Pinetime11Controllers10DfuService8DfuImage8ValidateEv
                0x00004578       0x62 CMakeFiles/pinetime-recovery.dir/components/ble/DfuService.cpp.obj
                0x00004578                Pinetime::Controllers::DfuService::DfuImage::Validate()
 *fill*         0x000045da        0x2 
 .text._ZN8Pinetime11Controllers10DfuService19ControlPointHandlerEtP7os_mbuf
                0x000045dc      0x13c CMakeFiles/pinetime-recovery.dir/components/ble/DfuService.cpp.obj
                0x000045dc                Pinetime::Controllers::DfuService::ControlPointHandler(unsigned short, os_mbuf*)
 .text._ZN8Pinetime11Controllers10DfuService8DfuImage10IsCompleteEv
                0x00004718       0x12 CMakeFiles/pinetime-recovery.dir/components/ble/DfuService.cpp.obj
                0x00004718                Pinetime::Controllers::DfuService::DfuImage::IsComplete()
 *fill*         0x0000472a        0x2 
 .text._ZN8Pinetime11Controllers10DfuService18WritePacketHandlerEtP7os_mbuf
                0x0000472c      0x178 CMakeFiles/pinetime-recovery.dir/components/ble/DfuService.cpp.obj
                0x0000472c                Pinetime::Controllers::DfuService::WritePacketHandler(unsigned short, os_mbuf*)
 .text._ZN8Pinetime11Controllers10DfuService13OnServiceDataEttP20ble_gatt_access_ctxt
                0x000048a4       0xc0 CMakeFiles/pinetime-recovery.dir/components/ble/DfuService.cpp.obj
                0x000048a4                Pinetime::Controllers::DfuService::OnServiceData(unsigned short, unsigned short, ble_gatt_access_ctxt*)
 .text._Z18DfuServiceCallbackttP20ble_gatt_access_ctxtPv
                0x00004964       0x14 CMakeFiles/pinetime-recovery.dir/components/ble/DfuService.cpp.obj
                0x00004964                DfuServiceCallback(unsigned short, unsigned short, ble_gatt_access_ctxt*, void*)
 .text._ZN8Pinetime11Controllers18CurrentTimeService4InitEv
                0x00004978       0x16 CMakeFiles/pinetime-recovery.dir/components/ble/CurrentTimeService.cpp.obj
                0x00004978                Pinetime::Controllers::CurrentTimeService::Init()
 .text._ZN8Pinetime11Controllers18CurrentTimeService21OnCurrentTimeAccessedEP20ble_gatt_access_ctxt
                0x0000498e       0x92 CMakeFiles/pinetime-recovery.dir/components/ble/CurrentTimeService.cpp.obj
                0x0000498e                Pinetime::Controllers::CurrentTimeService::OnCurrentTimeAccessed(ble_gatt_access_ctxt*)
 .text._ZN8Pinetime11Controllers18CurrentTimeService19OnLocalTimeAccessedEP20ble_gatt_access_ctxt
                0x00004a20       0x52 CMakeFiles/pinetime-recovery.dir/components/ble/CurrentTimeService.cpp.obj
                0x00004a20                Pinetime::Controllers::CurrentTimeService::OnLocalTimeAccessed(ble_gatt_access_ctxt*)
 .text._ZN8Pinetime11Controllers18CurrentTimeService28OnCurrentTimeServiceAccessedEP20ble_gatt_access_ctxt
                0x00004a72       0x3c CMakeFiles/pinetime-recovery.dir/components/ble/CurrentTimeService.cpp.obj
                0x00004a72                Pinetime::Controllers::CurrentTimeService::OnCurrentTimeServiceAccessed(ble_gatt_access_ctxt*)
 .text._Z11CTSCallbackttP20ble_gatt_access_ctxtPv
                0x00004aae        0x8 CMakeFiles/pinetime-recovery.dir/components/ble/CurrentTimeService.cpp.obj
                0x00004aae                CTSCallback(unsigned short, unsigned short, ble_gatt_access_ctxt*, void*)
 *fill*         0x00004ab6        0x2 
 .text._ZN8Pinetime11Controllers18CurrentTimeServiceC2ERNS0_8DateTimeE
                0x00004ab8       0x54 CMakeFiles/pinetime-recovery.dir/components/ble/CurrentTimeService.cpp.obj
                0x00004ab8                Pinetime::Controllers::CurrentTimeService::CurrentTimeService(Pinetime::Controllers::DateTime&)
                0x00004ab8                Pinetime::Controllers::CurrentTimeService::CurrentTimeService(Pinetime::Controllers::DateTime&)
 .text._ZN8Pinetime11Controllers24AlertNotificationService4InitEv
                0x00004b0c       0x16 CMakeFiles/pinetime-recovery.dir/components/ble/AlertNotificationService.cpp.obj
                0x00004b0c                Pinetime::Controllers::AlertNotificationService::Init()
 *fill*         0x00004b22        0x2 
 .text._ZN8Pinetime11Controllers24AlertNotificationServiceC2ERNS_6System10SystemTaskERNS0_19NotificationManagerE
                0x00004b24       0x60 CMakeFiles/pinetime-recovery.dir/components/ble/AlertNotificationService.cpp.obj
                0x00004b24                Pinetime::Controllers::AlertNotificationService::AlertNotificationService(Pinetime::System::SystemTask&, Pinetime::Controllers::NotificationManager&)
                0x00004b24                Pinetime::Controllers::AlertNotificationService::AlertNotificationService(Pinetime::System::SystemTask&, Pinetime::Controllers::NotificationManager&)
 .text._ZN8Pinetime11Controllers24AlertNotificationService7OnAlertEP20ble_gatt_access_ctxt
                0x00004b84       0x92 CMakeFiles/pinetime-recovery.dir/components/ble/AlertNotificationService.cpp.obj
                0x00004b84                Pinetime::Controllers::AlertNotificationService::OnAlert(ble_gatt_access_ctxt*)
 .text._Z25AlertNotificationCallbackttP20ble_gatt_access_ctxtPv
                0x00004c16        0x8 CMakeFiles/pinetime-recovery.dir/components/ble/AlertNotificationService.cpp.obj
                0x00004c16                AlertNotificationCallback(unsigned short, unsigned short, ble_gatt_access_ctxt*, void*)
 *fill*         0x00004c1e        0x2 
 .text._ZNSt7__cxx1112basic_stringIcSt11char_traitsIcESaIcEE9_M_createERjj.isra.0
                0x00004c20       0x40 CMakeFiles/pinetime-recovery.dir/components/ble/MusicService.cpp.obj
 .text._ZN8Pinetime11Controllers12MusicService4InitEv
                0x00004c60       0x16 CMakeFiles/pinetime-recovery.dir/components/ble/MusicService.cpp.obj
                0x00004c60                Pinetime::Controllers::MusicService::Init()
 .text._ZNKSt7__cxx1112basic_stringIcSt11char_traitsIcESaIcEE8capacityEv
                0x00004c76       0x10 CMakeFiles/pinetime-recovery.dir/components/ble/MusicService.cpp.obj
                0x00004c76                std::__cxx11::basic_string<char, std::char_traits<char>, std::allocator<char> >::capacity() const
 .text._ZNSt7__cxx1112basic_stringIcSt11char_traitsIcESaIcEE7_S_copyEPcPKcj
                0x00004c86       0x18 CMakeFiles/pinetime-recovery.dir/components/ble/MusicService.cpp.obj
                0x00004c86                std::__cxx11::basic_string<char, std::char_traits<char>, std::allocator<char> >::_S_copy(char*, char const*, unsigned int)
 *fill*         0x00004c9e        0x2 
 .text._ZN8Pinetime11Controllers12MusicServiceC2ERNS0_16NimbleControllerE
                0x00004ca0      0x22c CMakeFiles/pinetime-recovery.dir/components/ble/MusicService.cpp.obj
                0x00004ca0                Pinetime::Controllers::MusicService::MusicService(Pinetime::Controllers::NimbleController&)
                0x00004ca0                Pinetime::Controllers::MusicService::MusicService(Pinetime::Controllers::NimbleController&)
 .text._ZNSt7__cxx1112basic_stringIcSt11char_traitsIcESaIcEEaSEPKc.isra.0
                0x00004ecc       0x82 CMakeFiles/pinetime-recovery.dir/components/ble/MusicService.cpp.obj
 *fill*         0x00004f4e        0x2 
 .text._ZN8Pinetime11Controllers12MusicService9OnCommandEP20ble_gatt_access_ctxt
                0x00004f50      0x1d8 CMakeFiles/pinetime-recovery.dir/components/ble/MusicService.cpp.obj
                0x00004f50                Pinetime::Controllers::MusicService::OnCommand(ble_gatt_access_ctxt*)
 .text._ZN12_GLOBAL__N_113MusicCallbackEttP20ble_gatt_access_ctxtPv
                0x00005128        0x8 CMakeFiles/pinetime-recovery.dir/components/ble/MusicService.cpp.obj
 .text._ZN12_GLOBAL__N_18ToUInt64EPKh
                0x00005130       0x24 CMakeFiles/pinetime-recovery.dir/components/ble/SimpleWeatherService.cpp.obj
 .text._ZN8Pinetime11Controllers20SimpleWeatherServiceC2ERNS0_8DateTimeE
                0x00005154       0x94 CMakeFiles/pinetime-recovery.dir/components/ble/SimpleWeatherService.cpp.obj
                0x00005154                Pinetime::Controllers::SimpleWeatherService::SimpleWeatherService(Pinetime::Controllers::DateTime&)
                0x00005154                Pinetime::Controllers::SimpleWeatherService::SimpleWeatherService(Pinetime::Controllers::DateTime&)
 .text._ZN8Pinetime11Controllers20SimpleWeatherService4InitEv
                0x000051e8       0x16 CMakeFiles/pinetime-recovery.dir/components/ble/SimpleWeatherService.cpp.obj
                0x000051e8                Pinetime::Controllers::SimpleWeatherService::Init()
 .text._ZN8Pinetime11Controllers20SimpleWeatherService9OnCommandEP20ble_gatt_access_ctxt
                0x000051fe      0x178 CMakeFiles/pinetime-recovery.dir/components/ble/SimpleWeatherService.cpp.obj
                0x000051fe                Pinetime::Controllers::SimpleWeatherService::OnCommand(ble_gatt_access_ctxt*)
 .text._Z15WeatherCallbackttP20ble_gatt_access_ctxtPv
                0x00005376        0x8 CMakeFiles/pinetime-recovery.dir/components/ble/SimpleWeatherService.cpp.obj
                0x00005376                WeatherCallback(unsigned short, unsigned short, ble_gatt_access_ctxt*, void*)
 *fill*         0x0000537e        0x2 
 .text._ZN8Pinetime11Controllers25BatteryInformationServiceC2ERNS0_7BatteryE
                0x00005380       0x50 CMakeFiles/pinetime-recovery.dir/components/ble/BatteryInformationService.cpp.obj
                0x00005380                Pinetime::Controllers::BatteryInformationService::BatteryInformationService(Pinetime::Controllers::Battery&)
                0x00005380                Pinetime::Controllers::BatteryInformationService::BatteryInformationService(Pinetime::Controllers::Battery&)
 .text._ZN8Pinetime11Controllers25BatteryInformationService4InitEv
                0x000053d0       0x16 CMakeFiles/pinetime-recovery.dir/components/ble/BatteryInformationService.cpp.obj
                0x000053d0                Pinetime::Controllers::BatteryInformationService::Init()
 .text._ZN8Pinetime11Controllers25BatteryInformationService25OnBatteryServiceRequestedEtP20ble_gatt_access_ctxt
                0x000053e6       0x30 CMakeFiles/pinetime-recovery.dir/components/ble/BatteryInformationService.cpp.obj
                0x000053e6                Pinetime::Controllers::BatteryInformationService::OnBatteryServiceRequested(unsigned short, ble_gatt_access_ctxt*)
 .text._Z33BatteryInformationServiceCallbackttP20ble_gatt_access_ctxtPv
                0x00005416        0x6 CMakeFiles/pinetime-recovery.dir/components/ble/BatteryInformationService.cpp.obj
                0x00005416                BatteryInformationServiceCallback(unsigned short, unsigned short, ble_gatt_access_ctxt*, void*)
 .text._ZN8Pinetime11Controllers25BatteryInformationService18NotifyBatteryLevelEth
                0x0000541c       0x24 CMakeFiles/pinetime-recovery.dir/components/ble/BatteryInformationService.cpp.obj
                0x0000541c                Pinetime::Controllers::BatteryInformationService::NotifyBatteryLevel(unsigned short, unsigned char)
 .text._ZN8Pinetime11Controllers9FSServiceC2ERNS_6System10SystemTaskERNS0_2FSE
                0x00005440       0x6c CMakeFiles/pinetime-recovery.dir/components/ble/FSService.cpp.obj
                0x00005440                Pinetime::Controllers::FSService::FSService(Pinetime::System::SystemTask&, Pinetime::Controllers::FS&)
                0x00005440                Pinetime::Controllers::FSService::FSService(Pinetime::System::SystemTask&, Pinetime::Controllers::FS&)
 .text._ZN8Pinetime11Controllers9FSService4InitEv
                0x000054ac       0x16 CMakeFiles/pinetime-recovery.dir/components/ble/FSService.cpp.obj
                0x000054ac                Pinetime::Controllers::FSService::Init()
 .text._ZN8Pinetime11Controllers9FSService16FSCommandHandlerEtP7os_mbuf
                0x000054c2      0x540 CMakeFiles/pinetime-recovery.dir/components/ble/FSService.cpp.obj
                0x000054c2                Pinetime::Controllers::FSService::FSCommandHandler(unsigned short, os_mbuf*)
 .text._ZN8Pinetime11Controllers9FSService20OnFSServiceRequestedEttP20ble_gatt_access_ctxt
                0x00005a02       0x32 CMakeFiles/pinetime-recovery.dir/components/ble/FSService.cpp.obj
                0x00005a02                Pinetime::Controllers::FSService::OnFSServiceRequested(unsigned short, unsigned short, ble_gatt_access_ctxt*)
 .text._Z17FSServiceCallbackttP20ble_gatt_access_ctxtPv
                0x00005a34       0x14 CMakeFiles/pinetime-recovery.dir/components/ble/FSService.cpp.obj
                0x00005a34                FSServiceCallback(unsigned short, unsigned short, ble_gatt_access_ctxt*, void*)
 .text._ZN8Pinetime11Controllers21ImmediateAlertServiceC2ERNS_6System10SystemTaskERNS0_19NotificationManagerE
                0x00005a48       0x54 CMakeFiles/pinetime-recovery.dir/components/ble/ImmediateAlertService.cpp.obj
                0x00005a48                Pinetime::Controllers::ImmediateAlertService::ImmediateAlertService(Pinetime::System::SystemTask&, Pinetime::Controllers::NotificationManager&)
                0x00005a48                Pinetime::Controllers::ImmediateAlertService::ImmediateAlertService(Pinetime::System::SystemTask&, Pinetime::Controllers::NotificationManager&)
 .text._ZN8Pinetime11Controllers21ImmediateAlertService4InitEv
                0x00005a9c       0x16 CMakeFiles/pinetime-recovery.dir/components/ble/ImmediateAlertService.cpp.obj
                0x00005a9c                Pinetime::Controllers::ImmediateAlertService::Init()
 *fill*         0x00005ab2        0x2 
 .text._ZN8Pinetime11Controllers21ImmediateAlertService19OnAlertLevelChangedEtP20ble_gatt_access_ctxt
                0x00005ab4       0x6c CMakeFiles/pinetime-recovery.dir/components/ble/ImmediateAlertService.cpp.obj
                0x00005ab4                Pinetime::Controllers::ImmediateAlertService::OnAlertLevelChanged(unsigned short, ble_gatt_access_ctxt*)
 .text._ZN12_GLOBAL__N_118AlertLevelCallbackEttP20ble_gatt_access_ctxtPv
                0x00005b20        0x6 CMakeFiles/pinetime-recovery.dir/components/ble/ImmediateAlertService.cpp.obj
 .text._ZNSt17_Function_handlerIFvtEZN8Pinetime11Controllers16ServiceDiscovery19DiscoverNextServiceEtEUltE_E10_M_managerERSt9_Any_dataRKS6_St18_Manager_operation
                0x00005b26       0x20 CMakeFiles/pinetime-recovery.dir/components/ble/ServiceDiscovery.cpp.obj
 .text._ZN8Pinetime11Controllers16ServiceDiscoveryC2EOSt5arrayIPNS0_9BleClientELj2EE
                0x00005b46        0xe CMakeFiles/pinetime-recovery.dir/components/ble/ServiceDiscovery.cpp.obj
                0x00005b46                Pinetime::Controllers::ServiceDiscovery::ServiceDiscovery(std::array<Pinetime::Controllers::BleClient*, 2u>&&)
                0x00005b46                Pinetime::Controllers::ServiceDiscovery::ServiceDiscovery(std::array<Pinetime::Controllers::BleClient*, 2u>&&)
 .text._ZN8Pinetime11Controllers16ServiceDiscovery19DiscoverNextServiceEt
                0x00005b54       0x38 CMakeFiles/pinetime-recovery.dir/components/ble/ServiceDiscovery.cpp.obj
                0x00005b54                Pinetime::Controllers::ServiceDiscovery::DiscoverNextService(unsigned short)
 .text._ZN8Pinetime11Controllers16ServiceDiscovery14StartDiscoveryEt
                0x00005b8c        0x8 CMakeFiles/pinetime-recovery.dir/components/ble/ServiceDiscovery.cpp.obj
                0x00005b8c                Pinetime::Controllers::ServiceDiscovery::StartDiscovery(unsigned short)
 .text._ZN8Pinetime11Controllers16ServiceDiscovery19OnServiceDiscoveredEt
                0x00005b94       0x14 CMakeFiles/pinetime-recovery.dir/components/ble/ServiceDiscovery.cpp.obj
                0x00005b94                Pinetime::Controllers::ServiceDiscovery::OnServiceDiscovered(unsigned short)
 .text._ZNSt17_Function_handlerIFvtEZN8Pinetime11Controllers16ServiceDiscovery19DiscoverNextServiceEtEUltE_E9_M_invokeERKSt9_Any_dataOt
                0x00005ba8        0x8 CMakeFiles/pinetime-recovery.dir/components/ble/ServiceDiscovery.cpp.obj
 .text._ZNSt7__cxx1112basic_stringIcSt11char_traitsIcESaIcEE9_M_createERjj.isra.0
                0x00005bb0       0x40 CMakeFiles/pinetime-recovery.dir/components/ble/NavigationService.cpp.obj
 .text._ZN8Pinetime11Controllers17NavigationServiceC2Ev
                0x00005bf0       0xe4 CMakeFiles/pinetime-recovery.dir/components/ble/NavigationService.cpp.obj
                0x00005bf0                Pinetime::Controllers::NavigationService::NavigationService()
                0x00005bf0                Pinetime::Controllers::NavigationService::NavigationService()
 .text._ZN8Pinetime11Controllers17NavigationService4InitEv
                0x00005cd4       0x16 CMakeFiles/pinetime-recovery.dir/components/ble/NavigationService.cpp.obj
                0x00005cd4                Pinetime::Controllers::NavigationService::Init()
 .text._ZNSt7__cxx1112basic_stringIcSt11char_traitsIcESaIcEEaSEPKc.isra.0
                0x00005cea       0x82 CMakeFiles/pinetime-recovery.dir/components/ble/NavigationService.cpp.obj
 .text._ZN8Pinetime11Controllers17NavigationService9OnCommandEP20ble_gatt_access_ctxt
                0x00005d6c       0x98 CMakeFiles/pinetime-recovery.dir/components/ble/NavigationService.cpp.obj
                0x00005d6c                Pinetime::Controllers::NavigationService::OnCommand(ble_gatt_access_ctxt*)
 .text._ZN12_GLOBAL__N_111NAVCallbackEttP20ble_gatt_access_ctxtPv
                0x00005e04        0x8 CMakeFiles/pinetime-recovery.dir/components/ble/NavigationService.cpp.obj
 .text._ZN8Pinetime11Controllers16HeartRateServiceC2ERNS0_16NimbleControllerERNS0_19HeartRateControllerE
                0x00005e0c       0x64 CMakeFiles/pinetime-recovery.dir/components/ble/HeartRateService.cpp.obj
                0x00005e0c                Pinetime::Controllers::HeartRateService::HeartRateService(Pinetime::Controllers::NimbleController&, Pinetime::Controllers::HeartRateController&)
                0x00005e0c                Pinetime::Controllers::HeartRateService::HeartRateService(Pinetime::Controllers::NimbleController&, Pinetime::Controllers::HeartRateController&)
 .text._ZN8Pinetime11Controllers16HeartRateService4InitEv
                0x00005e70       0x16 CMakeFiles/pinetime-recovery.dir/components/ble/HeartRateService.cpp.obj
                0x00005e70                Pinetime::Controllers::HeartRateService::Init()
 .text._ZN8Pinetime11Controllers16HeartRateService20OnHeartRateRequestedEtP20ble_gatt_access_ctxt
                0x00005e86       0x32 CMakeFiles/pinetime-recovery.dir/components/ble/HeartRateService.cpp.obj
                0x00005e86                Pinetime::Controllers::HeartRateService::OnHeartRateRequested(unsigned short, ble_gatt_access_ctxt*)
 .text._ZN12_GLOBAL__N_124HeartRateServiceCallbackEttP20ble_gatt_access_ctxtPv
                0x00005eb8        0x6 CMakeFiles/pinetime-recovery.dir/components/ble/HeartRateService.cpp.obj
 .text._ZN8Pinetime11Controllers16HeartRateService19OnNewHeartRateValueEh
                0x00005ebe       0x46 CMakeFiles/pinetime-recovery.dir/components/ble/HeartRateService.cpp.obj
                0x00005ebe                Pinetime::Controllers::HeartRateService::OnNewHeartRateValue(unsigned char)
 .text._ZN8Pinetime11Controllers16HeartRateService21SubscribeNotificationEt
                0x00005f04       0x18 CMakeFiles/pinetime-recovery.dir/components/ble/HeartRateService.cpp.obj
                0x00005f04                Pinetime::Controllers::HeartRateService::SubscribeNotification(unsigned short)
 .text._ZN8Pinetime11Controllers16HeartRateService23UnsubscribeNotificationEt
                0x00005f1c       0x18 CMakeFiles/pinetime-recovery.dir/components/ble/HeartRateService.cpp.obj
                0x00005f1c                Pinetime::Controllers::HeartRateService::UnsubscribeNotification(unsigned short)
 .text._ZN8Pinetime11Controllers13MotionServiceC2ERNS0_16NimbleControllerERNS0_16MotionControllerE
                0x00005f34       0x74 CMakeFiles/pinetime-recovery.dir/components/ble/MotionService.cpp.obj
                0x00005f34                Pinetime::Controllers::MotionService::MotionService(Pinetime::Controllers::NimbleController&, Pinetime::Controllers::MotionController&)
                0x00005f34                Pinetime::Controllers::MotionService::MotionService(Pinetime::Controllers::NimbleController&, Pinetime::Controllers::MotionController&)
 .text._ZN8Pinetime11Controllers13MotionService4InitEv
                0x00005fa8       0x16 CMakeFiles/pinetime-recovery.dir/components/ble/MotionService.cpp.obj
                0x00005fa8                Pinetime::Controllers::MotionService::Init()
 .text._ZN8Pinetime11Controllers13MotionService20OnStepCountRequestedEtP20ble_gatt_access_ctxt
                0x00005fbe       0x6a CMakeFiles/pinetime-recovery.dir/components/ble/MotionService.cpp.obj
                0x00005fbe                Pinetime::Controllers::MotionService::OnStepCountRequested(unsigned short, ble_gatt_access_ctxt*)
 .text._ZN12_GLOBAL__N_121MotionServiceCallbackEttP20ble_gatt_access_ctxtPv
                0x00006028        0x6 CMakeFiles/pinetime-recovery.dir/components/ble/MotionService.cpp.obj
 .text._ZN8Pinetime11Controllers13MotionService19OnNewStepCountValueEm
                0x0000602e       0x40 CMakeFiles/pinetime-recovery.dir/components/ble/MotionService.cpp.obj
                0x0000602e                Pinetime::Controllers::MotionService::OnNewStepCountValue(unsigned long)
 .text._ZN8Pinetime11Controllers13MotionService17OnNewMotionValuesEsss
                0x0000606e       0x48 CMakeFiles/pinetime-recovery.dir/components/ble/MotionService.cpp.obj
                0x0000606e                Pinetime::Controllers::MotionService::OnNewMotionValues(short, short, short)
 .text._ZN8Pinetime11Controllers13MotionService21SubscribeNotificationEt
                0x000060b6       0x2c CMakeFiles/pinetime-recovery.dir/components/ble/MotionService.cpp.obj
                0x000060b6                Pinetime::Controllers::MotionService::SubscribeNotification(unsigned short)
 .text._ZN8Pinetime11Controllers13MotionService23UnsubscribeNotificationEt
                0x000060e2       0x2c CMakeFiles/pinetime-recovery.dir/components/ble/MotionService.cpp.obj
                0x000060e2                Pinetime::Controllers::MotionService::UnsubscribeNotification(unsigned short)
 *fill*         0x0000610e        0x2 
 .text._ZN8Pinetime11Controllers8SettingsC2ERNS0_2FSE
                0x00006110       0x44 CMakeFiles/pinetime-recovery.dir/components/settings/Settings.cpp.obj
                0x00006110                Pinetime::Controllers::Settings::Settings(Pinetime::Controllers::FS&)
                0x00006110                Pinetime::Controllers::Settings::Settings(Pinetime::Controllers::FS&)
 .text._ZN8Pinetime11Controllers8Settings20LoadSettingsFromFileEv
                0x00006154       0x70 CMakeFiles/pinetime-recovery.dir/components/settings/Settings.cpp.obj
                0x00006154                Pinetime::Controllers::Settings::LoadSettingsFromFile()
 .text._ZN8Pinetime11Controllers8Settings4InitEv
                0x000061c4        0x4 CMakeFiles/pinetime-recovery.dir/components/settings/Settings.cpp.obj
                0x000061c4                Pinetime::Controllers::Settings::Init()
 .text._ZN8Pinetime11Controllers15AlarmControllerC2ERNS0_8DateTimeERNS0_2FSE
                0x000061c8       0x22 CMakeFiles/pinetime-recovery.dir/components/alarm/AlarmController.cpp.obj
                0x000061c8                Pinetime::Controllers::AlarmController::AlarmController(Pinetime::Controllers::DateTime&, Pinetime::Controllers::FS&)
                0x000061c8                Pinetime::Controllers::AlarmController::AlarmController(Pinetime::Controllers::DateTime&, Pinetime::Controllers::FS&)
 *fill*         0x000061ea        0x6 
 .text._ZN8Pinetime11Controllers15AlarmController13ScheduleAlarmEv
                0x000061f0       0xf4 CMakeFiles/pinetime-recovery.dir/components/alarm/AlarmController.cpp.obj