Archive member included to satisfy reference by file (symbol)

libnrf-sdk.a(gcc_startup_nrf52.S.obj)
                              CMakeFiles/pinetime-recovery-loader.dir/FreeRTOS/heap_4_infinitime.c.obj (__StackLimit)
libnrf-sdk.a(nrf_drv_clock.c.obj)
                              CMakeFiles/pinetime-recovery-loader.dir/recoveryLoader.cpp.obj (nrf_drv_clock_init)
libnrf-sdk.a(nrfx_clock.c.obj)
                              libnrf-sdk.a(nrf_drv_clock.c.obj) (nrfx_clock_init)
libnrf-sdk.a(nrfx_gpiote.c.obj)
                              CMakeFiles/pinetime-recovery-loader.dir/components/brightness/BrightnessController.cpp.obj (nrfx_gpiote_out_init)
libnrf-sdk.a(queue.c.obj)     CMakeFiles/pinetime-recovery-loader.dir/drivers/SpiMaster.cpp.obj (xQueueGenericCreate)
libnrf-sdk.a(tasks.c.obj)     CMakeFiles/pinetime-recovery-loader.dir/FreeRTOS/port.c.obj (pxCurrentTCB)
libnrf-sdk.a(timers.c.obj)    libnrf-sdk.a(tasks.c.obj) (xTimerCreateTimerTask)
libnrf-sdk.a(app_error.c.obj)
                              CMakeFiles/pinetime-recovery-loader.dir/drivers/SpiMaster.cpp.obj (app_error_handler_bare)
libnrf-sdk.a(app_error_weak.c.obj)
                              libnrf-sdk.a(app_error.c.obj) (app_error_fault_handler)
libnrf-sdk.a(app_util_platform.c.obj)
                              libnrf-sdk.a(nrf_drv_clock.c.obj) (app_util_critical_region_enter)
libnrf-sdk.a(app_gpiote.c.obj)
                              CMakeFiles/pinetime-recovery-loader.dir/recoveryLoader.cpp.obj (app_gpiote_init)
libnrf-sdk.a(system_nrf52.c.obj)
                              libnrf-sdk.a(gcc_startup_nrf52.S.obj) (SystemInit)
libnrf-sdk.a(list.c.obj)      libnrf-sdk.a(queue.c.obj) (vListInitialise)
/opt/homebrew/arm-toolchain/bin/../lib/gcc/arm-none-eabi/13.2.1/../../../../arm-none-eabi/lib/thumb/v7e-m+fp/hard/libc_nano.a(libc_a-exit.o)
                              /opt/homebrew/arm-toolchain/bin/../lib/gcc/arm-none-eabi/13.2.1/../../../../arm-none-eabi/lib/thumb/v7e-m+fp/hard/crt0.o (exit)
/opt/homebrew/arm-toolchain/bin/../lib/gcc/arm-none-eabi/13.2.1/../../../../arm-none-eabi/lib/thumb/v7e-m+fp/hard/libc_nano.a(libc_a-findfp.o)
                              /opt/homebrew/arm-toolchain/bin/../lib/gcc/arm-none-eabi/13.2.1/../../../../arm-none-eabi/lib/thumb/v7e-m+fp/hard/libc_nano.a(libc_a-exit.o) (__stdio_exit_handler)
/opt/homebrew/arm-toolchain/bin/../lib/gcc/arm-none-eabi/13.2.1/../../../../arm-none-eabi/lib/thumb/v7e-m+fp/hard/libc_nano.a(libc_a-fwalk.o)
                              /opt/homebrew/arm-toolchain/bin/../lib/gcc/arm-none-eabi/13.2.1/../../../../arm-none-eabi/lib/thumb/v7e-m+fp/hard/libc_nano.a(libc_a-findfp.o) (_fwalk_sglue)
/opt/homebrew/arm-toolchain/bin/../lib/gcc/arm-none-eabi/13.2.1/../../../../arm-none-eabi/lib/thumb/v7e-m+fp/hard/libc_nano.a(libc_a-memset.o)
                              /opt/homebrew/arm-toolchain/bin/../lib/gcc/arm-none-eabi/13.2.1/../../../../arm-none-eabi/lib/thumb/v7e-m+fp/hard/crt0.o (memset)
/opt/homebrew/arm-toolchain/bin/../lib/gcc/arm-none-eabi/13.2.1/../../../../arm-none-eabi/lib/thumb/v7e-m+fp/hard/libc_nano.a(libc_a-impure.o)
                              /opt/homebrew/arm-toolchain/bin/../lib/gcc/arm-none-eabi/13.2.1/../../../../arm-none-eabi/lib/thumb/v7e-m+fp/hard/libc_nano.a(libc_a-findfp.o) (_impure_data)
/opt/homebrew/arm-toolchain/bin/../lib/gcc/arm-none-eabi/13.2.1/../../../../arm-none-eabi/lib/thumb/v7e-m+fp/hard/libc_nano.a(libc_a-init.o)
                              /opt/homebrew/arm-toolchain/bin/../lib/gcc/arm-none-eabi/13.2.1/../../../../arm-none-eabi/lib/thumb/v7e-m+fp/hard/crt0.o (__libc_init_array)
/opt/homebrew/arm-toolchain/bin/../lib/gcc/arm-none-eabi/13.2.1/../../../../arm-none-eabi/lib/thumb/v7e-m+fp/hard/libc_nano.a(libc_a-lock.o)
                              /opt/homebrew/arm-toolchain/bin/../lib/gcc/arm-none-eabi/13.2.1/../../../../arm-none-eabi/lib/thumb/v7e-m+fp/hard/libc_nano.a(libc_a-findfp.o) (__retarget_lock_init_recursive)
/opt/homebrew/arm-toolchain/bin/../lib/gcc/arm-none-eabi/13.2.1/../../../../arm-none-eabi/lib/thumb/v7e-m+fp/hard/libc_nano.a(libc_a-memcpy-stub.o)
                              CMakeFiles/pinetime-recovery-loader.dir/FreeRTOS/heap_4_infinitime.c.obj (memcpy)
/opt/homebrew/arm-toolchain/bin/../lib/gcc/arm-none-eabi/13.2.1/../../../../arm-none-eabi/lib/thumb/v7e-m+fp/hard/libc_nano.a(libc_a-fflush.o)
                              /opt/homebrew/arm-toolchain/bin/../lib/gcc/arm-none-eabi/13.2.1/../../../../arm-none-eabi/lib/thumb/v7e-m+fp/hard/libc_nano.a(libc_a-findfp.o) (_fflush_r)
/opt/homebrew/arm-toolchain/bin/../lib/gcc/arm-none-eabi/13.2.1/../../../../arm-none-eabi/lib/thumb/v7e-m+fp/hard/libc_nano.a(libc_a-stdio.o)
                              /opt/homebrew/arm-toolchain/bin/../lib/gcc/arm-none-eabi/13.2.1/../../../../arm-none-eabi/lib/thumb/v7e-m+fp/hard/libc_nano.a(libc_a-findfp.o) (__sread)
[...]
Memory Configuration

Name             Origin             Length             Attributes
FLASH            0x00000000         0x00073e08         xr
SPARE_SPACE      0x0007d000         0x00003000         r
RAM              0x20000000         0x00010000         xrw
*default*        0x00000000         0xffffffff

Linker script and memory map


.text           0x00000000    0x2e6fc
 *(.isr_vector)
 .isr_vector    0x00000000      0x200 libnrf-sdk.a(gcc_startup_nrf52.S.obj)
                0x00000000                __isr_vector
 *(.text*)
 .text.deregister_tm_clones
                0x00000200       0x1c /opt/homebrew/arm-toolchain/bin/../lib/gcc/arm-none-eabi/13.2.1/thumb/v7e-m+fp/hard/crtbegin.o
 .text.register_tm_clones
                0x0000021c       0x24 /opt/homebrew/arm-toolchain/bin/../lib/gcc/arm-none-eabi/13.2.1/thumb/v7e-m+fp/hard/crtbegin.o
 .text.__do_global_dtors_aux
                0x00000240       0x28 /opt/homebrew/arm-toolchain/bin/../lib/gcc/arm-none-eabi/13.2.1/thumb/v7e-m+fp/hard/crtbegin.o
 .text.frame_dummy
                0x00000268       0x24 /opt/homebrew/arm-toolchain/bin/../lib/gcc/arm-none-eabi/13.2.1/thumb/v7e-m+fp/hard/crtbegin.o
 .text          0x0000028c       0x7c /opt/homebrew/arm-toolchain/bin/../lib/gcc/arm-none-eabi/13.2.1/../../../../arm-none-eabi/lib/thumb/v7e-m+fp/hard/crt0.o
                0x0000028c                _stack_init
                0x00000294                _mainCRTStartup
                0x00000294                _start
 .text.prvInsertBlockIntoFreeList
                0x00000308       0x4c CMakeFiles/pinetime-recovery-loader.dir/FreeRTOS/heap_4_infinitime.c.obj
 .text.pvPortMalloc
                0x00000354      0x104 CMakeFiles/pinetime-recovery-loader.dir/FreeRTOS/heap_4_infinitime.c.obj
                0x00000354                pvPortMalloc
 .text.vPortFree
                0x00000458       0x4c CMakeFiles/pinetime-recovery-loader.dir/FreeRTOS/heap_4_infinitime.c.obj
                0x00000458                vPortFree
 .text.vPortStartFirstTask
                0x000004a4       0x1c CMakeFiles/pinetime-recovery-loader.dir/FreeRTOS/port.c.obj
                0x000004a4                vPortStartFirstTask
 .text.SVC_Handler
                0x000004c0       0x20 CMakeFiles/pinetime-recovery-loader.dir/FreeRTOS/port.c.obj
                0x000004c0                SVC_Handler
 .text.PendSV_Handler
                0x000004e0       0x60 CMakeFiles/pinetime-recovery-loader.dir/FreeRTOS/port.c.obj
                0x000004e0                PendSV_Handler
 .text.RTC1_IRQHandler
                0x00000540       0x78 CMakeFiles/pinetime-recovery-loader.dir/FreeRTOS/port_cmsis_systick.c.obj
                0x00000540                RTC1_IRQHandler
 .text.vPortSetupTimerInterrupt
                0x000005b8       0x38 CMakeFiles/pinetime-recovery-loader.dir/FreeRTOS/port_cmsis_systick.c.obj
                0x000005b8                vPortSetupTimerInterrupt
 .text.vPortSuppressTicksAndSleep
                0x000005f0       0xc4 CMakeFiles/pinetime-recovery-loader.dir/FreeRTOS/port_cmsis_systick.c.obj
                0x000005f0                vPortSuppressTicksAndSleep
 .text.prvTaskExitError
                0x000006b4        0x4 CMakeFiles/pinetime-recovery-loader.dir/FreeRTOS/port_cmsis.c.obj
 .text.pxPortInitialiseStack
                0x000006b8       0x24 CMakeFiles/pinetime-recovery-loader.dir/FreeRTOS/port_cmsis.c.obj
                0x000006b8                pxPortInitialiseStack
 .text.xPortStartScheduler
                0x000006dc       0x48 CMakeFiles/pinetime-recovery-loader.dir/FreeRTOS/port_cmsis.c.obj
                0x000006dc                xPortStartScheduler
 .text.vPortEnterCritical
                0x00000724       0x10 CMakeFiles/pinetime-recovery-loader.dir/FreeRTOS/port_cmsis.c.obj
                0x00000724                vPortEnterCritical
 .text.vPortExitCritical
                0x00000734       0x14 CMakeFiles/pinetime-recovery-loader.dir/FreeRTOS/port_cmsis.c.obj
                0x00000734                vPortExitCritical
 .text.ulSetInterruptMaskFromISR
                0x00000748        0x8 CMakeFiles/pinetime-recovery-loader.dir/FreeRTOS/port_cmsis.c.obj
                0x00000748                ulSetInterruptMaskFromISR
 .text.vClearInterruptMaskFromISR
                0x00000750        0x6 CMakeFiles/pinetime-recovery-loader.dir/FreeRTOS/port_cmsis.c.obj
                0x00000750                vClearInterruptMaskFromISR
 .text._ZN8Pinetime7Drivers11SpiNorFlashC2ERNS0_3SpiE
                0x00000756        0xc CMakeFiles/pinetime-recovery-loader.dir/drivers/SpiNorFlash.cpp.obj
                0x00000756                Pinetime::Drivers::SpiNorFlash::SpiNorFlash(Pinetime::Drivers::Spi&)
                0x00000756                Pinetime::Drivers::SpiNorFlash::SpiNorFlash(Pinetime::Drivers::Spi&)
 .text._ZN8Pinetime7Drivers11SpiNorFlash18ReadIdentificationEv
                0x00000762       0x44 CMakeFiles/pinetime-recovery-loader.dir/drivers/SpiNorFlash.cpp.obj
                0x00000762                Pinetime::Drivers::SpiNorFlash::ReadIdentification()
 .text._ZN8Pinetime7Drivers11SpiNorFlash4InitEv
                0x000007a6       0x18 CMakeFiles/pinetime-recovery-loader.dir/drivers/SpiNorFlash.cpp.obj
                0x000007a6                Pinetime::Drivers::SpiNorFlash::Init()
 *fill*         0x000007be        0x2 
 .text._ZN8Pinetime7Drivers11SpiNorFlash6WakeupEv
                0x000007c0       0x3c CMakeFiles/pinetime-recovery-loader.dir/drivers/SpiNorFlash.cpp.obj
                0x000007c0                Pinetime::Drivers::SpiNorFlash::Wakeup()
 .text._ZN8Pinetime7Drivers11SpiNorFlash18ReadStatusRegisterEv
                0x000007fc       0x24 CMakeFiles/pinetime-recovery-loader.dir/drivers/SpiNorFlash.cpp.obj
                0x000007fc                Pinetime::Drivers::SpiNorFlash::ReadStatusRegister()
 .text._ZN8Pinetime7Drivers11SpiNorFlash15WriteInProgressEv
                0x00000820        0xc CMakeFiles/pinetime-recovery-loader.dir/drivers/SpiNorFlash.cpp.obj
                0x00000820                Pinetime::Drivers::SpiNorFlash::WriteInProgress()
 .text._ZN8Pinetime7Drivers11SpiNorFlash12WriteEnabledEv
                0x0000082c        0xc CMakeFiles/pinetime-recovery-loader.dir/drivers/SpiNorFlash.cpp.obj
                0x0000082c                Pinetime::Drivers::SpiNorFlash::WriteEnabled()
 .text._ZN8Pinetime7Drivers11SpiNorFlash11WriteEnableEv
                0x00000838       0x1e CMakeFiles/pinetime-recovery-loader.dir/drivers/SpiNorFlash.cpp.obj
                0x00000838                Pinetime::Drivers::SpiNorFlash::WriteEnable()
 .text._ZN8Pinetime7Drivers11SpiNorFlash11SectorEraseEm
                0x00000856       0x4c CMakeFiles/pinetime-recovery-loader.dir/drivers/SpiNorFlash.cpp.obj
                0x00000856                Pinetime::Drivers::SpiNorFlash::SectorErase(unsigned long)
 .text._ZN8Pinetime7Drivers11SpiNorFlash5WriteEmPKhj
                0x000008a2       0x76 CMakeFiles/pinetime-recovery-loader.dir/drivers/SpiNorFlash.cpp.obj
                0x000008a2                Pinetime::Drivers::SpiNorFlash::Write(unsigned long, unsigned char const*, unsigned int)
 .text._ZN8Pinetime7Drivers9SpiMasterC2ENS1_9SpiModuleERKNS1_10ParametersE
                0x00000918       0x18 CMakeFiles/pinetime-recovery-loader.dir/drivers/SpiMaster.cpp.obj
                0x00000918                Pinetime::Drivers::SpiMaster::SpiMaster(Pinetime::Drivers::SpiMaster::SpiModule, Pinetime::Drivers::SpiMaster::Parameters const&)
                0x00000918                Pinetime::Drivers::SpiMaster::SpiMaster(Pinetime::Drivers::SpiMaster::SpiModule, Pinetime::Drivers::SpiMaster::Parameters const&)
 .text._ZN8Pinetime7Drivers9SpiMaster4InitEv
                0x00000930      0x10c CMakeFiles/pinetime-recovery-loader.dir/drivers/SpiMaster.cpp.obj
                0x00000930                Pinetime::Drivers::SpiMaster::Init()
 .text._ZN8Pinetime7Drivers9SpiMaster27SetupWorkaroundForErratum58Ev
                0x00000a3c       0x80 CMakeFiles/pinetime-recovery-loader.dir/drivers/SpiMaster.cpp.obj
                0x00000a3c                Pinetime::Drivers::SpiMaster::SetupWorkaroundForErratum58()
 .text._ZN8Pinetime7Drivers9SpiMaster29DisableWorkaroundForErratum58Ev
                0x00000abc       0x44 CMakeFiles/pinetime-recovery-loader.dir/drivers/SpiMaster.cpp.obj
                0x00000abc                Pinetime::Drivers::SpiMaster::DisableWorkaroundForErratum58()
 .text._ZN8Pinetime7Drivers9SpiMaster14OnStartedEventEv
                0x00000b00        0x2 CMakeFiles/pinetime-recovery-loader.dir/drivers/SpiMaster.cpp.obj
                0x00000b00                Pinetime::Drivers::SpiMaster::OnStartedEvent()
 .text._ZN8Pinetime7Drivers9SpiMaster9PrepareTxEmj
                0x00000b02       0x2e CMakeFiles/pinetime-recovery-loader.dir/drivers/SpiMaster.cpp.obj
                0x00000b02                Pinetime::Drivers::SpiMaster::PrepareTx(unsigned long, unsigned int)
 .text._ZN8Pinetime7Drivers9SpiMaster10OnEndEventEv
                0x00000b30       0x68 CMakeFiles/pinetime-recovery-loader.dir/drivers/SpiMaster.cpp.obj
                0x00000b30                Pinetime::Drivers::SpiMaster::OnEndEvent()
 .text._ZN8Pinetime7Drivers9SpiMaster9PrepareRxEmj
                0x00000b98       0x30 CMakeFiles/pinetime-recovery-loader.dir/drivers/SpiMaster.cpp.obj
                0x00000b98                Pinetime::Drivers::SpiMaster::PrepareRx(unsigned long, unsigned int)
 .text._ZN8Pinetime7Drivers9SpiMaster5WriteEhPKhjRKSt8functionIFvvEE
                0x00000bc8       0xae CMakeFiles/pinetime-recovery-loader.dir/drivers/SpiMaster.cpp.obj
                0x00000bc8                Pinetime::Drivers::SpiMaster::Write(unsigned char, unsigned char const*, unsigned int, std::function<void ()> const&)
 .text._ZN8Pinetime7Drivers9SpiMaster4ReadEhPhjS2_j
                0x00000c76       0x9e CMakeFiles/pinetime-recovery-loader.dir/drivers/SpiMaster.cpp.obj
                0x00000c76                Pinetime::Drivers::SpiMaster::Read(unsigned char, unsigned char*, unsigned int, unsigned char*, unsigned int)
 .text._ZN8Pinetime7Drivers9SpiMaster17WriteCmdAndBufferEhPKhjS3_j
                0x00000d14       0x9e CMakeFiles/pinetime-recovery-loader.dir/drivers/SpiMaster.cpp.obj
                0x00000d14                Pinetime::Drivers::SpiMaster::WriteCmdAndBuffer(unsigned char, unsigned char const*, unsigned int, unsigned char const*, unsigned int)
 .text._ZN8Pinetime7Drivers3SpiC2ERNS0_9SpiMasterEh
                0x00000db2       0x1e CMakeFiles/pinetime-recovery-loader.dir/drivers/Spi.cpp.obj
                0x00000db2                Pinetime::Drivers::Spi::Spi(Pinetime::Drivers::SpiMaster&, unsigned char)
                0x00000db2                Pinetime::Drivers::Spi::Spi(Pinetime::Drivers::SpiMaster&, unsigned char)
 .text._ZN8Pinetime7Drivers3Spi5WriteEPKhjRKSt8functionIFvvEE
                0x00000dd0       0x16 CMakeFiles/pinetime-recovery-loader.dir/drivers/Spi.cpp.obj
                0x00000dd0                Pinetime::Drivers::Spi::Write(unsigned char const*, unsigned int, std::function<void ()> const&)
 .text._ZN8Pinetime7Drivers3Spi4ReadEPhjS2_j
                0x00000de6       0x18 CMakeFiles/pinetime-recovery-loader.dir/drivers/Spi.cpp.obj
                0x00000de6                Pinetime::Drivers::Spi::Read(unsigned char*, unsigned int, unsigned char*, unsigned int)
 .text._ZN8Pinetime7Drivers3Spi17WriteCmdAndBufferEPKhjS3_j
                0x00000dfe       0x18 CMakeFiles/pinetime-recovery-loader.dir/drivers/Spi.cpp.obj
                0x00000dfe                Pinetime::Drivers::Spi::WriteCmdAndBuffer(unsigned char const*, unsigned int, unsigned char const*, unsigned int)
 *fill*         0x00000e16        0x2 
 .text._ZN8Pinetime5Tools10RleDecoderC2EPKhj
                0x00000e18       0x18 CMakeFiles/pinetime-recovery-loader.dir/components/rle/RleDecoder.cpp.obj
                0x00000e18                Pinetime::Tools::RleDecoder::RleDecoder(unsigned char const*, unsigned int)
                0x00000e18                Pinetime::Tools::RleDecoder::RleDecoder(unsigned char const*, unsigned int)
 .text._ZN8Pinetime5Tools10RleDecoder10DecodeNextEPhj
                0x00000e30       0x5c CMakeFiles/pinetime-recovery-loader.dir/components/rle/RleDecoder.cpp.obj
                0x00000e30                Pinetime::Tools::RleDecoder::DecodeNext(unsigned char*, unsigned int)
 .text._ZNSt17_Function_handlerIFvvEZN8Pinetime7Drivers6St778912WriteCommandEPKhjEUlvE_E10_M_managerERSt9_Any_dataRKS8_St18_Manager_operation
                0x00000e8c       0x20 CMakeFiles/pinetime-recovery-loader.dir/drivers/St7789.cpp.obj
 .text._ZNSt17_Function_handlerIFvvEZN8Pinetime7Drivers6St77899WriteDataEPKhjEUlvE_E10_M_managerERSt9_Any_dataRKS8_St18_Manager_operation
                0x00000eac       0x20 CMakeFiles/pinetime-recovery-loader.dir/drivers/St7789.cpp.obj
 .text._ZNSt17_Function_handlerIFvvEZN8Pinetime7Drivers6St778912WriteCommandEPKhjEUlvE_E9_M_invokeERKSt9_Any_data
                0x00000ecc       0x10 CMakeFiles/pinetime-recovery-loader.dir/drivers/St7789.cpp.obj
 .text._ZNSt17_Function_handlerIFvvEZN8Pinetime7Drivers6St77899WriteDataEPKhjEUlvE_E9_M_invokeERKSt9_Any_data
                0x00000edc       0x10 CMakeFiles/pinetime-recovery-loader.dir/drivers/St7789.cpp.obj
 .text._ZNSt14_Function_baseD2Ev
                0x00000eec       0x12 CMakeFiles/pinetime-recovery-loader.dir/drivers/St7789.cpp.obj
                0x00000eec                std::_Function_base::~_Function_base()
                0x00000eec                std::_Function_base::~_Function_base()
 .text._ZN8Pinetime7Drivers6St7789C2ERNS0_3SpiEhh
                0x00000efe        0xe CMakeFiles/pinetime-recovery-loader.dir/drivers/St7789.cpp.obj
                0x00000efe                Pinetime::Drivers::St7789::St7789(Pinetime::Drivers::Spi&, unsigned char, unsigned char)
                0x00000efe                Pinetime::Drivers::St7789::St7789(Pinetime::Drivers::Spi&, unsigned char, unsigned char)
 .text._ZN8Pinetime7Drivers6St77898WriteSpiEPKhjRKSt8functionIFvvEE
                0x00000f0c        0x6 CMakeFiles/pinetime-recovery-loader.dir/drivers/St7789.cpp.obj
                0x00000f0c                Pinetime::Drivers::St7789::WriteSpi(unsigned char const*, unsigned int, std::function<void ()> const&)
 *fill*         0x00000f12        0x2 
 .text._ZN8Pinetime7Drivers6St77899WriteDataEPKhj
                0x00000f14       0x30 CMakeFiles/pinetime-recovery-loader.dir/drivers/St7789.cpp.obj
                0x00000f14                Pinetime::Drivers::St7789::WriteData(unsigned char const*, unsigned int)
 .text._ZN8Pinetime7Drivers6St77899WriteDataEh
                0x00000f44       0x16 CMakeFiles/pinetime-recovery-loader.dir/drivers/St7789.cpp.obj
                0x00000f44                Pinetime::Drivers::St7789::WriteData(unsigned char)
 *fill*         0x00000f5a        0x2 
 .text._ZN8Pinetime7Drivers6St778912WriteCommandEPKhj
                0x00000f5c       0x30 CMakeFiles/pinetime-recovery-loader.dir/drivers/St7789.cpp.obj
                0x00000f5c                Pinetime::Drivers::St7789::WriteCommand(unsigned char const*, unsigned int)
 .text._ZN8Pinetime7Drivers6St778912WriteCommandEh
                0x00000f8c       0x16 CMakeFiles/pinetime-recovery-loader.dir/drivers/St7789.cpp.obj
                0x00000f8c                Pinetime::Drivers::St7789::WriteCommand(unsigned char)
 *fill*         0x00000fa2        0x2 
 .text._ZN8Pinetime7Drivers6St778914Command2EnableEv
                0x00000fa4       0x24 CMakeFiles/pinetime-recovery-loader.dir/drivers/St7789.cpp.obj
                0x00000fa4                Pinetime::Drivers::St7789::Command2Enable()
 .text._ZN8Pinetime7Drivers6St77898SleepOutEv
                0x00000fc8       0x20 CMakeFiles/pinetime-recovery-loader.dir/drivers/St7789.cpp.obj
                0x00000fc8                Pinetime::Drivers::St7789::SleepOut()
 .text._ZN8Pinetime7Drivers6St778923EnsureSleepOutPostDelayEv
                0x00000fe8       0x1e CMakeFiles/pinetime-recovery-loader.dir/drivers/St7789.cpp.obj
                0x00000fe8                Pinetime::Drivers::St7789::EnsureSleepOutPostDelay()
 .text._ZN8Pinetime7Drivers6St778913SoftwareResetEv
                0x00001006       0x24 CMakeFiles/pinetime-recovery-loader.dir/drivers/St7789.cpp.obj
                0x00001006                Pinetime::Drivers::St7789::SoftwareReset()
 .text._ZN8Pinetime7Drivers6St778911PixelFormatEv
                0x0000102a       0x16 CMakeFiles/pinetime-recovery-loader.dir/drivers/St7789.cpp.obj
                0x0000102a                Pinetime::Drivers::St7789::PixelFormat()
 .text._ZN8Pinetime7Drivers6St778923MemoryDataAccessControlEv
                0x00001040       0x16 CMakeFiles/pinetime-recovery-loader.dir/drivers/St7789.cpp.obj
                0x00001040                Pinetime::Drivers::St7789::MemoryDataAccessControl()
 .text._ZN8Pinetime7Drivers6St778918DisplayInversionOnEv
                0x00001056        0x6 CMakeFiles/pinetime-recovery-loader.dir/drivers/St7789.cpp.obj
                0x00001056                Pinetime::Drivers::St7789::DisplayInversionOn()
 .text._ZN8Pinetime7Drivers6St778912NormalModeOnEv
                0x0000105c        0x6 CMakeFiles/pinetime-recovery-loader.dir/drivers/St7789.cpp.obj
                0x0000105c                Pinetime::Drivers::St7789::NormalModeOn()
 *fill*         0x00001062        0x2 
 .text._ZN8Pinetime7Drivers6St77898PorchSetEv
                0x00001064       0x28 CMakeFiles/pinetime-recovery-loader.dir/drivers/St7789.cpp.obj
                0x00001064                Pinetime::Drivers::St7789::PorchSet()
 .text._ZN8Pinetime7Drivers6St778918FrameRateNormalSetEv
                0x0000108c       0x16 CMakeFiles/pinetime-recovery-loader.dir/drivers/St7789.cpp.obj
                0x0000108c                Pinetime::Drivers::St7789::FrameRateNormalSet()
 *fill*         0x000010a2        0x2 
 .text._ZN8Pinetime7Drivers6St778916IdleFrameRateOffEv
                0x000010a4       0x2c CMakeFiles/pinetime-recovery-loader.dir/drivers/St7789.cpp.obj
                0x000010a4                Pinetime::Drivers::St7789::IdleFrameRateOff()
 .text._ZN8Pinetime7Drivers6St77899DisplayOnEv
                0x000010d0        0x6 CMakeFiles/pinetime-recovery-loader.dir/drivers/St7789.cpp.obj
                0x000010d0                Pinetime::Drivers::St7789::DisplayOn()
 .text._ZN8Pinetime7Drivers6St778912PowerControlEv
                0x000010d6       0x2e CMakeFiles/pinetime-recovery-loader.dir/drivers/St7789.cpp.obj
                0x000010d6                Pinetime::Drivers::St7789::PowerControl()
 .text._ZN8Pinetime7Drivers6St778911GateControlEv
                0x00001104       0x16 CMakeFiles/pinetime-recovery-loader.dir/drivers/St7789.cpp.obj
                0x00001104                Pinetime::Drivers::St7789::GateControl()
 .text._ZN8Pinetime7Drivers6St778913SetAddrWindowEtttt
                0x0000111a       0x5c CMakeFiles/pinetime-recovery-loader.dir/drivers/St7789.cpp.obj
                0x0000111a                Pinetime::Drivers::St7789::SetAddrWindow(unsigned short, unsigned short, unsigned short, unsigned short)
 .text._ZN8Pinetime7Drivers6St778910WriteToRamEPKhj
                0x00001176       0x1c CMakeFiles/pinetime-recovery-loader.dir/drivers/St7789.cpp.obj
                0x00001176                Pinetime::Drivers::St7789::WriteToRam(unsigned char const*, unsigned int)
 .text._ZN8Pinetime7Drivers6St77896SetVdvEv
                0x00001192       0x16 CMakeFiles/pinetime-recovery-loader.dir/drivers/St7789.cpp.obj
                0x00001192                Pinetime::Drivers::St7789::SetVdv()
 .text._ZN8Pinetime7Drivers6St778910DrawBufferEttttPKhj
                0x000011a8       0x2e CMakeFiles/pinetime-recovery-loader.dir/drivers/St7789.cpp.obj
                0x000011a8                Pinetime::Drivers::St7789::DrawBuffer(unsigned short, unsigned short, unsigned short, unsigned short, unsigned char const*, unsigned int)
 .text._ZN8Pinetime7Drivers6St778913HardwareResetEv
                0x000011d6       0x36 CMakeFiles/pinetime-recovery-loader.dir/drivers/St7789.cpp.obj
                0x000011d6                Pinetime::Drivers::St7789::HardwareReset()
 .text._ZN8Pinetime7Drivers6St77894InitEv
                0x0000120c       0x98 CMakeFiles/pinetime-recovery-loader.dir/drivers/St7789.cpp.obj
                0x0000120c                Pinetime::Drivers::St7789::Init()
 .text._ZN8Pinetime11Controllers20BrightnessController15ApplyBrightnessEt
                0x000012a4      0x194 CMakeFiles/pinetime-recovery-loader.dir/components/brightness/BrightnessController.cpp.obj
                0x000012a4                Pinetime::Controllers::BrightnessController::ApplyBrightness(unsigned short)
 .text._ZN8Pinetime11Controllers20BrightnessController3SetENS1_6LevelsE
                0x00001438       0x24 CMakeFiles/pinetime-recovery-loader.dir/components/brightness/BrightnessController.cpp.obj
                0x00001438                Pinetime::Controllers::BrightnessController::Set(Pinetime::Controllers::BrightnessController::Levels)
 .text._ZN8Pinetime11Controllers20BrightnessController4InitEv
                0x0000145c       0x54 CMakeFiles/pinetime-recovery-loader.dir/components/brightness/BrightnessController.cpp.obj
                0x0000145c                Pinetime::Controllers::BrightnessController::Init()
 .text.SPIM0_SPIS0_TWIM0_TWIS0_SPI0_TWI0_IRQHandler
                0x000014b0       0x60 CMakeFiles/pinetime-recovery-loader.dir/recoveryLoader.cpp.obj
                0x000014b0                SPIM0_SPIS0_TWIM0_TWIS0_SPI0_TWI0_IRQHandler
 .text._Z11DisplayLogov
                0x00001510       0x50 CMakeFiles/pinetime-recovery-loader.dir/recoveryLoader.cpp.obj
                0x00001510                DisplayLogo()
 .text._Z18DisplayProgressBarht
                0x00001560       0x84 CMakeFiles/pinetime-recovery-loader.dir/recoveryLoader.cpp.obj
                0x00001560                DisplayProgressBar(unsigned char, unsigned short)
 .text._Z7ProcessPv
                0x000015e4       0xe8 CMakeFiles/pinetime-recovery-loader.dir/recoveryLoader.cpp.obj
                0x000015e4                Process(void*)
 .text.vApplicationMallocFailedHook
                0x000016cc       0x10 CMakeFiles/pinetime-recovery-loader.dir/recoveryLoader.cpp.obj
                0x000016cc                vApplicationMallocFailedHook
 .text.vApplicationStackOverflowHook
                0x000016dc       0x10 CMakeFiles/pinetime-recovery-loader.dir/recoveryLoader.cpp.obj
                0x000016dc                vApplicationStackOverflowHook
 .text.startup.main
                0x000016ec       0x48 CMakeFiles/pinetime-recovery-loader.dir/recoveryLoader.cpp.obj
                0x000016ec                main
 .text.startup._GLOBAL__sub_I_logger
                0x00001734       0x64 CMakeFiles/pinetime-recovery-loader.dir/recoveryLoader.cpp.obj
 .text          0x00001798       0x3c libnrf-sdk.a(gcc_startup_nrf52.S.obj)
                0x00001798                Reset_Handler
                0x000017c0                NMI_Handler
                0x000017c2                HardFault_Handler
                0x000017c4                MemoryManagement_Handler
                0x000017c6                BusFault_Handler
                0x000017c8                UsageFault_Handler
                0x000017cc                DebugMon_Handler
                0x000017d0                SysTick_Handler
                0x000017d2                QDEC_IRQHandler
                0x000017d2                TIMER3_IRQHandler
                0x000017d2                FPU_IRQHandler
                0x000017d2                UARTE0_UART0_IRQHandler
                0x000017d2                TIMER4_IRQHandler
                0x000017d2                I2S_IRQHandler
                0x000017d2                SWI4_EGU4_IRQHandler
                0x000017d2                TIMER0_IRQHandler
                0x000017d2                TIMER1_IRQHandler
                0x000017d2                PWM2_IRQHandler
                0x000017d2                ECB_IRQHandler
                0x000017d2                SPIM1_SPIS1_TWIM1_TWIS1_SPI1_TWI1_IRQHandler
                0x000017d2                Default_Handler
                0x000017d2                SAADC_IRQHandler
                0x000017d2                CCM_AAR_IRQHandler
                0x000017d2                WDT_IRQHandler
                0x000017d2                SWI5_EGU5_IRQHandler
                0x000017d2                RNG_IRQHandler
                0x000017d2                RTC2_IRQHandler
                0x000017d2                PWM0_IRQHandler
                0x000017d2                SWI3_EGU3_IRQHandler
                0x000017d2                SWI1_EGU1_IRQHandler
                0x000017d2                SPIM2_SPIS2_SPI2_IRQHandler
                0x000017d2                NFCT_IRQHandler
                0x000017d2                MWU_IRQHandler
                0x000017d2                TIMER2_IRQHandler
                0x000017d2                COMP_LPCOMP_IRQHandler
                0x000017d2                RTC0_IRQHandler
                0x000017d2                SWI0_EGU0_IRQHandler
                0x000017d2                SWI2_EGU2_IRQHandler
                0x000017d2                PWM1_IRQHandler
                0x000017d2                RADIO_IRQHandler
                0x000017d2                PDM_IRQHandler
                0x000017d2                TEMP_IRQHandler
 .text.clock_clk_started_notify
                0x000017d4       0x24 libnrf-sdk.a(nrf_drv_clock.c.obj)
 .text.clock_irq_handler
                0x000017f8       0x1c libnrf-sdk.a(nrf_drv_clock.c.obj)
 .text.nrf_drv_clock_init
                0x00001814       0x30 libnrf-sdk.a(nrf_drv_clock.c.obj)
                0x00001814                nrf_drv_clock_init
 .text.nrf_drv_clock_lfclk_request
                0x00001844       0x54 libnrf-sdk.a(nrf_drv_clock.c.obj)
                0x00001844                nrf_drv_clock_lfclk_request
 .text.nrfx_clock_init
                0x00001898       0x18 libnrf-sdk.a(nrfx_clock.c.obj)
                0x00001898                nrfx_clock_init
 .text.nrfx_clock_enable
                0x000018b0       0x24 libnrf-sdk.a(nrfx_clock.c.obj)
                0x000018b0                nrfx_clock_enable
 .text.nrfx_clock_lfclk_start
                0x000018d4       0x58 libnrf-sdk.a(nrfx_clock.c.obj)
                0x000018d4                nrfx_clock_lfclk_start
 .text.POWER_CLOCK_IRQHandler
                0x0000192c       0x64 libnrf-sdk.a(nrfx_clock.c.obj)
                0x0000192c                POWER_CLOCK_IRQHandler
 .text.nrf_gpiote_event_clear
                0x00001990       0x18 libnrf-sdk.a(nrfx_gpiote.c.obj)
 .text.nrf_gpio_cfg_sense_set
                0x000019a8       0x20 libnrf-sdk.a(nrfx_gpiote.c.obj)
 .text.nrf_bitmask_bit_set
                0x000019c8       0x12 libnrf-sdk.a(nrfx_gpiote.c.obj)
 *fill*         0x000019da        0x2 
 .text.channel_free
                0x000019dc       0x1c libnrf-sdk.a(nrfx_gpiote.c.obj)
 .text.nrfx_gpiote_init
                0x000019f8       0x70 libnrf-sdk.a(nrfx_gpiote.c.obj)
                0x000019f8                nrfx_gpiote_init
 .text.nrfx_gpiote_is_init
                0x00001a68       0x14 libnrf-sdk.a(nrfx_gpiote.c.obj)
                0x00001a68                nrfx_gpiote_is_init
 .text.nrfx_gpiote_out_init
                0x00001a7c       0xb4 libnrf-sdk.a(nrfx_gpiote.c.obj)
                0x00001a7c                nrfx_gpiote_out_init
 .text.nrfx_gpiote_out_uninit
                0x00001b30       0x64 libnrf-sdk.a(nrfx_gpiote.c.obj)
                0x00001b30                nrfx_gpiote_out_uninit
 .text.nrfx_gpiote_out_task_enable
                0x00001b94       0x24 libnrf-sdk.a(nrfx_gpiote.c.obj)
                0x00001b94                nrfx_gpiote_out_task_enable
 .text.nrfx_gpiote_out_task_addr_get
                0x00001bb8       0x1c libnrf-sdk.a(nrfx_gpiote.c.obj)
                0x00001bb8                nrfx_gpiote_out_task_addr_get
 .text.nrfx_gpiote_out_task_force
                0x00001bd4       0x30 libnrf-sdk.a(nrfx_gpiote.c.obj)
                0x00001bd4                nrfx_gpiote_out_task_force
 .text.nrfx_gpiote_in_init
                0x00001c04       0xec libnrf-sdk.a(nrfx_gpiote.c.obj)
                0x00001c04                nrfx_gpiote_in_init
 .text.nrfx_gpiote_in_event_enable
                0x00001cf0       0x84 libnrf-sdk.a(nrfx_gpiote.c.obj)
                0x00001cf0                nrfx_gpiote_in_event_enable
 .text.nrfx_gpiote_in_event_disable
                0x00001d74       0x44 libnrf-sdk.a(nrfx_gpiote.c.obj)
                0x00001d74                nrfx_gpiote_in_event_disable
 .text.nrfx_gpiote_in_uninit
                0x00001db8       0x6c libnrf-sdk.a(nrfx_gpiote.c.obj)
                0x00001db8                nrfx_gpiote_in_uninit
 .text.nrfx_gpiote_in_event_addr_get
                0x00001e24       0x28 libnrf-sdk.a(nrfx_gpiote.c.obj)
                0x00001e24                nrfx_gpiote_in_event_addr_get
 .text.GPIOTE_IRQHandler
                0x00001e4c      0x178 libnrf-sdk.a(nrfx_gpiote.c.obj)
                0x00001e4c                GPIOTE_IRQHandler
 .text.prvIsQueueEmpty
                0x00001fc4       0x16 libnrf-sdk.a(queue.c.obj)
 .text.prvCopyDataToQueue
                0x00001fda       0x66 libnrf-sdk.a(queue.c.obj)
 .text.prvCopyDataFromQueue
                0x00002040       0x2c libnrf-sdk.a(queue.c.obj)
 .text.prvUnlockQueue
                0x0000206c       0x6c libnrf-sdk.a(queue.c.obj)
 .text.xQueueGenericReset
                0x000020d8       0x6c libnrf-sdk.a(queue.c.obj)
                0x000020d8                xQueueGenericReset
 .text.xQueueGenericCreate
                0x00002144       0x34 libnrf-sdk.a(queue.c.obj)
                0x00002144                xQueueGenericCreate
 .text.xQueueGenericSend
                0x00002178      0x100 libnrf-sdk.a(queue.c.obj)
                0x00002178                xQueueGenericSend
 .text.xQueueGenericSendFromISR
                0x00002278       0x62 libnrf-sdk.a(queue.c.obj)
                0x00002278                xQueueGenericSendFromISR
 .text.xQueueGiveFromISR
                0x000022da       0x50 libnrf-sdk.a(queue.c.obj)
                0x000022da                xQueueGiveFromISR
 *fill*         0x0000232a        0x2 
 .text.xQueueReceive
                0x0000232c       0xf4 libnrf-sdk.a(queue.c.obj)
                0x0000232c                xQueueReceive
 .text.xQueueSemaphoreTake
                0x00002420      0x124 libnrf-sdk.a(queue.c.obj)
                0x00002420                xQueueSemaphoreTake
 .text.vQueueAddToRegistry
                0x00002544       0x1c libnrf-sdk.a(queue.c.obj)
                0x00002544                vQueueAddToRegistry
 .text.vQueueWaitForMessageRestricted
                0x00002560       0x46 libnrf-sdk.a(queue.c.obj)
                0x00002560                vQueueWaitForMessageRestricted
 *fill*         0x000025a6        0x2 
 .text.prvAddCurrentTaskToDelayedList
                0x000025a8       0x88 libnrf-sdk.a(tasks.c.obj)
 .text.prvGetExpectedIdleTime
                0x00002630       0x3c libnrf-sdk.a(tasks.c.obj)
 .text.prvResetNextTaskUnblockTime
                0x0000266c       0x24 libnrf-sdk.a(tasks.c.obj)
 .text.xTaskCreate
                0x00002690      0x1b0 libnrf-sdk.a(tasks.c.obj)
                0x00002690                xTaskCreate
 .text.vTaskStartScheduler
                0x00002840       0x5c libnrf-sdk.a(tasks.c.obj)
                0x00002840                vTaskStartScheduler
 .text.vTaskSuspendAll
                0x0000289c       0x10 libnrf-sdk.a(tasks.c.obj)
                0x0000289c                vTaskSuspendAll
 .text.xTaskGetTickCount
                0x000028ac        0xc libnrf-sdk.a(tasks.c.obj)
                0x000028ac                xTaskGetTickCount
 .text.vTaskStepTick
                0x000028b8       0x10 libnrf-sdk.a(tasks.c.obj)
                0x000028b8                vTaskStepTick
 .text.xTaskIncrementTick
                0x000028c8       0xec libnrf-sdk.a(tasks.c.obj)
                0x000028c8                xTaskIncrementTick
 .text.xTaskResumeAll
                0x000029b4       0xd8 libnrf-sdk.a(tasks.c.obj)
                0x000029b4                xTaskResumeAll
 .text.vTaskDelay
                0x00002a8c       0x30 libnrf-sdk.a(tasks.c.obj)
                0x00002a8c                vTaskDelay
 .text.prvIdleTask
                0x00002abc       0x84 libnrf-sdk.a(tasks.c.obj)
 .text.vTaskSwitchContext
                0x00002b40       0x74 libnrf-sdk.a(tasks.c.obj)
                0x00002b40                vTaskSwitchContext
 .text.vTaskPlaceOnEventList
                0x00002bb4       0x20 libnrf-sdk.a(tasks.c.obj)
                0x00002bb4                vTaskPlaceOnEventList
 .text.vTaskPlaceOnEventListRestricted
                0x00002bd4       0x28 libnrf-sdk.a(tasks.c.obj)
                0x00002bd4                vTaskPlaceOnEventListRestricted
 .text.xTaskRemoveFromEventList
                0x00002bfc       0x74 libnrf-sdk.a(tasks.c.obj)
                0x00002bfc                xTaskRemoveFromEventList
 .text.vTaskInternalSetTimeOutState
                0x00002c70       0x18 libnrf-sdk.a(tasks.c.obj)
                0x00002c70                vTaskInternalSetTimeOutState
 .text.xTaskCheckForTimeOut
                0x00002c88       0x50 libnrf-sdk.a(tasks.c.obj)
                0x00002c88                xTaskCheckForTimeOut
 .text.vTaskMissedYield
                0x00002cd8        0xc libnrf-sdk.a(tasks.c.obj)
                0x00002cd8                vTaskMissedYield
 .text.eTaskConfirmSleepModeStatus
                0x00002ce4       0x34 libnrf-sdk.a(tasks.c.obj)
                0x00002ce4                eTaskConfirmSleepModeStatus
 .text.xTaskGetSchedulerState
                0x00002d18       0x20 libnrf-sdk.a(tasks.c.obj)
                0x00002d18                xTaskGetSchedulerState
 .text.xTaskPriorityInherit
                0x00002d38       0xa0 libnrf-sdk.a(tasks.c.obj)
                0x00002d38                xTaskPriorityInherit
 .text.xTaskPriorityDisinherit
                0x00002dd8       0x70 libnrf-sdk.a(tasks.c.obj)
                0x00002dd8                xTaskPriorityDisinherit
 .text.vTaskPriorityDisinheritAfterTimeout
                0x00002e48       0x80 libnrf-sdk.a(tasks.c.obj)
                0x00002e48                vTaskPriorityDisinheritAfterTimeout
 .text.pvTaskIncrementMutexHeldCount
                0x00002ec8       0x18 libnrf-sdk.a(tasks.c.obj)
                0x00002ec8                pvTaskIncrementMutexHeldCount
 .text.prvInsertTimerInActiveList
                0x00002ee0       0x3c libnrf-sdk.a(timers.c.obj)
 .text.prvCheckForValidListAndQueue
                0x00002f1c       0x58 libnrf-sdk.a(timers.c.obj)
 .text.xTimerCreateTimerTask
                0x00002f74       0x38 libnrf-sdk.a(timers.c.obj)
                0x00002f74                xTimerCreateTimerTask
 .text.xTimerGenericCommand
                0x00002fac       0x44 libnrf-sdk.a(timers.c.obj)
                0x00002fac                xTimerGenericCommand
 .text.prvSampleTimeNow
                0x00002ff0       0x8c libnrf-sdk.a(timers.c.obj)
 .text.prvTimerTask
                0x0000307c      0x17c libnrf-sdk.a(timers.c.obj)
 .text.app_error_handler_bare
                0x000031f8       0x1a libnrf-sdk.a(app_error.c.obj)
                0x000031f8                app_error_handler_bare
 *fill*         0x00003212        0x2 
 .text.app_error_fault_handler
                0x00003214       0x30 libnrf-sdk.a(app_error_weak.c.obj)
                0x00003214                app_error_fault_handler
 .text.app_util_disable_irq
                0x00003244       0x10 libnrf-sdk.a(app_util_platform.c.obj)
                0x00003244                app_util_disable_irq
 .text.app_util_enable_irq
                0x00003254       0x14 libnrf-sdk.a(app_util_platform.c.obj)
                0x00003254                app_util_enable_irq
 .text.app_util_critical_region_enter
                0x00003268        0x4 libnrf-sdk.a(app_util_platform.c.obj)
                0x00003268                app_util_critical_region_enter
 .text.app_util_critical_region_exit
                0x0000326c        0x4 libnrf-sdk.a(app_util_platform.c.obj)
                0x0000326c                app_util_critical_region_exit
 .text.app_gpiote_init
                0x00003270       0x54 libnrf-sdk.a(app_gpiote.c.obj)
                0x00003270                app_gpiote_init
 .text.errata_12
                0x000032c4       0x36 libnrf-sdk.a(system_nrf52.c.obj)
 .text.errata_16
                0x000032fa       0x2a libnrf-sdk.a(system_nrf52.c.obj)
 .text.SystemInit
                0x00003324      0x25c libnrf-sdk.a(system_nrf52.c.obj)
                0x00003324                SystemInit
 .text.vListInitialise
                0x00003580       0x16 libnrf-sdk.a(list.c.obj)
                0x00003580                vListInitialise
 .text.vListInitialiseItem
                0x00003596        0x6 libnrf-sdk.a(list.c.obj)
                0x00003596                vListInitialiseItem
 .text.vListInsertEnd
                0x0000359c       0x16 libnrf-sdk.a(list.c.obj)
                0x0000359c                vListInsertEnd
 .text.vListInsert
                0x000035b2       0x2e libnrf-sdk.a(list.c.obj)
                0x000035b2                vListInsert
 .text.uxListRemove
                0x000035e0       0x24 libnrf-sdk.a(list.c.obj)
                0x000035e0                uxListRemove
 .text.exit     0x00003604       0x24 /opt/homebrew/arm-toolchain/bin/../lib/gcc/arm-none-eabi/13.2.1/../../../../arm-none-eabi/lib/thumb/v7e-m+fp/hard/libc_nano.a(libc_a-exit.o)
                0x00003604                exit
 .text.memset   0x00003628       0x10 /opt/homebrew/arm-toolchain/bin/../lib/gcc/arm-none-eabi/13.2.1/../../../../arm-none-eabi/lib/thumb/v7e-m+fp/hard/libc_nano.a(libc_a-memset.o)
                0x00003628                memset
 .text.__libc_init_array
                0x00003638       0x48 /opt/homebrew/arm-toolchain/bin/../lib/gcc/arm-none-eabi/13.2.1/../../../../arm-none-eabi/lib/thumb/v7e-m+fp/hard/libc_nano.a(libc_a-init.o)
                0x00003638                __libc_init_array
 .text.memcpy   0x00003680       0x1c /opt/homebrew/arm-toolchain/bin/../lib/gcc/arm-none-eabi/13.2.1/../../../../arm-none-eabi/lib/thumb/v7e-m+fp/hard/libc_nano.a(libc_a-memcpy-stub.o)
                0x00003680                memcpy
 .text._exit    0x0000369c        0x4 /opt/homebrew/arm-toolchain/bin/../lib/gcc/arm-none-eabi/13.2.1/../../../../arm-none-eabi/lib/thumb/v7e-m+fp/hard/libnosys.a(_exit.o)
                0x0000369c                _exit
 *(.init)
 .init          0x000036a0        0x4 /opt/homebrew/arm-toolchain/bin/../lib/gcc/arm-none-eabi/13.2.1/thumb/v7e-m+fp/hard/crti.o
                0x000036a0                _init
 .init          0x000036a4        0x8 /opt/homebrew/arm-toolchain/bin/../lib/gcc/arm-none-eabi/13.2.1/thumb/v7e-m+fp/hard/crtn.o
 *(.fini)
 .fini          0x000036ac        0x4 /opt/homebrew/arm-toolchain/bin/../lib/gcc/arm-none-eabi/13.2.1/thumb/v7e-m+fp/hard/crti.o
                0x000036ac                _fini
 .fini          0x000036b0        0x8 /opt/homebrew/arm-toolchain/bin/../lib/gcc/arm-none-eabi/13.2.1/thumb/v7e-m+fp/hard/crtn.o
 *crtbegin.o(.ctors)
 *crtbegin?.o(.ctors)
 *(EXCLUDE_FILE(*crtend.o *crtend?.o) .ctors)
 *(SORT_BY_NAME(.ctors.*))
 *(.ctors)
 *crtbegin.o(.dtors)
 *crtbegin?.o(.dtors)
 *(EXCLUDE_FILE(*crtend.o *crtend?.o) .dtors)
 *(SORT_BY_NAME(.dtors.*))
 *(.dtors)
 *(.rodata*)
 .rodata        0x000036b8        0x3 CMakeFiles/pinetime-recovery-loader.dir/drivers/SpiMaster.cpp.obj
 .rodata._ZN8Pinetime7Drivers6St77898PorchSetEv.str1.1
                0x000036bb       0x1d CMakeFiles/pinetime-recovery-loader.dir/drivers/St7789.cpp.obj
                                  0x6 (size before relaxing)
 .rodata        0x000036d8        0x3 CMakeFiles/pinetime-recovery-loader.dir/drivers/St7789.cpp.obj
 *fill*         0x000036db        0x5 
 .rodata._ZZ21nrfx_coredep_delay_usE18delay_machine_code
                0x000036e0        0x6 CMakeFiles/pinetime-recovery-loader.dir/components/brightness/BrightnessController.cpp.obj
 .rodata        0x000036e6        0x3 CMakeFiles/pinetime-recovery-loader.dir/components/brightness/BrightnessController.cpp.obj
 .rodata.main.str1.1
                0x000036e9        0x5 CMakeFiles/pinetime-recovery-loader.dir/recoveryLoader.cpp.obj
 .rodata._ZL13infinitime_nb
                0x000036e9      0x5a5 CMakeFiles/pinetime-recovery-loader.dir/recoveryLoader.cpp.obj
 .rodata._ZL13recoveryImage
                0x00003c8e    0x2aa64 CMakeFiles/pinetime-recovery-loader.dir/recoveryLoader.cpp.obj
 .rodata        0x0002e6f2        0x6 CMakeFiles/pinetime-recovery-loader.dir/recoveryLoader.cpp.obj
 .rodata.vTaskStartScheduler.str1.1
                0x0002e6f8        0x5 libnrf-sdk.a(tasks.c.obj)
 .rodata.prvCheckForValidListAndQueue.str1.1
                0x0002e6f8        0x5 libnrf-sdk.a(timers.c.obj)
 .rodata.xTimerCreateTimerTask.str1.1
                0x0002e6f8        0x8 libnrf-sdk.a(timers.c.obj)
 *(.eh_frame*)
 .eh_frame      0x0002e6f8        0x0 /opt/homebrew/arm-toolchain/bin/../lib/gcc/arm-none-eabi/13.2.1/thumb/v7e-m+fp/hard/crtbegin.o
 .eh_frame      0x0002e6f8        0x4 /opt/homebrew/arm-toolchain/bin/../lib/gcc/arm-none-eabi/13.2.1/thumb/v7e-m+fp/hard/crtend.o

.glue_7         0x0002e6fc        0x0
 .glue_7        0x0002e6fc        0x0 linker stubs

.glue_7t        0x0002e6fc        0x0
 .glue_7t       0x0002e6fc        0x0 linker stubs

.vfp11_veneer   0x0002e6fc        0x0
 .vfp11_veneer  0x0002e6fc        0x0 linker stubs

.v4_bx          0x0002e6fc        0x0
 .v4_bx         0x0002e6fc        0x0 linker stubs

.iplt           0x0002e6fc        0x0
 .iplt          0x0002e6fc        0x0 /opt/homebrew/arm-toolchain/bin/../lib/gcc/arm-none-eabi/13.2.1/thumb/v7e-m+fp/hard/crtbegin.o

.mem_section_dummy_rom

.sdh_soc_observers
                0x0002e6fc        0x0
                [!provide]                        PROVIDE (__start_sdh_soc_observers = .)
 *(SORT_BY_NAME(.sdh_soc_observers*))
                [!provide]                        PROVIDE (__stop_sdh_soc_observers = .)

.sdh_ble_observers
                0x0002e6fc        0x0
                [!provide]                        PROVIDE (__start_sdh_ble_observers = .)
 *(SORT_BY_NAME(.sdh_ble_observers*))
                [!provide]                        PROVIDE (__stop_sdh_ble_observers = .)

.sdh_req_observers
                0x0002e6fc        0x0
                [!provide]                        PROVIDE (__start_sdh_req_observers = .)
 *(SORT_BY_NAME(.sdh_req_observers*))
                [!provide]                        PROVIDE (__stop_sdh_req_observers = .)

.sdh_state_observers
                0x0002e6fc        0x0
                [!provide]                        PROVIDE (__start_sdh_state_observers = .)
 *(SORT_BY_NAME(.sdh_state_observers*))
                [!provide]                        PROVIDE (__stop_sdh_state_observers = .)

.sdh_stack_observers
                0x0002e6fc        0x0
                [!provide]                        PROVIDE (__start_sdh_stack_observers = .)
 *(SORT_BY_NAME(.sdh_stack_observers*))
                [!provide]                        PROVIDE (__stop_sdh_stack_observers = .)

.nrf_queue      0x0002e6fc        0x0
                [!provide]                        PROVIDE (__start_nrf_queue = .)
 *(.nrf_queue)
                [!provide]                        PROVIDE (__stop_nrf_queue = .)

.nrf_balloc     0x0002e6fc        0x0
                [!provide]                        PROVIDE (__start_nrf_balloc = .)
 *(.nrf_balloc)
                [!provide]                        PROVIDE (__stop_nrf_balloc = .)

.cli_command    0x0002e6fc        0x0
                [!provide]                        PROVIDE (__start_cli_command = .)
 *(.cli_command)
                [!provide]                        PROVIDE (__stop_cli_command = .)

.crypto_data    0x0002e6fc        0x0
                [!provide]                        PROVIDE (__start_crypto_data = .)
 *(SORT_BY_NAME(.crypto_data*))
                [!provide]                        PROVIDE (__stop_crypto_data = .)

.pwr_mgmt_data  0x0002e6fc        0x0
                [!provide]                        PROVIDE (__start_pwr_mgmt_data = .)
 *(SORT_BY_NAME(.pwr_mgmt_data*))
                [!provide]                        PROVIDE (__stop_pwr_mgmt_data = .)

.log_const_data
                0x0002e6fc        0x0
                [!provide]                        PROVIDE (__start_log_const_data = .)
 *(SORT_BY_NAME(.log_const_data*))
                [!provide]                        PROVIDE (__stop_log_const_data = .)

.log_backends   0x0002e6fc        0x0
                [!provide]                        PROVIDE (__start_log_backends = .)
 *(SORT_BY_NAME(.log_backends*))
                [!provide]                        PROVIDE (__stop_log_backends = .)

.nrf_balloc     0x0002e6fc        0x0
                [!provide]                        PROVIDE (__start_nrf_balloc = .)
 *(.nrf_balloc)
                [!provide]                        PROVIDE (__stop_nrf_balloc = .)

.ARM.extab
 *(.ARM.extab* .gnu.linkonce.armextab.*)
                0x0002e6fc                        __exidx_start = .

.ARM.exidx      0x0002e6fc        0x8
 *(.ARM.exidx* .gnu.linkonce.armexidx.*)
 .ARM.exidx     0x0002e6fc        0x8 /opt/homebrew/arm-toolchain/bin/../lib/gcc/arm-none-eabi/13.2.1/../../../../arm-none-eabi/lib/thumb/v7e-m+fp/hard/crt0.o
                                 0x10 (size before relaxing)
                0x0002e704                        __exidx_end = .
                0x0002e704                        __etext = .

.rel.dyn        0x0002e704        0x0
 .rel.iplt      0x0002e704        0x0 /opt/homebrew/arm-toolchain/bin/../lib/gcc/arm-none-eabi/13.2.1/thumb/v7e-m+fp/hard/crtbegin.o

.data           0x20000000       0x18 load address 0x0002e704
                0x20000000                        __data_start__ = .
 *(vtable)
 *(.data*)
 .data.brightnessController
                0x20000000        0x8 CMakeFiles/pinetime-recovery-loader.dir/recoveryLoader.cpp.obj
                0x20000000                brightnessController
 .data.SystemCoreClock
                0x20000008        0x4 libnrf-sdk.a(system_nrf52.c.obj)
                0x20000008                SystemCoreClock
                0x2000000c                        . = ALIGN (0x4)
                0x2000000c                        PROVIDE (__preinit_array_start = .)
 *(.preinit_array)
                0x2000000c                        PROVIDE (__preinit_array_end = .)
                0x2000000c                        . = ALIGN (0x4)
                0x2000000c                        PROVIDE (__init_array_start = .)
 *(SORT_BY_NAME(.init_array.*))
 *(.init_array)
 .init_array    0x2000000c        0x4 /opt/homebrew/arm-toolchain/bin/../lib/gcc/arm-none-eabi/13.2.1/thumb/v7e-m+fp/hard/crtbegin.o
 .init_array    0x20000010        0x4 CMakeFiles/pinetime-recovery-loader.dir/recoveryLoader.cpp.obj
                0x20000014                        PROVIDE (__init_array_end = .)
                0x20000014                        . = ALIGN (0x4)
                [!provide]                        PROVIDE (__fini_array_start = .)
 *(SORT_BY_NAME(.fini_array.*))
 *(.fini_array)
 .fini_array    0x20000014        0x4 /opt/homebrew/arm-toolchain/bin/../lib/gcc/arm-none-eabi/13.2.1/thumb/v7e-m+fp/hard/crtbegin.o
                [!provide]                        PROVIDE (__fini_array_end = .)
 *(.jcr*)
                0x20000018                        . = ALIGN (0x4)
                0x20000018                        __data_end__ = .

.tm_clone_table
                0x20000018        0x0 load address 0x0002e71c
 .tm_clone_table
                0x20000018        0x0 /opt/homebrew/arm-toolchain/bin/../lib/gcc/arm-none-eabi/13.2.1/thumb/v7e-m+fp/hard/crtbegin.o
 .tm_clone_table
                0x20000018        0x0 /opt/homebrew/arm-toolchain/bin/../lib/gcc/arm-none-eabi/13.2.1/thumb/v7e-m+fp/hard/crtend.o

.igot.plt       0x20000018        0x0 load address 0x0002e71c
 .igot.plt      0x20000018        0x0 /opt/homebrew/arm-toolchain/bin/../lib/gcc/arm-none-eabi/13.2.1/thumb/v7e-m+fp/hard/crtbegin.o
                0x20000018                        . = ALIGN (0x4)

.mem_section_dummy_ram

.cli_sorted_cmd_ptrs
                0x20000018        0x0
                [!provide]                        PROVIDE (__start_cli_sorted_cmd_ptrs = .)
 *(.cli_sorted_cmd_ptrs)
                [!provide]                        PROVIDE (__stop_cli_sorted_cmd_ptrs = .)

.fs_data        0x20000018        0x0
                [!provide]                        PROVIDE (__start_fs_data = .)
 *(.fs_data)
                [!provide]                        PROVIDE (__stop_fs_data = .)

.log_dynamic_data
                0x20000018        0x0
                [!provide]                        PROVIDE (__start_log_dynamic_data = .)
 *(SORT_BY_NAME(.log_dynamic_data*))
                [!provide]                        PROVIDE (__stop_log_dynamic_data = .)

.log_filter_data
                0x20000018        0x0
                [!provide]                        PROVIDE (__start_log_filter_data = .)
 *(SORT_BY_NAME(.log_filter_data*))
                [!provide]                        PROVIDE (__stop_log_filter_data = .)

.bss            0x20000018      0x450 load address 0x0002e71c
                0x20000018                        . = ALIGN (0x4)
                0x20000018                        __bss_start__ = .
 *(.bss*)
 .bss.completed.1
                0x20000018        0x1 /opt/homebrew/arm-toolchain/bin/../lib/gcc/arm-none-eabi/13.2.1/thumb/v7e-m+fp/hard/crtbegin.o
 *fill*         0x20000019        0x3 
 .bss.object.0  0x2000001c       0x18 /opt/homebrew/arm-toolchain/bin/../lib/gcc/arm-none-eabi/13.2.1/thumb/v7e-m+fp/hard/crtbegin.o
 .bss.xHeapSize
                0x20000034        0x4 CMakeFiles/pinetime-recovery-loader.dir/FreeRTOS/heap_4_infinitime.c.obj
 .bss.xBlockAllocatedBit
                0x20000038        0x4 CMakeFiles/pinetime-recovery-loader.dir/FreeRTOS/heap_4_infinitime.c.obj
 .bss.xMinimumEverFreeBytesRemaining
                0x2000003c        0x4 CMakeFiles/pinetime-recovery-loader.dir/FreeRTOS/heap_4_infinitime.c.obj
 .bss.xFreeBytesRemaining
                0x20000040        0x4 CMakeFiles/pinetime-recovery-loader.dir/FreeRTOS/heap_4_infinitime.c.obj
 .bss.pxEnd     0x20000044        0x4 CMakeFiles/pinetime-recovery-loader.dir/FreeRTOS/heap_4_infinitime.c.obj
 .bss.xStart    0x20000048        0x8 CMakeFiles/pinetime-recovery-loader.dir/FreeRTOS/heap_4_infinitime.c.obj
 .bss.uxCriticalNesting
                0x20000050        0x4 CMakeFiles/pinetime-recovery-loader.dir/FreeRTOS/port_cmsis.c.obj
 .bss.stackOverflowCount
                0x20000054        0x4 CMakeFiles/pinetime-recovery-loader.dir/recoveryLoader.cpp.obj
                0x20000054                stackOverflowCount
 .bss.mallocFailedCount
                0x20000058        0x4 CMakeFiles/pinetime-recovery-loader.dir/recoveryLoader.cpp.obj
                0x20000058                mallocFailedCount
 .bss._ZZ7ProcessPvE14app_gpiote_buf
                0x2000005c       0x30 CMakeFiles/pinetime-recovery-loader.dir/recoveryLoader.cpp.obj
 .bss.displayBuffer
                0x2000008c      0x1e0 CMakeFiles/pinetime-recovery-loader.dir/recoveryLoader.cpp.obj
                0x2000008c                displayBuffer
 .bss.lcd       0x2000026c       0x14 CMakeFiles/pinetime-recovery-loader.dir/recoveryLoader.cpp.obj
                0x2000026c                lcd
 .bss.lcdSpi    0x20000280        0x8 CMakeFiles/pinetime-recovery-loader.dir/recoveryLoader.cpp.obj
                0x20000280                lcdSpi
 .bss.spiNorFlash
                0x20000288        0x8 CMakeFiles/pinetime-recovery-loader.dir/recoveryLoader.cpp.obj
                0x20000288                spiNorFlash
 .bss.flashSpi  0x20000290        0x8 CMakeFiles/pinetime-recovery-loader.dir/recoveryLoader.cpp.obj
                0x20000290                flashSpi
 .bss.spi       0x20000298       0x1c CMakeFiles/pinetime-recovery-loader.dir/recoveryLoader.cpp.obj
                0x20000298                spi
 .bss.m_clock_cb
                0x200002b4       0x14 libnrf-sdk.a(nrf_drv_clock.c.obj)
 .bss.m_clock_cb
                0x200002c8        0x8 libnrf-sdk.a(nrfx_clock.c.obj)
 .bss.m_cb      0x200002d0       0x5c libnrf-sdk.a(nrfx_gpiote.c.obj)
 .bss.xQueueRegistry
                0x2000032c       0x10 libnrf-sdk.a(queue.c.obj)
                0x2000032c                xQueueRegistry
 .bss.uxSchedulerSuspended
                0x2000033c        0x4 libnrf-sdk.a(tasks.c.obj)
 .bss.xIdleTaskHandle
                0x20000340        0x4 libnrf-sdk.a(tasks.c.obj)
 .bss.xNextTaskUnblockTime
                0x20000344        0x4 libnrf-sdk.a(tasks.c.obj)
 .bss.uxTaskNumber
                0x20000348        0x4 libnrf-sdk.a(tasks.c.obj)
 .bss.xNumOfOverflows
                0x2000034c        0x4 libnrf-sdk.a(tasks.c.obj)
 .bss.xYieldPending
                0x20000350        0x4 libnrf-sdk.a(tasks.c.obj)
 .bss.uxPendedTicks
                0x20000354        0x4 libnrf-sdk.a(tasks.c.obj)
 .bss.xSchedulerRunning
                0x20000358        0x4 libnrf-sdk.a(tasks.c.obj)
 .bss.uxTopReadyPriority
                0x2000035c        0x4 libnrf-sdk.a(tasks.c.obj)
 .bss.xTickCount
                0x20000360        0x4 libnrf-sdk.a(tasks.c.obj)
 .bss.uxCurrentNumberOfTasks
                0x20000364        0x4 libnrf-sdk.a(tasks.c.obj)
 .bss.xSuspendedTaskList
                0x20000368       0x14 libnrf-sdk.a(tasks.c.obj)
 .bss.uxDeletedTasksWaitingCleanUp
                0x2000037c        0x4 libnrf-sdk.a(tasks.c.obj)
 .bss.xTasksWaitingTermination
                0x20000380       0x14 libnrf-sdk.a(tasks.c.obj)
 .bss.xPendingReadyList
                0x20000394       0x14 libnrf-sdk.a(tasks.c.obj)
 .bss.pxOverflowDelayedTaskList
                0x200003a8        0x4 libnrf-sdk.a(tasks.c.obj)
 .bss.pxDelayedTaskList
                0x200003ac        0x4 libnrf-sdk.a(tasks.c.obj)
 .bss.xDelayedTaskList2
                0x200003b0       0x14 libnrf-sdk.a(tasks.c.obj)
 .bss.xDelayedTaskList1
                0x200003c4       0x14 libnrf-sdk.a(tasks.c.obj)
 .bss.pxReadyTasksLists
                0x200003d8       0x3c libnrf-sdk.a(tasks.c.obj)
 .bss.pxCurrentTCB
                0x20000414        0x4 libnrf-sdk.a(tasks.c.obj)
                0x20000414                pxCurrentTCB
 .bss.xLastTime.0
                0x20000418        0x4 libnrf-sdk.a(timers.c.obj)
 .bss.xTimerTaskHandle
                0x2000041c        0x4 libnrf-sdk.a(timers.c.obj)
 .bss.xTimerQueue
                0x20000420        0x4 libnrf-sdk.a(timers.c.obj)
 .bss.pxOverflowTimerList
                0x20000424        0x4 libnrf-sdk.a(timers.c.obj)
 .bss.pxCurrentTimerList
                0x20000428        0x4 libnrf-sdk.a(timers.c.obj)
 .bss.xActiveTimerList2
                0x2000042c       0x14 libnrf-sdk.a(timers.c.obj)
 .bss.xActiveTimerList1
                0x20000440       0x14 libnrf-sdk.a(timers.c.obj)
 .bss.m_in_critical_region
                0x20000454        0x4 libnrf-sdk.a(app_util_platform.c.obj)
 .bss.m_pins    0x20000458        0x4 libnrf-sdk.a(app_gpiote.c.obj)
 .bss.mp_users  0x2000045c        0x4 libnrf-sdk.a(app_gpiote.c.obj)
 .bss.m_user_count
                0x20000460        0x1 libnrf-sdk.a(app_gpiote.c.obj)
 .bss.m_user_array_size
                0x20000461        0x1 libnrf-sdk.a(app_gpiote.c.obj)
 *fill*         0x20000462        0x2 
 .bss.__stdio_exit_handler
                0x20000464        0x4 /opt/homebrew/arm-toolchain/bin/../lib/gcc/arm-none-eabi/13.2.1/../../../../arm-none-eabi/lib/thumb/v7e-m+fp/hard/libc_nano.a(libc_a-findfp.o)
                0x20000464                __stdio_exit_handler
 *(COMMON)
                0x20000468                        . = ALIGN (0x4)
                0x20000468                        __bss_end__ = .
LOAD /opt/homebrew/arm-toolchain/bin/../lib/gcc/arm-none-eabi/13.2.1/thumb/v7e-m+fp/hard/crti.o
LOAD /opt/homebrew/arm-toolchain/bin/../lib/gcc/arm-none-eabi/13.2.1/thumb/v7e-m+fp/hard/crtbegin.o
LOAD /opt/homebrew/arm-toolchain/bin/../lib/gcc/arm-none-eabi/13.2.1/../../../../arm-none-eabi/lib/thumb/v7e-m+fp/hard/crt0.o
LOAD /opt/homebrew/arm-toolchain/bin/../lib/gcc/arm-none-eabi/13.2.1/../../../../arm-none-eabi/lib/thumb/v7e-m+fp/hard/libnosys.a
LOAD CMakeFiles/pinetime-recovery-loader.dir/stdlib.c.obj
LOAD CMakeFiles/pinetime-recovery-loader.dir/FreeRTOS/heap_4_infinitime.c.obj
LOAD CMakeFiles/pinetime-recovery-loader.dir/FreeRTOS/port.c.obj
LOAD CMakeFiles/pinetime-recovery-loader.dir/FreeRTOS/port_cmsis_systick.c.obj
LOAD CMakeFiles/pinetime-recovery-loader.dir/FreeRTOS/port_cmsis.c.obj
LOAD CMakeFiles/pinetime-recovery-loader.dir/drivers/SpiNorFlash.cpp.obj
LOAD CMakeFiles/pinetime-recovery-loader.dir/drivers/SpiMaster.cpp.obj
LOAD CMakeFiles/pinetime-recovery-loader.dir/drivers/Spi.cpp.obj
LOAD CMakeFiles/pinetime-recovery-loader.dir/logging/NrfLogger.cpp.obj
LOAD CMakeFiles/pinetime-recovery-loader.dir/components/rle/RleDecoder.cpp.obj
LOAD CMakeFiles/pinetime-recovery-loader.dir/drivers/St7789.cpp.obj
LOAD CMakeFiles/pinetime-recovery-loader.dir/components/brightness/BrightnessController.cpp.obj
LOAD CMakeFiles/pinetime-recovery-loader.dir/recoveryLoader.cpp.obj
LOAD libnrf-sdk.a
LOAD displayapp/fonts/libinfinitime_fonts.a
LOAD /opt/homebrew/arm-toolchain/bin/../lib/gcc/arm-none-eabi/13.2.1/../../../../arm-none-eabi/lib/thumb/v7e-m+fp/hard/libstdc++_nano.a
LOAD /opt/homebrew/arm-toolchain/bin/../lib/gcc/arm-none-eabi/13.2.1/../../../../arm-none-eabi/lib/thumb/v7e-m+fp/hard/libm.a
LOAD /opt/homebrew/arm-toolchain/bin/../lib/gcc/arm-none-eabi/13.2.1/../../../../arm-none-eabi/lib/thumb/v7e-m+fp/hard/libc_nano.a
START GROUP
LOAD /opt/homebrew/arm-toolchain/bin/../lib/gcc/arm-none-eabi/13.2.1/thumb/v7e-m+fp/hard/libgcc.a
LOAD /opt/homebrew/arm-toolchain/bin/../lib/gcc/arm-none-eabi/13.2.1/../../../../arm-none-eabi/lib/thumb/v7e-m+fp/hard/libc_nano.a
END GROUP
START GROUP
LOAD /opt/homebrew/arm-toolchain/bin/../lib/gcc/arm-none-eabi/13.2.1/thumb/v7e-m+fp/hard/libgcc.a
LOAD /opt/homebrew/arm-toolchain/bin/../lib/gcc/arm-none-eabi/13.2.1/../../../../arm-none-eabi/lib/thumb/v7e-m+fp/hard/libc_nano.a
END GROUP
LOAD /opt/homebrew/arm-toolchain/bin/../lib/gcc/arm-none-eabi/13.2.1/thumb/v7e-m+fp/hard/crtend.o
LOAD /opt/homebrew/arm-toolchain/bin/../lib/gcc/arm-none-eabi/13.2.1/thumb/v7e-m+fp/hard/crtn.o
START GROUP
LOAD /opt/homebrew/arm-toolchain/bin/../lib/gcc/arm-none-eabi/13.2.1/thumb/v7e-m+fp/hard/libgcc.a
LOAD /opt/homebrew/arm-toolchain/bin/../lib/gcc/arm-none-eabi/13.2.1/../../../../arm-none-eabi/lib/thumb/v7e-m+fp/hard/libc.a
LOAD /opt/homebrew/arm-toolchain/bin/../lib/gcc/arm-none-eabi/13.2.1/../../../../arm-none-eabi/lib/thumb/v7e-m+fp/hard/libnosys.a
END GROUP
                0x00008000                        MCUBOOT_SIZE = 0x8000
                0x00001000                        SCRATCH_SIZE = 0x1000
                0x00000028                        TLV_SIZE = 0x28
                0x0007c000                        SCRATCH_OFFSET = 0x7c000
                0x00000020                        MCUBOOT_APP_IMAGE_HEADER_SIZE = 0x20
                0x000001b0                        MCUBOOT_APP_IMAGE_TRAILER_SIZE = 0x1b0
                0x00000000                        APP_OFFSET = 0x0
                0x00073e08                        APP_SIZE = ((((SCRATCH_OFFSET - MCUBOOT_SIZE) - MCUBOOT_APP_IMAGE_HEADER_SIZE) - MCUBOOT_APP_IMAGE_TRAILER_SIZE) - TLV_SIZE)

.noinit         0x20000468        0x0
                [!provide]                        PROVIDE (__start_noinit_data = .)
 *(.noinit)
                [!provide]                        PROVIDE (__stop_noinit_data = .)

.heap           0x20000468        0x0
                0x20000468                        __HeapBase = .
                0x20000468                        __end__ = .
                [!provide]                        PROVIDE (end = .)
 *(.heap*)
 .heap          0x20000468        0x0 libnrf-sdk.a(gcc_startup_nrf52.S.obj)
                0x20000468                        __HeapLimit = .

.stack_dummy    0x20000468      0x400
 *(.stack*)
 .stack         0x20000468      0x400 libnrf-sdk.a(gcc_startup_nrf52.S.obj)
                0x20010000                        __StackTop = (ORIGIN (RAM) + LENGTH (RAM))
                0x2000fc00                        __StackLimit = (__StackTop - SIZEOF (.stack_dummy))
                0x20010000                        PROVIDE (__stack = __StackTop)
                0x00000001                        ASSERT ((__StackLimit >= __HeapLimit), region RAM overflowed with stack)
                0x00000018                        DataInitFlashUsed = (__bss_start__ - __data_start__)
                0x0002e704                        CodeFlashUsed = (__etext - ORIGIN (FLASH))
                0x0002e71c                        TotalFlashUsed = (CodeFlashUsed + DataInitFlashUsed)
                0x00000001                        ASSERT ((TotalFlashUsed <= LENGTH (FLASH)), region FLASH overflowed with .data and user data)
OUTPUT(pinetime-recovery-loader-1.20.0.out elf32-littlearm)
LOAD linker stubs

.ARM.attributes
                0x00000000       0x30
 .ARM.attributes
                0x00000000       0x22 /opt/homebrew/arm-toolchain/bin/../lib/gcc/arm-none-eabi/13.2.1/thumb/v7e-m+fp/hard/crti.o
 .ARM.attributes
                0x00000022       0x34 /opt/homebrew/arm-toolchain/bin/../lib/gcc/arm-none-eabi/13.2.1/thumb/v7e-m+fp/hard/crtbegin.o
 .ARM.attributes
                0x00000056       0x20 /opt/homebrew/arm-toolchain/bin/../lib/gcc/arm-none-eabi/13.2.1/../../../../arm-none-eabi/lib/thumb/v7e-m+fp/hard/crt0.o
 .ARM.attributes
                0x00000076       0x34 CMakeFiles/pinetime-recovery-loader.dir/FreeRTOS/heap_4_infinitime.c.obj
 .ARM.attributes
                0x000000aa       0x34 CMakeFiles/pinetime-recovery-loader.dir/FreeRTOS/port.c.obj
 .ARM.attributes
                0x000000de       0x34 CMakeFiles/pinetime-recovery-loader.dir/FreeRTOS/port_cmsis_systick.c.obj
 .ARM.attributes
                0x00000112       0x34 CMakeFiles/pinetime-recovery-loader.dir/FreeRTOS/port_cmsis.c.obj
 .ARM.attributes
                0x00000146       0x34 CMakeFiles/pinetime-recovery-loader.dir/drivers/SpiNorFlash.cpp.obj
 .ARM.attributes
                0x0000017a       0x34 CMakeFiles/pinetime-recovery-loader.dir/drivers/SpiMaster.cpp.obj
 .ARM.attributes
                0x000001ae       0x34 CMakeFiles/pinetime-recovery-loader.dir/drivers/Spi.cpp.obj
 .ARM.attributes
                0x000001e2       0x34 CMakeFiles/pinetime-recovery-loader.dir/components/rle/RleDecoder.cpp.obj
 .ARM.attributes
                0x00000216       0x34 CMakeFiles/pinetime-recovery-loader.dir/drivers/St7789.cpp.obj
 .ARM.attributes
                0x0000024a       0x34 CMakeFiles/pinetime-recovery-loader.dir/components/brightness/BrightnessController.cpp.obj
 .ARM.attributes
                0x0000027e       0x34 CMakeFiles/pinetime-recovery-loader.dir/recoveryLoader.cpp.obj
 .ARM.attributes
                0x000002b2       0x20 libnrf-sdk.a(gcc_startup_nrf52.S.obj)
 .ARM.attributes
                0x000002d2       0x34 libnrf-sdk.a(nrf_drv_clock.c.obj)
 .ARM.attributes
                0x00000306       0x34 libnrf-sdk.a(nrfx_clock.c.obj)
 .ARM.attributes
                0x0000033a       0x34 libnrf-sdk.a(nrfx_gpiote.c.obj)
 .ARM.attributes
                0x0000036e       0x34 libnrf-sdk.a(queue.c.obj)
 .ARM.attributes
                0x000003a2       0x34 libnrf-sdk.a(tasks.c.obj)
 .ARM.attributes
                0x000003d6       0x34 libnrf-sdk.a(timers.c.obj)
 .ARM.attributes
                0x0000040a       0x34 libnrf-sdk.a(app_error.c.obj)
 .ARM.attributes
                0x0000043e       0x34 libnrf-sdk.a(app_error_weak.c.obj)
 .ARM.attributes
                0x00000472       0x34 libnrf-sdk.a(app_util_platform.c.obj)
 .ARM.attributes
                0x000004a6       0x34 libnrf-sdk.a(app_gpiote.c.obj)
 .ARM.attributes
                0x000004da       0x34 libnrf-sdk.a(system_nrf52.c.obj)
 .ARM.attributes
                0x0000050e       0x34 libnrf-sdk.a(list.c.obj)
 .ARM.attributes
                0x00000542       0x34 /opt/homebrew/arm-toolchain/bin/../lib/gcc/arm-none-eabi/13.2.1/../../../../arm-none-eabi/lib/thumb/v7e-m+fp/hard/libc_nano.a(libc_a-exit.o)
 .ARM.attributes
                0x00000576       0x34 /opt/homebrew/arm-toolchain/bin/../lib/gcc/arm-none-eabi/13.2.1/../../../../arm-none-eabi/lib/thumb/v7e-m+fp/hard/libc_nano.a(libc_a-findfp.o)
 .ARM.attributes
                0x000005aa       0x34 /opt/homebrew/arm-toolchain/bin/../lib/gcc/arm-none-eabi/13.2.1/../../../../arm-none-eabi/lib/thumb/v7e-m+fp/hard/libc_nano.a(libc_a-memset.o)
 .ARM.attributes
                0x000005de       0x34 /opt/homebrew/arm-toolchain/bin/../lib/gcc/arm-none-eabi/13.2.1/../../../../arm-none-eabi/lib/thumb/v7e-m+fp/hard/libc_nano.a(libc_a-init.o)
 .ARM.attributes
                0x00000612       0x34 /opt/homebrew/arm-toolchain/bin/../lib/gcc/arm-none-eabi/13.2.1/../../../../arm-none-eabi/lib/thumb/v7e-m+fp/hard/libc_nano.a(libc_a-memcpy-stub.o)
 .ARM.attributes
                0x00000646       0x34 /opt/homebrew/arm-toolchain/bin/../lib/gcc/arm-none-eabi/13.2.1/thumb/v7e-m+fp/hard/crtend.o
 .ARM.attributes
                0x0000067a       0x22 /opt/homebrew/arm-toolchain/bin/../lib/gcc/arm-none-eabi/13.2.1/thumb/v7e-m+fp/hard/crtn.o
 .ARM.attributes
                0x0000069c       0x34 /opt/homebrew/arm-toolchain/bin/../lib/gcc/arm-none-eabi/13.2.1/../../../../arm-none-eabi/lib/thumb/v7e-m+fp/hard/libnosys.a(_exit.o)

.comment        0x00000000       0x44
 .comment       0x00000000       0x44 CMakeFiles/pinetime-recovery-loader.dir/FreeRTOS/heap_4_infinitime.c.obj
                                 0x45 (size before relaxing)
 .comment       0x00000044       0x45 CMakeFiles/pinetime-recovery-loader.dir/FreeRTOS/port.c.obj
 .comment       0x00000044       0x45 CMakeFiles/pinetime-recovery-loader.dir/FreeRTOS/port_cmsis_systick.c.obj
 .comment       0x00000044       0x45 CMakeFiles/pinetime-recovery-loader.dir/FreeRTOS/port_cmsis.c.obj
 .comment       0x00000044       0x45 CMakeFiles/pinetime-recovery-loader.dir/drivers/SpiNorFlash.cpp.obj
 .comment       0x00000044       0x45 CMakeFiles/pinetime-recovery-loader.dir/drivers/SpiMaster.cpp.obj
 .comment       0x00000044       0x45 CMakeFiles/pinetime-recovery-loader.dir/drivers/Spi.cpp.obj
 .comment       0x00000044       0x45 CMakeFiles/pinetime-recovery-loader.dir/components/rle/RleDecoder.cpp.obj
 .comment       0x00000044       0x45 CMakeFiles/pinetime-recovery-loader.dir/drivers/St7789.cpp.obj
 .comment       0x00000044       0x45 CMakeFiles/pinetime-recovery-loader.dir/components/brightness/BrightnessController.cpp.obj
 .comment       0x00000044       0x45 CMakeFiles/pinetime-recovery-loader.dir/recoveryLoader.cpp.obj
 .comment       0x00000044       0x45 libnrf-sdk.a(nrf_drv_clock.c.obj)
 .comment       0x00000044       0x45 libnrf-sdk.a(nrfx_clock.c.obj)
 .comment       0x00000044       0x45 libnrf-sdk.a(nrfx_gpiote.c.obj)
 .comment       0x00000044       0x45 libnrf-sdk.a(queue.c.obj)
 .comment       0x00000044       0x45 libnrf-sdk.a(tasks.c.obj)
 .comment       0x00000044       0x45 libnrf-sdk.a(timers.c.obj)
 .comment       0x00000044       0x45 libnrf-sdk.a(app_error.c.obj)
 .comment       0x00000044       0x45 libnrf-sdk.a(app_error_weak.c.obj)
 .comment       0x00000044       0x45 libnrf-sdk.a(app_util_platform.c.obj)
 .comment       0x00000044       0x45 libnrf-sdk.a(app_gpiote.c.obj)
 .comment       0x00000044       0x45 libnrf-sdk.a(system_nrf52.c.obj)
 .comment       0x00000044       0x45 libnrf-sdk.a(list.c.obj)

.debug_line_str
                0x00000000       0xdf
 .debug_line_str
                0x00000000       0xdf /opt/homebrew/arm-toolchain/bin/../lib/gcc/arm-none-eabi/13.2.1/../../../../arm-none-eabi/lib/thumb/v7e-m+fp/hard/crt0.o

.debug_frame    0x00000000      0x200
 .debug_frame   0x00000000       0x28 /opt/homebrew/arm-toolchain/bin/../lib/gcc/arm-none-eabi/13.2.1/../../../../arm-none-eabi/lib/thumb/v7e-m+fp/hard/libc_nano.a(libc_a-exit.o)
 .debug_frame   0x00000028      0x144 /opt/homebrew/arm-toolchain/bin/../lib/gcc/arm-none-eabi/13.2.1/../../../../arm-none-eabi/lib/thumb/v7e-m+fp/hard/libc_nano.a(libc_a-findfp.o)
 .debug_frame   0x0000016c       0x20 /opt/homebrew/arm-toolchain/bin/../lib/gcc/arm-none-eabi/13.2.1/../../../../arm-none-eabi/lib/thumb/v7e-m+fp/hard/libc_nano.a(libc_a-memset.o)
 .debug_frame   0x0000018c       0x2c /opt/homebrew/arm-toolchain/bin/../lib/gcc/arm-none-eabi/13.2.1/../../../../arm-none-eabi/lib/thumb/v7e-m+fp/hard/libc_nano.a(libc_a-init.o)
 .debug_frame   0x000001b8       0x28 /opt/homebrew/arm-toolchain/bin/../lib/gcc/arm-none-eabi/13.2.1/../../../../arm-none-eabi/lib/thumb/v7e-m+fp/hard/libc_nano.a(libc_a-memcpy-stub.o)
 .debug_frame   0x000001e0       0x20 /opt/homebrew/arm-toolchain/bin/../lib/gcc/arm-none-eabi/13.2.1/../../../../arm-none-eabi/lib/thumb/v7e-m+fp/hard/libnosys.a(_exit.o)
