/Users/deladem/pinetime-dev/InfiniTime-avc/src/displayapp/screens/Screen.h:14:22:virtual void Pinetime::Applications::Screens::Screen::Refresh()	0	static
/Users/deladem/pinetime-dev/InfiniTime-avc/src/displayapp/screens/Screen.h:29:22:virtual bool Pinetime::Applications::Screens::Screen::OnButtonPushed()	0	static
/Users/deladem/pinetime-dev/InfiniTime-avc/src/displayapp/screens/Screen.h:39:22:virtual bool Pinetime::Applications::Screens::Screen::OnTouchEvent(uint16_t, uint16_t)	0	static
/opt/homebrew/arm-toolchain/arm-none-eabi/include/c++/13.2.1/bits/std_function.h:267:7:), _Functor>::_M_manager(std::_Any_data&, const std::_Any_data&, std::_Manager_operation) [with _Res = void; _Functor = Pinetime::Applications::Screens::SettingWatchFace::CreateScreen(unsigned int) const::<lambda(uint32_t)>; _ArgTypes = {long unsigned int}]	0	static
/opt/homebrew/arm-toolchain/arm-none-eabi/include/c++/13.2.1/bits/std_function.h:288:7:) [with _Res = void; _Functor = Pinetime::Applications::Screens::SettingWatchFace::CreateScreen(unsigned int) const::<lambda(uint32_t)>; _ArgTypes = {long unsigned int}]	0	static
/opt/homebrew/arm-toolchain/arm-none-eabi/include/c++/13.2.1/bits/std_function.h:267:7:), _Functor>::_M_manager(std::_Any_data&, const std::_Any_data&, std::_Manager_operation) [with _Res = std::unique_ptr<Pinetime::Applications::Screens::Screen>; _Functor = Pinetime::Applications::Screens::SettingWatchFace::CreateScreenList() const::<lambda()>; _ArgTypes = {}]	0	static
/Users/deladem/pinetime-dev/InfiniTime-avc/src/displayapp/screens/settings/SettingWatchFace.cpp:19:31:{anonymous}::IndexOf(const std::array<Pinetime::Applications::Screens::SettingWatchFace::Item, 8>&, Pinetime::Applications::WatchFace)::<lambda(const Pinetime::Applications::Screens::SettingWatchFace::Item&)>	0	static
/opt/homebrew/arm-toolchain/arm-none-eabi/include/c++/13.2.1/bits/std_function.h:241:5:std::_Function_base::~_Function_base()	8	static
/Users/deladem/pinetime-dev/InfiniTime-avc/src/displayapp/screens/settings/SettingWatchFace.cpp:43:6:auto Pinetime::Applications::Screens::SettingWatchFace::CreateScreenList() const	56	static
/Users/deladem/pinetime-dev/InfiniTime-avc/src/displayapp/screens/settings/SettingWatchFace.cpp:71:25:std::unique_ptr<Pinetime::Applications::Screens::Screen> Pinetime::Applications::Screens::SettingWatchFace::CreateScreen(unsigned int) const	144	static
/opt/homebrew/arm-toolchain/arm-none-eabi/include/c++/13.2.1/bits/std_function.h:288:7:) [with _Res = std::unique_ptr<Pinetime::Applications::Screens::Screen>; _Functor = Pinetime::Applications::Screens::SettingWatchFace::CreateScreenList() const::<lambda()>; _ArgTypes = {}]	8	static
/opt/homebrew/arm-toolchain/arm-none-eabi/include/c++/13.2.1/bits/unique_ptr.h:398:7:std::unique_ptr<_Tp, _Dp>::~unique_ptr() [with _Tp = Pinetime::Applications::Screens::Screen; _Dp = std::default_delete<Pinetime::Applications::Screens::Screen>]	8	static
/Users/deladem/pinetime-dev/InfiniTime-avc/src/displayapp/screens/ScreenList.h:35:9:Pinetime::Applications::Screens::ScreenList<N>::~ScreenList() [with unsigned int N = 2]	16	static
/Users/deladem/pinetime-dev/InfiniTime-avc/src/displayapp/screens/ScreenList.h:35:9:Pinetime::Applications::Screens::ScreenList<N>::~ScreenList() [with unsigned int N = 2]	8	static
/Users/deladem/pinetime-dev/InfiniTime-avc/src/displayapp/screens/settings/SettingWatchFace.cpp:63:1:Pinetime::Applications::Screens::SettingWatchFace::~SettingWatchFace()	16	static
/Users/deladem/pinetime-dev/InfiniTime-avc/src/displayapp/screens/settings/SettingWatchFace.cpp:63:1:virtual Pinetime::Applications::Screens::SettingWatchFace::~SettingWatchFace()	8	static
/opt/homebrew/arm-toolchain/arm-none-eabi/include/c++/13.2.1/bits/std_function.h:587:7:) const [with _Res = std::unique_ptr<Pinetime::Applications::Screens::Screen>; _ArgTypes = {}]	8	static
/Users/deladem/pinetime-dev/InfiniTime-avc/src/displayapp/screens/settings/SettingWatchFace.cpp:53:1:Pinetime::Applications::Screens::SettingWatchFace::SettingWatchFace(Pinetime::Applications::DisplayApp*, std::array<Item, 8>&&, Pinetime::Controllers::Settings&, Pinetime::Controllers::FS&)	64	static
/opt/homebrew/arm-toolchain/arm-none-eabi/include/c++/13.2.1/bits/unique_ptr.h:206:12:void std::__uniq_ptr_impl<_Tp, _Dp>::reset(pointer) [with _Tp = Pinetime::Applications::Screens::Screen; _Dp = std::default_delete<Pinetime::Applications::Screens::Screen>]	0	static
/Users/deladem/pinetime-dev/InfiniTime-avc/src/displayapp/screens/ScreenList.h:39:14:bool Pinetime::Applications::Screens::ScreenList<N>::OnTouchEvent(Pinetime::Applications::TouchEvents) [with unsigned int N = 2]	24	static
/Users/deladem/pinetime-dev/InfiniTime-avc/src/displayapp/screens/settings/SettingWatchFace.cpp:67:6:virtual bool Pinetime::Applications::Screens::SettingWatchFace::OnTouchEvent(Pinetime::Applications::TouchEvents)	8	static
