/Users/deladem/pinetime-dev/InfiniTime-avc/src/displayapp/screens/Screen.h:14:22:virtual void Pinetime::Applications::Screens::Screen::Refresh()	0	static
/Users/deladem/pinetime-dev/InfiniTime-avc/src/displayapp/screens/Screen.h:29:22:virtual bool Pinetime::Applications::Screens::Screen::OnButtonPushed()	0	static
/Users/deladem/pinetime-dev/InfiniTime-avc/src/displayapp/screens/Screen.h:35:22:virtual bool Pinetime::Applications::Screens::Screen::OnTouchEvent(Pinetime::Applications::TouchEvents)	0	static
/Users/deladem/pinetime-dev/InfiniTime-avc/src/displayapp/screens/Screen.h:39:22:virtual bool Pinetime::Applications::Screens::Screen::OnTouchEvent(uint16_t, uint16_t)	0	static
/Users/deladem/pinetime-dev/InfiniTime-avc/src/libs/lvgl/src/lv_core/lv_disp.h:158:26:lv_obj_t* lv_scr_act()	8	static
/Users/deladem/pinetime-dev/InfiniTime-avc/src/displayapp/screens/settings/SettingDisplay.cpp:74:1:Pinetime::Applications::Screens::SettingDisplay::~SettingDisplay()	8	static
/Users/deladem/pinetime-dev/InfiniTime-avc/src/displayapp/screens/settings/SettingDisplay.cpp:74:1:virtual Pinetime::Applications::Screens::SettingDisplay::~SettingDisplay()	8	static
/Users/deladem/pinetime-dev/InfiniTime-avc/src/displayapp/screens/settings/SettingDisplay.cpp:27:1:Pinetime::Applications::Screens::SettingDisplay::SettingDisplay(Pinetime::Controllers::Settings&)	56	static
/Users/deladem/pinetime-dev/InfiniTime-avc/src/displayapp/screens/settings/SettingDisplay.cpp:79:6:void Pinetime::Applications::Screens::SettingDisplay::ToggleAlwaysOn()	0	static
/Users/deladem/pinetime-dev/InfiniTime-avc/src/displayapp/screens/settings/SettingDisplay.cpp:17:8:void {anonymous}::AlwaysOnEventHandler(lv_obj_t*, lv_event_t)	0	static
/Users/deladem/pinetime-dev/InfiniTime-avc/src/displayapp/screens/settings/SettingDisplay.cpp:84:6:void Pinetime::Applications::Screens::SettingDisplay::UpdateSelected(lv_obj_t*, lv_event_t)	32	static
/Users/deladem/pinetime-dev/InfiniTime-avc/src/displayapp/screens/settings/SettingDisplay.cpp:12:8:void {anonymous}::TimeoutEventHandler(lv_obj_t*, lv_event_t)	0	static
