/Users/deladem/pinetime-dev/InfiniTime-avc/src/components/motion/MotionController.cpp:21:11:int16_t {anonymous}::DegreesRolled(int16_t, int16_t, int16_t, int16_t)	32	static
/Users/deladem/pinetime-dev/InfiniTime-avc/src/components/motion/MotionController.cpp:83:30:Pinetime::Controllers::MotionController::AccelStats Pinetime::Controllers::MotionController::GetAccelStats() const	48	static
/Users/deladem/pinetime-dev/InfiniTime-avc/src/components/motion/MotionController.cpp:113:6:bool Pinetime::Controllers::MotionController::ShouldRaiseWake() const	8	static
/Users/deladem/pinetime-dev/InfiniTime-avc/src/components/motion/MotionController.cpp:131:6:bool Pinetime::Controllers::MotionController::ShouldLowerSleep() const	8	static
/Users/deladem/pinetime-dev/InfiniTime-avc/src/components/motion/MotionController.cpp:150:6:void Pinetime::Controllers::MotionController::Init(Pinetime::Drivers::Bma421::DeviceTypes)	0	static
/Users/deladem/pinetime-dev/InfiniTime-avc/src/components/motion/MotionController.cpp:164:6:void Pinetime::Controllers::MotionController::SendToMovementTracker(int16_t, int16_t, int16_t, uint32_t)	24	static
/Users/deladem/pinetime-dev/InfiniTime-avc/src/components/motion/MotionController.cpp:44:6:void Pinetime::Controllers::MotionController::Update(int16_t, int16_t, int16_t, uint32_t)	64	static
