/Users/deladem/pinetime-dev/InfiniTime-avc/src/displayapp/screens/HeartRate.h:52:19:static bool Pinetime::Applications::AppTraits<Pinetime::Applications::Apps::HeartRate>::IsAvailable(Pinetime::Controllers::FS&)	0	static
/Users/deladem/pinetime-dev/InfiniTime-avc/src/displayapp/screens/Timer.h:60:17:static bool Pinetime::Applications::AppTraits<Pinetime::Applications::Apps::Timer>::IsAvailable(Pinetime::Controllers::FS&)	0	static
/Users/deladem/pinetime-dev/InfiniTime-avc/src/displayapp/screens/Alarm.h:82:19:static bool Pinetime::Applications::AppTraits<Pinetime::Applications::Apps::Alarm>::IsAvailable(Pinetime::Controllers::FS&)	0	static
/Users/deladem/pinetime-dev/InfiniTime-avc/src/displayapp/screens/InfiniPaint.h:51:19:static bool Pinetime::Applications::AppTraits<Pinetime::Applications::Apps::Paint>::IsAvailable(Pinetime::Controllers::FS&)	0	static
/Users/deladem/pinetime-dev/InfiniTime-avc/src/displayapp/screens/Paddle.h:61:19:static bool Pinetime::Applications::AppTraits<Pinetime::Applications::Apps::Paddle>::IsAvailable(Pinetime::Controllers::FS&)	0	static
/Users/deladem/pinetime-dev/InfiniTime-avc/src/displayapp/screens/StopWatch.h:73:19:static bool Pinetime::Applications::AppTraits<Pinetime::Applications::Apps::StopWatch>::IsAvailable(Pinetime::Controllers::FS&)	0	static
/Users/deladem/pinetime-dev/InfiniTime-avc/src/displayapp/screens/Metronome.h:51:19:static bool Pinetime::Applications::AppTraits<Pinetime::Applications::Apps::Metronome>::IsAvailable(Pinetime::Controllers::FS&)	0	static
/Users/deladem/pinetime-dev/InfiniTime-avc/src/displayapp/screens/Music.h:98:19:static bool Pinetime::Applications::AppTraits<Pinetime::Applications::Apps::Music>::IsAvailable(Pinetime::Controllers::FS&)	0	static
/Users/deladem/pinetime-dev/InfiniTime-avc/src/displayapp/screens/Twos.h:49:19:static bool Pinetime::Applications::AppTraits<Pinetime::Applications::Apps::Twos>::IsAvailable(Pinetime::Controllers::FS&)	0	static
/Users/deladem/pinetime-dev/InfiniTime-avc/src/displayapp/screens/Steps.h:55:19:static bool Pinetime::Applications::AppTraits<Pinetime::Applications::Apps::Steps>::IsAvailable(Pinetime::Controllers::FS&)	0	static
/Users/deladem/pinetime-dev/InfiniTime-avc/src/displayapp/screens/Dice.h:60:19:static bool Pinetime::Applications::AppTraits<Pinetime::Applications::Apps::Dice>::IsAvailable(Pinetime::Controllers::FS&)	0	static
/Users/deladem/pinetime-dev/InfiniTime-avc/src/displayapp/screens/Weather.h:55:19:static bool Pinetime::Applications::AppTraits<Pinetime::Applications::Apps::Weather>::IsAvailable(Pinetime::Controllers::FS&)	0	static
/Users/deladem/pinetime-dev/InfiniTime-avc/src/displayapp/screens/Calculator.h:82:19:static bool Pinetime::Applications::AppTraits<Pinetime::Applications::Apps::Calculator>::IsAvailable(Pinetime::Controllers::FS&)	0	static
/Users/deladem/pinetime-dev/InfiniTime-avc/src/displayapp/screens/WatchFaceDigital.h:97:19:static bool Pinetime::Applications::WatchFaceTraits<Pinetime::Applications::WatchFace::Digital>::IsAvailable(Pinetime::Controllers::FS&)	0	static
/Users/deladem/pinetime-dev/InfiniTime-avc/src/displayapp/screens/WatchFaceAnalog.h:104:19:static bool Pinetime::Applications::WatchFaceTraits<Pinetime::Applications::WatchFace::Analog>::IsAvailable(Pinetime::Controllers::FS&)	0	static
/Users/deladem/pinetime-dev/InfiniTime-avc/src/displayapp/screens/WatchFacePineTimeStyle.h:139:19:static bool Pinetime::Applications::WatchFaceTraits<Pinetime::Applications::WatchFace::PineTimeStyle>::IsAvailable(Pinetime::Controllers::FS&)	0	static
/Users/deladem/pinetime-dev/InfiniTime-avc/src/displayapp/screens/WatchFaceTerminal.h:87:19:static bool Pinetime::Applications::WatchFaceTraits<Pinetime::Applications::WatchFace::Terminal>::IsAvailable(Pinetime::Controllers::FS&)	0	static
/Users/deladem/pinetime-dev/InfiniTime-avc/src/displayapp/screens/WatchFacePrideFlag.h:97:19:static bool Pinetime::Applications::WatchFaceTraits<Pinetime::Applications::WatchFace::PrideFlag>::IsAvailable(Pinetime::Controllers::FS&)	0	static
/Users/deladem/pinetime-dev/InfiniTime-avc/src/displayapp/screens/WatchFaceRehabilitationCasio.h:122:19:static bool Pinetime::Applications::WatchFaceTraits<Pinetime::Applications::WatchFace::RehabilitationCasio>::IsAvailable(Pinetime::Controllers::FS&)	0	static
/Users/deladem/pinetime-dev/InfiniTime-avc/src/displayapp/screens/WatchFacePrideFlag.h:88:31:static Pinetime::Applications::Screens::Screen* Pinetime::Applications::WatchFaceTraits<Pinetime::Applications::WatchFace::PrideFlag>::Create(Pinetime::Applications::AppControllers&)	32	static
/Users/deladem/pinetime-dev/InfiniTime-avc/src/displayapp/screens/WatchFaceRehabilitationCasio.h:110:31:static Pinetime::Applications::Screens::Screen* Pinetime::Applications::WatchFaceTraits<Pinetime::Applications::WatchFace::RehabilitationCasio>::Create(Pinetime::Applications::AppControllers&)	32	static
/Users/deladem/pinetime-dev/InfiniTime-avc/src/displayapp/screens/WatchFaceCasioStyleG7710.h:121:19:static bool Pinetime::Applications::WatchFaceTraits<Pinetime::Applications::WatchFace::CasioStyleG7710>::IsAvailable(Pinetime::Controllers::FS&)	0	static
/Users/deladem/pinetime-dev/InfiniTime-avc/src/displayapp/screens/WatchFaceCasioStyleG7710.h:110:31:static Pinetime::Applications::Screens::Screen* Pinetime::Applications::WatchFaceTraits<Pinetime::Applications::WatchFace::CasioStyleG7710>::Create(Pinetime::Applications::AppControllers&)	40	static
/Users/deladem/pinetime-dev/InfiniTime-avc/src/displayapp/screens/WatchFaceInfineat.h:119:19:static bool Pinetime::Applications::WatchFaceTraits<Pinetime::Applications::WatchFace::Infineat>::IsAvailable(Pinetime::Controllers::FS&)	0	static
/Users/deladem/pinetime-dev/InfiniTime-avc/src/displayapp/screens/WatchFaceInfineat.h:109:31:static Pinetime::Applications::Screens::Screen* Pinetime::Applications::WatchFaceTraits<Pinetime::Applications::WatchFace::Infineat>::Create(Pinetime::Applications::AppControllers&)	32	static
/Users/deladem/pinetime-dev/InfiniTime-avc/src/displayapp/screens/WatchFaceTerminal.h:77:31:static Pinetime::Applications::Screens::Screen* Pinetime::Applications::WatchFaceTraits<Pinetime::Applications::WatchFace::Terminal>::Create(Pinetime::Applications::AppControllers&)	32	static
/Users/deladem/pinetime-dev/InfiniTime-avc/src/displayapp/screens/WatchFacePineTimeStyle.h:129:31:static Pinetime::Applications::Screens::Screen* Pinetime::Applications::WatchFaceTraits<Pinetime::Applications::WatchFace::PineTimeStyle>::Create(Pinetime::Applications::AppControllers&)	32	static
/Users/deladem/pinetime-dev/InfiniTime-avc/src/displayapp/screens/WatchFaceAnalog.h:96:31:static Pinetime::Applications::Screens::Screen* Pinetime::Applications::WatchFaceTraits<Pinetime::Applications::WatchFace::Analog>::Create(Pinetime::Applications::AppControllers&)	24	static
/Users/deladem/pinetime-dev/InfiniTime-avc/src/displayapp/screens/WatchFaceDigital.h:85:31:static Pinetime::Applications::Screens::Screen* Pinetime::Applications::WatchFaceTraits<Pinetime::Applications::WatchFace::Digital>::Create(Pinetime::Applications::AppControllers&)	40	static
/Users/deladem/pinetime-dev/InfiniTime-avc/src/displayapp/screens/Weather.h:51:31:static Pinetime::Applications::Screens::Screen* Pinetime::Applications::AppTraits<Pinetime::Applications::Apps::Weather>::Create(Pinetime::Applications::AppControllers&)	16	static
/Users/deladem/pinetime-dev/InfiniTime-avc/src/displayapp/screens/Calculator.h:78:31:static Pinetime::Applications::Screens::Screen* Pinetime::Applications::AppTraits<Pinetime::Applications::Apps::Calculator>::Create(Pinetime::Applications::AppControllers&)	8	static
/Users/deladem/pinetime-dev/InfiniTime-avc/src/displayapp/screens/Navigation.h:71:19:static bool Pinetime::Applications::AppTraits<Pinetime::Applications::Apps::Navigation>::IsAvailable(Pinetime::Controllers::FS&)	0	static
/Users/deladem/pinetime-dev/InfiniTime-avc/src/displayapp/screens/Navigation.h:67:31:static Pinetime::Applications::Screens::Screen* Pinetime::Applications::AppTraits<Pinetime::Applications::Apps::Navigation>::Create(Pinetime::Applications::AppControllers&)	16	static
/Users/deladem/pinetime-dev/InfiniTime-avc/src/displayapp/screens/Metronome.h:47:31:static Pinetime::Applications::Screens::Screen* Pinetime::Applications::AppTraits<Pinetime::Applications::Apps::Metronome>::Create(Pinetime::Applications::AppControllers&)	16	static
/Users/deladem/pinetime-dev/InfiniTime-avc/src/displayapp/screens/Dice.h:56:31:static Pinetime::Applications::Screens::Screen* Pinetime::Applications::AppTraits<Pinetime::Applications::Apps::Dice>::Create(Pinetime::Applications::AppControllers&)	16	static
/Users/deladem/pinetime-dev/InfiniTime-avc/src/displayapp/screens/Twos.h:45:31:static Pinetime::Applications::Screens::Screen* Pinetime::Applications::AppTraits<Pinetime::Applications::Apps::Twos>::Create(Pinetime::Applications::AppControllers&)	8	static
/Users/deladem/pinetime-dev/InfiniTime-avc/src/displayapp/screens/Paddle.h:57:31:static Pinetime::Applications::Screens::Screen* Pinetime::Applications::AppTraits<Pinetime::Applications::Apps::Paddle>::Create(Pinetime::Applications::AppControllers&)	16	static
/Users/deladem/pinetime-dev/InfiniTime-avc/src/displayapp/screens/InfiniPaint.h:47:31:static Pinetime::Applications::Screens::Screen* Pinetime::Applications::AppTraits<Pinetime::Applications::Apps::Paint>::Create(Pinetime::Applications::AppControllers&)	16	static
/Users/deladem/pinetime-dev/InfiniTime-avc/src/displayapp/screens/Music.h:94:31:static Pinetime::Applications::Screens::Screen* Pinetime::Applications::AppTraits<Pinetime::Applications::Apps::Music>::Create(Pinetime::Applications::AppControllers&)	16	static
/Users/deladem/pinetime-dev/InfiniTime-avc/src/displayapp/screens/HeartRate.h:48:31:static Pinetime::Applications::Screens::Screen* Pinetime::Applications::AppTraits<Pinetime::Applications::Apps::HeartRate>::Create(Pinetime::Applications::AppControllers&)	16	static
/Users/deladem/pinetime-dev/InfiniTime-avc/src/displayapp/screens/Steps.h:51:31:static Pinetime::Applications::Screens::Screen* Pinetime::Applications::AppTraits<Pinetime::Applications::Apps::Steps>::Create(Pinetime::Applications::AppControllers&)	16	static
/Users/deladem/pinetime-dev/InfiniTime-avc/src/displayapp/screens/Timer.h:56:29:static Pinetime::Applications::Screens::Screen* Pinetime::Applications::AppTraits<Pinetime::Applications::Apps::Timer>::Create(Pinetime::Applications::AppControllers&)	16	static
/Users/deladem/pinetime-dev/InfiniTime-avc/src/displayapp/screens/Alarm.h:75:31:static Pinetime::Applications::Screens::Screen* Pinetime::Applications::AppTraits<Pinetime::Applications::Apps::Alarm>::Create(Pinetime::Applications::AppControllers&)	24	static
/Users/deladem/pinetime-dev/InfiniTime-avc/src/displayapp/screens/StopWatch.h:69:31:static Pinetime::Applications::Screens::Screen* Pinetime::Applications::AppTraits<Pinetime::Applications::Apps::StopWatch>::Create(Pinetime::Applications::AppControllers&)	16	static
/Users/deladem/pinetime-dev/InfiniTime-avc/src/displayapp/DisplayApp.cpp:74:1:Pinetime::Applications::DisplayApp::DisplayApp(Pinetime::Drivers::St7789&, const Pinetime::Drivers::Cst816S&, const Pinetime::Controllers::Battery&, const Pinetime::Controllers::Ble&, Pinetime::Controllers::DateTime&, const Pinetime::Drivers::Watchdog&, Pinetime::Controllers::NotificationManager&, Pinetime::Controllers::HeartRateController&, Pinetime::Controllers::Settings&, Pinetime::Controllers::MotorController&, Pinetime::Controllers::MotionController&, Pinetime::Controllers::AlarmController&, Pinetime::Controllers::BrightnessController&, Pinetime::Controllers::TouchHandler&, Pinetime::Controllers::FS&, Pinetime::Drivers::SpiNorFlash&)	40	static
/Users/deladem/pinetime-dev/InfiniTime-avc/src/displayapp/DisplayApp.cpp:128:6:void Pinetime::Applications::DisplayApp::Start(Pinetime::System::BootErrors)	24	static
/Users/deladem/pinetime-dev/InfiniTime-avc/src/displayapp/DisplayApp.cpp:162:12:TickType_t Pinetime::Applications::DisplayApp::CalculateSleepTime()	24	static
/Users/deladem/pinetime-dev/InfiniTime-avc/src/displayapp/DisplayApp.cpp:494:6:void Pinetime::Applications::DisplayApp::StartApp(Pinetime::Applications::Apps, FullRefreshDirections)	0	static
/Users/deladem/pinetime-dev/InfiniTime-avc/src/displayapp/DisplayApp.cpp:659:6:void Pinetime::Applications::DisplayApp::PushMessage(Pinetime::Applications::Display::Messages)	24	static
/Users/deladem/pinetime-dev/InfiniTime-avc/src/displayapp/DisplayApp.cpp:68:8:void {anonymous}::TimerCallback(TimerHandle_t)	8	static
/Users/deladem/pinetime-dev/InfiniTime-avc/src/displayapp/DisplayApp.cpp:677:6:void Pinetime::Applications::DisplayApp::SetFullRefresh(FullRefreshDirections)	0	static
/Users/deladem/pinetime-dev/InfiniTime-avc/src/displayapp/DisplayApp.cpp:702:6:void Pinetime::Applications::DisplayApp::PushMessageToSystemTask(Pinetime::System::Messages)	0	static
/Users/deladem/pinetime-dev/InfiniTime-avc/src/displayapp/DisplayApp.cpp:708:6:void Pinetime::Applications::DisplayApp::Register(Pinetime::System::SystemTask*)	0	static
/Users/deladem/pinetime-dev/InfiniTime-avc/src/displayapp/DisplayApp.cpp:713:6:void Pinetime::Applications::DisplayApp::Register(Pinetime::Controllers::SimpleWeatherService*)	0	static
/Users/deladem/pinetime-dev/InfiniTime-avc/src/displayapp/DisplayApp.cpp:717:6:void Pinetime::Applications::DisplayApp::Register(Pinetime::Controllers::MusicService*)	0	static
/Users/deladem/pinetime-dev/InfiniTime-avc/src/displayapp/DisplayApp.cpp:721:6:void Pinetime::Applications::DisplayApp::Register(Pinetime::Controllers::NavigationService*)	0	static
/Users/deladem/pinetime-dev/InfiniTime-avc/src/displayapp/DisplayApp.cpp:725:6:void Pinetime::Applications::DisplayApp::ApplyBrightness()	0	static
/Users/deladem/pinetime-dev/InfiniTime-avc/src/displayapp/DisplayApp.cpp:154:6:void Pinetime::Applications::DisplayApp::Init()	8	static
/opt/homebrew/arm-toolchain/arm-none-eabi/include/c++/13.2.1/bits/unique_ptr.h:398:7:std::unique_ptr<_Tp, _Dp>::~unique_ptr() [with _Tp = Pinetime::Applications::Screens::Notifications; _Dp = std::default_delete<Pinetime::Applications::Screens::Notifications>]	8	static
/opt/homebrew/arm-toolchain/arm-none-eabi/include/c++/13.2.1/bits/unique_ptr.h:206:12:void std::__uniq_ptr_impl<_Tp, _Dp>::reset(pointer) [with _Tp = Pinetime::Applications::Screens::Screen; _Dp = std::default_delete<Pinetime::Applications::Screens::Screen>]	0	static
/Users/deladem/pinetime-dev/InfiniTime-avc/src/displayapp/DisplayApp.cpp:510:6:void Pinetime::Applications::DisplayApp::LoadScreen(Pinetime::Applications::Apps, FullRefreshDirections)	192	static
/Users/deladem/pinetime-dev/InfiniTime-avc/src/displayapp/DisplayApp.cpp:201:29:Pinetime::Applications::DisplayApp::Refresh()::<lambda()>	0	static
/Users/deladem/pinetime-dev/InfiniTime-avc/src/displayapp/DisplayApp.cpp:499:6:void Pinetime::Applications::DisplayApp::LoadNewScreen(Pinetime::Applications::Apps, FullRefreshDirections)	12	static
/Users/deladem/pinetime-dev/InfiniTime-avc/src/displayapp/DisplayApp.cpp:200:6:void Pinetime::Applications::DisplayApp::Refresh()	32	static
/Users/deladem/pinetime-dev/InfiniTime-avc/src/displayapp/DisplayApp.cpp:138:6:static void Pinetime::Applications::DisplayApp::Process(void*)	8	static
