/Users/deladem/pinetime-dev/nRF5_SDK/external/freertos/source/queue.c:2258:19:prvIsQueueEmpty	8	static
/Users/deladem/pinetime-dev/nRF5_SDK/external/freertos/source/queue.c:2041:19:prvCopyDataToQueue	16	static
/Users/deladem/pinetime-dev/nRF5_SDK/external/freertos/source/queue.c:2120:13:prvCopyDataFromQueue	4	static
/Users/deladem/pinetime-dev/nRF5_SDK/external/freertos/source/queue.c:2138:13:prvUnlockQueue	16	static
/Users/deladem/pinetime-dev/nRF5_SDK/external/freertos/source/include/queue.h:1643:12:xQueueGenericReset	16	static
/Users/deladem/pinetime-dev/nRF5_SDK/external/freertos/source/include/queue.h:1495:16:xQueueGenericCreate	24	static
/Users/deladem/pinetime-dev/nRF5_SDK/external/freertos/source/include/queue.h:1415:15:xQueueCreateCountingSemaphore	8	static
/Users/deladem/pinetime-dev/nRF5_SDK/external/freertos/source/include/queue.h:649:12:xQueueGenericSend	48	static
/Users/deladem/pinetime-dev/nRF5_SDK/external/freertos/source/include/queue.h:1413:15:xQueueCreateMutex	8	static
/Users/deladem/pinetime-dev/nRF5_SDK/external/freertos/source/include/queue.h:1426:12:xQueueGiveMutexRecursive	16	static
/Users/deladem/pinetime-dev/nRF5_SDK/external/freertos/source/include/queue.h:1294:12:xQueueGenericSendFromISR	32	static
/Users/deladem/pinetime-dev/nRF5_SDK/external/freertos/source/include/queue.h:1295:12:xQueueGiveFromISR	16	static
/Users/deladem/pinetime-dev/nRF5_SDK/external/freertos/source/include/queue.h:867:12:xQueueReceive	48	static
/Users/deladem/pinetime-dev/nRF5_SDK/external/freertos/source/include/queue.h:1417:12:xQueueSemaphoreTake	40	static
/Users/deladem/pinetime-dev/nRF5_SDK/external/freertos/source/include/queue.h:1425:12:xQueueTakeMutexRecursive	16	static
/Users/deladem/pinetime-dev/nRF5_SDK/external/freertos/source/include/queue.h:743:12:xQueuePeek	40	static
/Users/deladem/pinetime-dev/nRF5_SDK/external/freertos/source/include/queue.h:1384:12:xQueueReceiveFromISR	32	static
/Users/deladem/pinetime-dev/nRF5_SDK/external/freertos/source/include/queue.h:776:12:xQueuePeekFromISR	24	static
/Users/deladem/pinetime-dev/nRF5_SDK/external/freertos/source/include/queue.h:882:13:uxQueueMessagesWaiting	8	static
/Users/deladem/pinetime-dev/nRF5_SDK/external/freertos/source/include/queue.h:899:13:uxQueueSpacesAvailable	8	static
/Users/deladem/pinetime-dev/nRF5_SDK/external/freertos/source/include/queue.h:1392:13:uxQueueMessagesWaitingFromISR	0	static
/Users/deladem/pinetime-dev/nRF5_SDK/external/freertos/source/include/queue.h:1645:13:uxQueueGetQueueNumber	0	static
/Users/deladem/pinetime-dev/nRF5_SDK/external/freertos/source/include/queue.h:1644:6:vQueueSetQueueNumber	0	static
/Users/deladem/pinetime-dev/nRF5_SDK/external/freertos/source/include/queue.h:1646:9:ucQueueGetQueueType	0	static
/Users/deladem/pinetime-dev/nRF5_SDK/external/freertos/source/include/queue.h:1390:12:xQueueIsQueueEmptyFromISR	0	static
/Users/deladem/pinetime-dev/nRF5_SDK/external/freertos/source/include/queue.h:1391:12:xQueueIsQueueFullFromISR	0	static
/Users/deladem/pinetime-dev/nRF5_SDK/external/freertos/source/include/queue.h:1457:7:vQueueAddToRegistry	0	static
/Users/deladem/pinetime-dev/nRF5_SDK/external/freertos/source/include/queue.h:1486:14:pcQueueGetName	0	static
/Users/deladem/pinetime-dev/nRF5_SDK/external/freertos/source/include/queue.h:1471:7:vQueueUnregisterQueue	0	static
/Users/deladem/pinetime-dev/nRF5_SDK/external/freertos/source/include/queue.h:913:6:vQueueDelete	8	static
/Users/deladem/pinetime-dev/nRF5_SDK/external/freertos/source/include/queue.h:1642:6:vQueueWaitForMessageRestricted	16	static
