/Users/deladem/pinetime-dev/nRF5_SDK/external/freertos/source/timers.c:648:19:prvInsertTimerInActiveList	8	static
/Users/deladem/pinetime-dev/nRF5_SDK/external/freertos/source/timers.c:895:13:prvCheckForValidListAndQueue	24	static
/Users/deladem/pinetime-dev/nRF5_SDK/external/freertos/source/include/timers.h:1264:12:xTimerCreateTimerTask	16	static
/Users/deladem/pinetime-dev/nRF5_SDK/external/freertos/source/include/timers.h:228:16:xTimerCreate	24	static
/Users/deladem/pinetime-dev/nRF5_SDK/external/freertos/source/include/timers.h:1265:12:xTimerGenericCommand	32	static
/Users/deladem/pinetime-dev/nRF5_SDK/external/freertos/source/timers.c:625:19:prvSampleTimeNow	40	static
/Users/deladem/pinetime-dev/nRF5_SDK/external/freertos/source/timers.c:503:13:prvTimerTask	64	static
/Users/deladem/pinetime-dev/nRF5_SDK/external/freertos/source/include/timers.h:452:14:xTimerGetTimerDaemonTaskHandle	0	static
/Users/deladem/pinetime-dev/nRF5_SDK/external/freertos/source/include/timers.h:1243:12:xTimerGetPeriod	0	static
/Users/deladem/pinetime-dev/nRF5_SDK/external/freertos/source/include/timers.h:1258:12:xTimerGetExpiryTime	0	static
/Users/deladem/pinetime-dev/nRF5_SDK/external/freertos/source/include/timers.h:1232:14:pcTimerGetName	0	static
/Users/deladem/pinetime-dev/nRF5_SDK/external/freertos/source/include/timers.h:444:12:xTimerIsTimerActive	8	static
/Users/deladem/pinetime-dev/nRF5_SDK/external/freertos/source/include/timers.h:386:7:pvTimerGetTimerID	8	static
/Users/deladem/pinetime-dev/nRF5_SDK/external/freertos/source/include/timers.h:407:6:vTimerSetTimerID	16	static
/Users/deladem/pinetime-dev/nRF5_SDK/external/freertos/source/include/timers.h:1187:12:xTimerPendFunctionCallFromISR	24	static
/Users/deladem/pinetime-dev/nRF5_SDK/external/freertos/source/include/timers.h:1221:12:xTimerPendFunctionCall	24	static
/Users/deladem/pinetime-dev/nRF5_SDK/external/freertos/source/include/timers.h:1269:14:uxTimerGetTimerNumber	0	static
/Users/deladem/pinetime-dev/nRF5_SDK/external/freertos/source/include/timers.h:1268:7:vTimerSetTimerNumber	0	static
