/Users/deladem/pinetime-dev/InfiniTime-avc/src/displayapp/screens/Screen.h:29:22:virtual bool Pinetime::Applications::Screens::Screen::OnButtonPushed()	0	static
/Users/deladem/pinetime-dev/InfiniTime-avc/src/displayapp/screens/Screen.h:35:22:virtual bool Pinetime::Applications::Screens::Screen::OnTouchEvent(Pinetime::Applications::TouchEvents)	0	static
/Users/deladem/pinetime-dev/InfiniTime-avc/src/displayapp/screens/Screen.h:39:22:virtual bool Pinetime::Applications::Screens::Screen::OnTouchEvent(uint16_t, uint16_t)	0	static
/Users/deladem/pinetime-dev/InfiniTime-avc/src/libs/lvgl/src/lv_core/lv_disp.h:158:26:lv_obj_t* lv_scr_act()	8	static
/Users/deladem/pinetime-dev/InfiniTime-avc/src/displayapp/screens/WatchFaceTerminal.cpp:69:1:Pinetime::Applications::Screens::WatchFaceTerminal::~WatchFaceTerminal()	8	static
/Users/deladem/pinetime-dev/InfiniTime-avc/src/displayapp/screens/WatchFaceTerminal.cpp:69:1:virtual Pinetime::Applications::Screens::WatchFaceTerminal::~WatchFaceTerminal()	8	static
/Users/deladem/pinetime-dev/InfiniTime-avc/src/displayapp/screens/WatchFaceTerminal.cpp:74:6:virtual void Pinetime::Applications::Screens::WatchFaceTerminal::Refresh()	48	static
/Users/deladem/pinetime-dev/InfiniTime-avc/src/displayapp/screens/WatchFaceTerminal.cpp:15:1:Pinetime::Applications::Screens::WatchFaceTerminal::WatchFaceTerminal(Pinetime::Controllers::DateTime&, const Pinetime::Controllers::Battery&, const Pinetime::Controllers::Ble&, Pinetime::Controllers::NotificationManager&, Pinetime::Controllers::Settings&, Pinetime::Controllers::HeartRateController&, Pinetime::Controllers::MotionController&)	32	static
