/Users/deladem/pinetime-dev/nRF5_SDK/modules/nrfx/soc/nrfx_atomic.c:54:10:nrfx_atomic_u32_fetch_store	8	static
/Users/deladem/pinetime-dev/nRF5_SDK/modules/nrfx/soc/nrfx_atomic.c:73:10:nrfx_atomic_u32_store	8	static
/Users/deladem/pinetime-dev/nRF5_SDK/modules/nrfx/soc/nrfx_atomic.c:92:10:nrfx_atomic_u32_fetch_or	8	static
/Users/deladem/pinetime-dev/nRF5_SDK/modules/nrfx/soc/nrfx_atomic.c:111:10:nrfx_atomic_u32_or	8	static
/Users/deladem/pinetime-dev/nRF5_SDK/modules/nrfx/soc/nrfx_atomic.c:130:10:nrfx_atomic_u32_fetch_and	8	static
/Users/deladem/pinetime-dev/nRF5_SDK/modules/nrfx/soc/nrfx_atomic.c:149:10:nrfx_atomic_u32_and	8	static
/Users/deladem/pinetime-dev/nRF5_SDK/modules/nrfx/soc/nrfx_atomic.c:168:10:nrfx_atomic_u32_fetch_xor	8	static
/Users/deladem/pinetime-dev/nRF5_SDK/modules/nrfx/soc/nrfx_atomic.c:187:10:nrfx_atomic_u32_xor	8	static
/Users/deladem/pinetime-dev/nRF5_SDK/modules/nrfx/soc/nrfx_atomic.c:206:10:nrfx_atomic_u32_fetch_add	8	static
/Users/deladem/pinetime-dev/nRF5_SDK/modules/nrfx/soc/nrfx_atomic.c:225:10:nrfx_atomic_u32_add	8	static
/Users/deladem/pinetime-dev/nRF5_SDK/modules/nrfx/soc/nrfx_atomic.c:244:10:nrfx_atomic_u32_fetch_sub	8	static
/Users/deladem/pinetime-dev/nRF5_SDK/modules/nrfx/soc/nrfx_atomic.c:263:10:nrfx_atomic_u32_sub	8	static
/Users/deladem/pinetime-dev/nRF5_SDK/modules/nrfx/soc/nrfx_atomic.c:282:6:nrfx_atomic_u32_cmp_exch	16	static
/Users/deladem/pinetime-dev/nRF5_SDK/modules/nrfx/soc/nrfx_atomic.c:313:10:nrfx_atomic_u32_fetch_sub_hs	8	static
/Users/deladem/pinetime-dev/nRF5_SDK/modules/nrfx/soc/nrfx_atomic.c:345:10:nrfx_atomic_u32_sub_hs	8	static
/Users/deladem/pinetime-dev/nRF5_SDK/modules/nrfx/soc/nrfx_atomic.c:377:10:nrfx_atomic_flag_set_fetch	0	static
/Users/deladem/pinetime-dev/nRF5_SDK/modules/nrfx/soc/nrfx_atomic.c:382:10:nrfx_atomic_flag_set	0	static
/Users/deladem/pinetime-dev/nRF5_SDK/modules/nrfx/soc/nrfx_atomic.c:387:10:nrfx_atomic_flag_clear_fetch	0	static
/Users/deladem/pinetime-dev/nRF5_SDK/modules/nrfx/soc/nrfx_atomic.c:392:10:nrfx_atomic_flag_clear	0	static
