/Users/deladem/pinetime-dev/InfiniTime-avc/src/displayapp/screens/Screen.h:35:22:virtual bool Pinetime::Applications::Screens::Screen::OnTouchEvent(Pinetime::Applications::TouchEvents)	0	static
/Users/deladem/pinetime-dev/InfiniTime-avc/src/displayapp/screens/Screen.h:39:22:virtual bool Pinetime::Applications::Screens::Screen::OnTouchEvent(uint16_t, uint16_t)	0	static
/Users/deladem/pinetime-dev/InfiniTime-avc/src/displayapp/screens/FirmwareUpdate.cpp:96:6:virtual bool Pinetime::Applications::Screens::FirmwareUpdate::OnButtonPushed()	0	static
/Users/deladem/pinetime-dev/InfiniTime-avc/src/libs/lvgl/src/lv_core/lv_disp.h:158:26:lv_obj_t* lv_scr_act()	8	static
/Users/deladem/pinetime-dev/InfiniTime-avc/src/displayapp/screens/FirmwareUpdate.cpp:33:1:Pinetime::Applications::Screens::FirmwareUpdate::~FirmwareUpdate()	8	static
/Users/deladem/pinetime-dev/InfiniTime-avc/src/displayapp/screens/FirmwareUpdate.cpp:33:1:virtual Pinetime::Applications::Screens::FirmwareUpdate::~FirmwareUpdate()	8	static
/Users/deladem/pinetime-dev/InfiniTime-avc/src/displayapp/screens/FirmwareUpdate.cpp:9:1:Pinetime::Applications::Screens::FirmwareUpdate::FirmwareUpdate(const Pinetime::Controllers::Ble&)	24	static
/Users/deladem/pinetime-dev/InfiniTime-avc/src/displayapp/screens/FirmwareUpdate.cpp:77:6:void Pinetime::Applications::Screens::FirmwareUpdate::DisplayProgression() const	16	static
/Users/deladem/pinetime-dev/InfiniTime-avc/src/displayapp/screens/FirmwareUpdate.cpp:87:6:void Pinetime::Applications::Screens::FirmwareUpdate::UpdateValidated()	0	static
/Users/deladem/pinetime-dev/InfiniTime-avc/src/displayapp/screens/FirmwareUpdate.cpp:91:6:void Pinetime::Applications::Screens::FirmwareUpdate::UpdateError()	8	static
/Users/deladem/pinetime-dev/InfiniTime-avc/src/displayapp/screens/FirmwareUpdate.cpp:38:6:virtual void Pinetime::Applications::Screens::FirmwareUpdate::Refresh()	16	static
