/Users/deladem/pinetime-dev/InfiniTime-avc/src/libs/lvgl/src/lv_misc/lv_color.h:588:26:lv_color_t lv_color_hex(uint32_t)	0	static
/Users/deladem/pinetime-dev/InfiniTime-avc/src/displayapp/screens/Screen.h:39:22:virtual bool Pinetime::Applications::Screens::Screen::OnTouchEvent(uint16_t, uint16_t)	0	static
/Users/deladem/pinetime-dev/InfiniTime-avc/src/libs/lvgl/src/lv_core/lv_disp.h:158:26:lv_obj_t* lv_scr_act()	8	static
/Users/deladem/pinetime-dev/InfiniTime-avc/src/displayapp/screens/MovementWatchFace.cpp:32:1:Pinetime::Applications::Screens::MovementWatchFace::~MovementWatchFace()	8	static
/Users/deladem/pinetime-dev/InfiniTime-avc/src/displayapp/screens/MovementWatchFace.cpp:32:1:virtual Pinetime::Applications::Screens::MovementWatchFace::~MovementWatchFace()	8	static
/Users/deladem/pinetime-dev/InfiniTime-avc/src/displayapp/screens/MovementWatchFace.cpp:347:6:virtual bool Pinetime::Applications::Screens::MovementWatchFace::OnButtonPushed()	8	static
/Users/deladem/pinetime-dev/InfiniTime-avc/src/displayapp/screens/MovementWatchFace.cpp:328:6:virtual bool Pinetime::Applications::Screens::MovementWatchFace::OnTouchEvent(Pinetime::Applications::TouchEvents)	8	static
/Users/deladem/pinetime-dev/InfiniTime-avc/src/displayapp/screens/MovementWatchFace.cpp:42:6:void Pinetime::Applications::Screens::MovementWatchFace::CreateUI()	48	static
/Users/deladem/pinetime-dev/InfiniTime-avc/src/displayapp/screens/MovementWatchFace.cpp:195:6:void Pinetime::Applications::Screens::MovementWatchFace::UpdateTimeDisplay()	24	static
/Users/deladem/pinetime-dev/InfiniTime-avc/src/displayapp/screens/MovementWatchFace.cpp:223:6:void Pinetime::Applications::Screens::MovementWatchFace::UpdateMovementData()	72	static
/Users/deladem/pinetime-dev/InfiniTime-avc/src/displayapp/screens/MovementWatchFace.cpp:186:6:virtual void Pinetime::Applications::Screens::MovementWatchFace::Refresh()	8	static
/Users/deladem/pinetime-dev/InfiniTime-avc/src/displayapp/screens/MovementWatchFace.cpp:16:1:Pinetime::Applications::Screens::MovementWatchFace::MovementWatchFace(Pinetime::Controllers::DateTime&, const Pinetime::Controllers::Battery&, Pinetime::Controllers::MotionController&, const Pinetime::Controllers::Ble&)	8	static
