/Users/deladem/pinetime-dev/InfiniTime-avc/src/displayapp/screens/Screen.h:29:22:virtual bool Pinetime::Applications::Screens::Screen::OnButtonPushed()	0	static
/Users/deladem/pinetime-dev/InfiniTime-avc/src/displayapp/screens/Screen.h:39:22:virtual bool Pinetime::Applications::Screens::Screen::OnTouchEvent(uint16_t, uint16_t)	0	static
/Users/deladem/pinetime-dev/InfiniTime-avc/src/libs/lvgl/src/lv_core/lv_disp.h:158:26:lv_obj_t* lv_scr_act()	8	static
/Users/deladem/pinetime-dev/InfiniTime-avc/src/libs/lvgl/src/lv_core/lv_obj_style_dec.h:183:20:void lv_obj_set_style_local_pad_all(lv_obj_t*, uint8_t, lv_state_t, lv_style_int_t)	16	static
/Users/deladem/pinetime-dev/InfiniTime-avc/src/displayapp/screens/Notifications.cpp:121:6:void Pinetime::Applications::Screens::Notifications::OnPreviewInteraction()	8	static
/Users/deladem/pinetime-dev/InfiniTime-avc/src/displayapp/screens/Notifications.cpp:258:1:Pinetime::Applications::Screens::Notifications::NotificationItem::NotificationItem(const char*, const char*, uint8_t, Pinetime::Controllers::NotificationManager::Categories, uint8_t, Pinetime::Controllers::AlertNotificationService&, Pinetime::Controllers::MotorController&)	48	static
/Users/deladem/pinetime-dev/InfiniTime-avc/src/displayapp/screens/Notifications.cpp:247:1:Pinetime::Applications::Screens::Notifications::NotificationItem::NotificationItem(Pinetime::Controllers::AlertNotificationService&, Pinetime::Controllers::MotorController&)	24	static
/Users/deladem/pinetime-dev/InfiniTime-avc/src/displayapp/screens/Notifications.cpp:354:6:void Pinetime::Applications::Screens::Notifications::NotificationItem::OnCallButtonEvent(lv_obj_t*, lv_event_t)	16	static
/Users/deladem/pinetime-dev/InfiniTime-avc/src/displayapp/screens/Notifications.cpp:241:8:void {anonymous}::CallEventHandler(lv_obj_t*, lv_event_t)	0	static
/Users/deladem/pinetime-dev/InfiniTime-avc/src/displayapp/screens/Notifications.cpp:372:1:Pinetime::Applications::Screens::Notifications::NotificationItem::~NotificationItem()	8	static
/opt/homebrew/arm-toolchain/arm-none-eabi/include/c++/13.2.1/bits/unique_ptr.h:398:7:std::unique_ptr<_Tp, _Dp>::~unique_ptr() [with _Tp = Pinetime::Applications::Screens::Notifications::NotificationItem; _Dp = std::default_delete<Pinetime::Applications::Screens::Notifications::NotificationItem>]	16	static
/Users/deladem/pinetime-dev/InfiniTime-avc/src/displayapp/screens/Notifications.cpp:64:1:Pinetime::Applications::Screens::Notifications::~Notifications()	8	static
/Users/deladem/pinetime-dev/InfiniTime-avc/src/displayapp/screens/Notifications.cpp:64:1:virtual Pinetime::Applications::Screens::Notifications::~Notifications()	8	static
/opt/homebrew/arm-toolchain/arm-none-eabi/include/c++/13.2.1/bits/unique_ptr.h:1069:5:) [with _Tp = Pinetime::Applications::Screens::Notifications::NotificationItem; _Args = {const char*, const char*, int, Pinetime::Controllers::NotificationManager::Categories&, unsigned int, Pinetime::Controllers::AlertNotificationService&, Pinetime::Controllers::MotorController&}]	40	static
/opt/homebrew/arm-toolchain/arm-none-eabi/include/c++/13.2.1/bits/unique_ptr.h:206:12:void std::__uniq_ptr_impl<_Tp, _Dp>::reset(pointer) [with _Tp = Pinetime::Applications::Screens::Notifications::NotificationItem; _Dp = std::default_delete<Pinetime::Applications::Screens::Notifications::NotificationItem>]	8	static
/Users/deladem/pinetime-dev/InfiniTime-avc/src/displayapp/screens/Notifications.cpp:130:6:void Pinetime::Applications::Screens::Notifications::DismissToBlack()	16	static
/Users/deladem/pinetime-dev/InfiniTime-avc/src/displayapp/screens/Notifications.cpp:140:6:void Pinetime::Applications::Screens::Notifications::OnPreviewDismiss()	8	static
/Users/deladem/pinetime-dev/InfiniTime-avc/src/displayapp/screens/Notifications.cpp:71:6:virtual void Pinetime::Applications::Screens::Notifications::Refresh()	272	static
/Users/deladem/pinetime-dev/InfiniTime-avc/src/displayapp/screens/Notifications.cpp:13:1:Pinetime::Applications::Screens::Notifications::Notifications(Pinetime::Applications::DisplayApp*, Pinetime::Controllers::NotificationManager&, Pinetime::Controllers::AlertNotificationService&, Pinetime::Controllers::MotorController&, Pinetime::System::SystemTask&, Modes)	200	static
/Users/deladem/pinetime-dev/InfiniTime-avc/src/displayapp/screens/Notifications.cpp:149:6:virtual bool Pinetime::Applications::Screens::Notifications::OnTouchEvent(Pinetime::Applications::TouchEvents)	280	static
