/Users/deladem/pinetime-dev/InfiniTime-avc/src/displayapp/screens/Screen.h:14:22:virtual void Pinetime::Applications::Screens::Screen::Refresh()	0	static
/Users/deladem/pinetime-dev/InfiniTime-avc/src/displayapp/screens/Screen.h:29:22:virtual bool Pinetime::Applications::Screens::Screen::OnButtonPushed()	0	static
/Users/deladem/pinetime-dev/InfiniTime-avc/src/displayapp/screens/Screen.h:39:22:virtual bool Pinetime::Applications::Screens::Screen::OnTouchEvent(uint16_t, uint16_t)	0	static
/Users/deladem/pinetime-dev/InfiniTime-avc/src/displayapp/screens/SystemInfo.cpp:220:6:static bool Pinetime::Applications::Screens::SystemInfo::sortById(const TaskStatus_t&, const TaskStatus_t&)	0	static
/Users/deladem/pinetime-dev/InfiniTime-avc/src/libs/lvgl/src/lv_core/lv_disp.h:158:26:lv_obj_t* lv_scr_act()	8	static
/opt/homebrew/arm-toolchain/arm-none-eabi/include/c++/13.2.1/bits/predefined_ops.h:157:9:constexpr bool __gnu_cxx::__ops::_Iter_comp_iter<_Compare>::operator()(_Iterator1, _Iterator2) [with _Iterator1 = xTASK_STATUS*; _Iterator2 = xTASK_STATUS*; _Compare = bool (*)(const xTASK_STATUS&, const xTASK_STATUS&)]	0	static
/opt/homebrew/arm-toolchain/arm-none-eabi/include/c++/13.2.1/bits/std_function.h:267:7:), _Functor>::_M_manager(std::_Any_data&, const std::_Any_data&, std::_Manager_operation) [with _Res = std::unique_ptr<Pinetime::Applications::Screens::Screen>; _Functor = Pinetime::Applications::Screens::SystemInfo::SystemInfo(Pinetime::Applications::DisplayApp*, Pinetime::Controllers::DateTime&, const Pinetime::Controllers::Battery&, Pinetime::Controllers::BrightnessController&, const Pinetime::Controllers::Ble&, const Pinetime::Drivers::Watchdog&, Pinetime::Controllers::MotionController&, const Pinetime::Drivers::Cst816S&, const Pinetime::Drivers::SpiNorFlash&)::<lambda()>; _ArgTypes = {}]	0	static
/opt/homebrew/arm-toolchain/arm-none-eabi/include/c++/13.2.1/bits/std_function.h:267:7:), _Functor>::_M_manager(std::_Any_data&, const std::_Any_data&, std::_Manager_operation) [with _Res = std::unique_ptr<Pinetime::Applications::Screens::Screen>; _Functor = Pinetime::Applications::Screens::SystemInfo::SystemInfo(Pinetime::Applications::DisplayApp*, Pinetime::Controllers::DateTime&, const Pinetime::Controllers::Battery&, Pinetime::Controllers::BrightnessController&, const Pinetime::Controllers::Ble&, const Pinetime::Drivers::Watchdog&, Pinetime::Controllers::MotionController&, const Pinetime::Drivers::Cst816S&, const Pinetime::Drivers::SpiNorFlash&)::<lambda()>; _ArgTypes = {}]	0	static
/opt/homebrew/arm-toolchain/arm-none-eabi/include/c++/13.2.1/bits/std_function.h:267:7:), _Functor>::_M_manager(std::_Any_data&, const std::_Any_data&, std::_Manager_operation) [with _Res = std::unique_ptr<Pinetime::Applications::Screens::Screen>; _Functor = Pinetime::Applications::Screens::SystemInfo::SystemInfo(Pinetime::Applications::DisplayApp*, Pinetime::Controllers::DateTime&, const Pinetime::Controllers::Battery&, Pinetime::Controllers::BrightnessController&, const Pinetime::Controllers::Ble&, const Pinetime::Drivers::Watchdog&, Pinetime::Controllers::MotionController&, const Pinetime::Drivers::Cst816S&, const Pinetime::Drivers::SpiNorFlash&)::<lambda()>; _ArgTypes = {}]	0	static
/opt/homebrew/arm-toolchain/arm-none-eabi/include/c++/13.2.1/bits/std_function.h:267:7:), _Functor>::_M_manager(std::_Any_data&, const std::_Any_data&, std::_Manager_operation) [with _Res = std::unique_ptr<Pinetime::Applications::Screens::Screen>; _Functor = Pinetime::Applications::Screens::SystemInfo::SystemInfo(Pinetime::Applications::DisplayApp*, Pinetime::Controllers::DateTime&, const Pinetime::Controllers::Battery&, Pinetime::Controllers::BrightnessController&, const Pinetime::Controllers::Ble&, const Pinetime::Drivers::Watchdog&, Pinetime::Controllers::MotionController&, const Pinetime::Drivers::Cst816S&, const Pinetime::Drivers::SpiNorFlash&)::<lambda()>; _ArgTypes = {}]	0	static
/opt/homebrew/arm-toolchain/arm-none-eabi/include/c++/13.2.1/bits/std_function.h:267:7:), _Functor>::_M_manager(std::_Any_data&, const std::_Any_data&, std::_Manager_operation) [with _Res = std::unique_ptr<Pinetime::Applications::Screens::Screen>; _Functor = Pinetime::Applications::Screens::SystemInfo::SystemInfo(Pinetime::Applications::DisplayApp*, Pinetime::Controllers::DateTime&, const Pinetime::Controllers::Battery&, Pinetime::Controllers::BrightnessController&, const Pinetime::Controllers::Ble&, const Pinetime::Drivers::Watchdog&, Pinetime::Controllers::MotionController&, const Pinetime::Drivers::Cst816S&, const Pinetime::Drivers::SpiNorFlash&)::<lambda()>; _ArgTypes = {}]	0	static
/opt/homebrew/arm-toolchain/arm-none-eabi/include/c++/13.2.1/array:94:12:std::array<std::function<std::unique_ptr<Pinetime::Applications::Screens::Screen>()>, 5>::~array()	16	static
/opt/homebrew/arm-toolchain/arm-none-eabi/include/c++/13.2.1/bits/unique_ptr.h:398:7:std::unique_ptr<_Tp, _Dp>::~unique_ptr() [with _Tp = Pinetime::Applications::Screens::Screen; _Dp = std::default_delete<Pinetime::Applications::Screens::Screen>]	8	static
/Users/deladem/pinetime-dev/InfiniTime-avc/src/displayapp/screens/ScreenList.h:35:9:Pinetime::Applications::Screens::ScreenList<N>::~ScreenList() [with unsigned int N = 5]	16	static
/Users/deladem/pinetime-dev/InfiniTime-avc/src/displayapp/screens/ScreenList.h:35:9:Pinetime::Applications::Screens::ScreenList<N>::~ScreenList() [with unsigned int N = 5]	8	static
/Users/deladem/pinetime-dev/InfiniTime-avc/src/displayapp/screens/SystemInfo.cpp:71:1:Pinetime::Applications::Screens::SystemInfo::~SystemInfo()	16	static
/Users/deladem/pinetime-dev/InfiniTime-avc/src/displayapp/screens/SystemInfo.cpp:71:1:virtual Pinetime::Applications::Screens::SystemInfo::~SystemInfo()	8	static
/opt/homebrew/arm-toolchain/arm-none-eabi/include/c++/13.2.1/bits/std_function.h:239:5:constexpr std::_Function_base::_Function_base()	0	static
/opt/homebrew/arm-toolchain/arm-none-eabi/include/c++/13.2.1/bits/unique_ptr.h:1069:5:) [with _Tp = Pinetime::Applications::Screens::Label; _Args = {int, int, _lv_obj_t*&}]	24	static
/Users/deladem/pinetime-dev/InfiniTime-avc/src/displayapp/screens/SystemInfo.cpp:79:25:std::unique_ptr<Pinetime::Applications::Screens::Screen> Pinetime::Applications::Screens::SystemInfo::CreateScreen1()	56	static
/opt/homebrew/arm-toolchain/arm-none-eabi/include/c++/13.2.1/bits/std_function.h:288:7:) [with _Res = std::unique_ptr<Pinetime::Applications::Screens::Screen>; _Functor = Pinetime::Applications::Screens::SystemInfo::SystemInfo(Pinetime::Applications::DisplayApp*, Pinetime::Controllers::DateTime&, const Pinetime::Controllers::Battery&, Pinetime::Controllers::BrightnessController&, const Pinetime::Controllers::Ble&, const Pinetime::Drivers::Watchdog&, Pinetime::Controllers::MotionController&, const Pinetime::Drivers::Cst816S&, const Pinetime::Drivers::SpiNorFlash&)::<lambda()>; _ArgTypes = {}]	8	static
/Users/deladem/pinetime-dev/InfiniTime-avc/src/displayapp/screens/SystemInfo.cpp:102:25:std::unique_ptr<Pinetime::Applications::Screens::Screen> Pinetime::Applications::Screens::SystemInfo::CreateScreen2()	160	static
/opt/homebrew/arm-toolchain/arm-none-eabi/include/c++/13.2.1/bits/std_function.h:288:7:) [with _Res = std::unique_ptr<Pinetime::Applications::Screens::Screen>; _Functor = Pinetime::Applications::Screens::SystemInfo::SystemInfo(Pinetime::Applications::DisplayApp*, Pinetime::Controllers::DateTime&, const Pinetime::Controllers::Battery&, Pinetime::Controllers::BrightnessController&, const Pinetime::Controllers::Ble&, const Pinetime::Drivers::Watchdog&, Pinetime::Controllers::MotionController&, const Pinetime::Drivers::Cst816S&, const Pinetime::Drivers::SpiNorFlash&)::<lambda()>; _ArgTypes = {}]	8	static
/Users/deladem/pinetime-dev/InfiniTime-avc/src/displayapp/screens/SystemInfo.cpp:183:25:std::unique_ptr<Pinetime::Applications::Screens::Screen> Pinetime::Applications::Screens::SystemInfo::CreateScreen3()	160	static
/opt/homebrew/arm-toolchain/arm-none-eabi/include/c++/13.2.1/bits/std_function.h:288:7:) [with _Res = std::unique_ptr<Pinetime::Applications::Screens::Screen>; _Functor = Pinetime::Applications::Screens::SystemInfo::SystemInfo(Pinetime::Applications::DisplayApp*, Pinetime::Controllers::DateTime&, const Pinetime::Controllers::Battery&, Pinetime::Controllers::BrightnessController&, const Pinetime::Controllers::Ble&, const Pinetime::Drivers::Watchdog&, Pinetime::Controllers::MotionController&, const Pinetime::Drivers::Cst816S&, const Pinetime::Drivers::SpiNorFlash&)::<lambda()>; _ArgTypes = {}]	8	static
/Users/deladem/pinetime-dev/InfiniTime-avc/src/displayapp/screens/SystemInfo.cpp:286:25:std::unique_ptr<Pinetime::Applications::Screens::Screen> Pinetime::Applications::Screens::SystemInfo::CreateScreen5()	40	static
/opt/homebrew/arm-toolchain/arm-none-eabi/include/c++/13.2.1/bits/std_function.h:288:7:) [with _Res = std::unique_ptr<Pinetime::Applications::Screens::Screen>; _Functor = Pinetime::Applications::Screens::SystemInfo::SystemInfo(Pinetime::Applications::DisplayApp*, Pinetime::Controllers::DateTime&, const Pinetime::Controllers::Battery&, Pinetime::Controllers::BrightnessController&, const Pinetime::Controllers::Ble&, const Pinetime::Drivers::Watchdog&, Pinetime::Controllers::MotionController&, const Pinetime::Drivers::Cst816S&, const Pinetime::Drivers::SpiNorFlash&)::<lambda()>; _ArgTypes = {}]	8	static
/opt/homebrew/arm-toolchain/arm-none-eabi/include/c++/13.2.1/bits/std_function.h:587:7:) const [with _Res = std::unique_ptr<Pinetime::Applications::Screens::Screen>; _ArgTypes = {}]	8	static
/Users/deladem/pinetime-dev/InfiniTime-avc/src/displayapp/screens/SystemInfo.cpp:34:1:Pinetime::Applications::Screens::SystemInfo::SystemInfo(Pinetime::Applications::DisplayApp*, Pinetime::Controllers::DateTime&, const Pinetime::Controllers::Battery&, Pinetime::Controllers::BrightnessController&, const Pinetime::Controllers::Ble&, const Pinetime::Drivers::Watchdog&, Pinetime::Controllers::MotionController&, const Pinetime::Drivers::Cst816S&, const Pinetime::Drivers::SpiNorFlash&)	112	static
/opt/homebrew/arm-toolchain/arm-none-eabi/include/c++/13.2.1/bits/unique_ptr.h:206:12:void std::__uniq_ptr_impl<_Tp, _Dp>::reset(pointer) [with _Tp = Pinetime::Applications::Screens::Screen; _Dp = std::default_delete<Pinetime::Applications::Screens::Screen>]	0	static
/Users/deladem/pinetime-dev/InfiniTime-avc/src/displayapp/screens/ScreenList.h:39:14:bool Pinetime::Applications::Screens::ScreenList<N>::OnTouchEvent(Pinetime::Applications::TouchEvents) [with unsigned int N = 5]	24	static
/Users/deladem/pinetime-dev/InfiniTime-avc/src/displayapp/screens/SystemInfo.cpp:75:6:virtual bool Pinetime::Applications::Screens::SystemInfo::OnTouchEvent(Pinetime::Applications::TouchEvents)	8	static
/opt/homebrew/arm-toolchain/arm-none-eabi/include/c++/13.2.1/bits/stl_algo.h:1792:5:constexpr void std::__unguarded_linear_insert(_RandomAccessIterator, _Compare) [with _RandomAccessIterator = xTASK_STATUS*; _Compare = __gnu_cxx::__ops::_Val_comp_iter<bool (*)(const xTASK_STATUS&, const xTASK_STATUS&)>]	64	static
/opt/homebrew/arm-toolchain/arm-none-eabi/include/c++/13.2.1/bits/stl_algo.h:1812:5:constexpr void std::__insertion_sort(_RandomAccessIterator, _RandomAccessIterator, _Compare) [with _RandomAccessIterator = xTASK_STATUS*; _Compare = __gnu_cxx::__ops::_Iter_comp_iter<bool (*)(const xTASK_STATUS&, const xTASK_STATUS&)>]	72	static
/opt/homebrew/arm-toolchain/arm-none-eabi/include/c++/13.2.1/bits/stl_heap.h:224:5:constexpr void std::__adjust_heap(_RandomAccessIterator, _Distance, _Distance, _Tp, _Compare) [with _RandomAccessIterator = xTASK_STATUS*; _Distance = int; _Tp = xTASK_STATUS; _Compare = __gnu_cxx::__ops::_Iter_comp_iter<bool (*)(const xTASK_STATUS&, const xTASK_STATUS&)>]	80	static
/opt/homebrew/arm-toolchain/arm-none-eabi/include/c++/13.2.1/bits/stl_heap.h:254:5:constexpr void std::__pop_heap(_RandomAccessIterator, _RandomAccessIterator, _RandomAccessIterator, _Compare&) [with _RandomAccessIterator = xTASK_STATUS*; _Compare = __gnu_cxx::__ops::_Iter_comp_iter<bool (*)(const xTASK_STATUS&, const xTASK_STATUS&)>]	104	static
/opt/homebrew/arm-toolchain/arm-none-eabi/include/c++/13.2.1/bits/stl_algo.h:1905:5:constexpr void std::__partial_sort(_RandomAccessIterator, _RandomAccessIterator, _RandomAccessIterator, _Compare) [with _RandomAccessIterator = xTASK_STATUS*; _Compare = __gnu_cxx::__ops::_Iter_comp_iter<bool (*)(const xTASK_STATUS&, const xTASK_STATUS&)>]	128	static
/opt/homebrew/arm-toolchain/arm-none-eabi/include/c++/13.2.1/bits/move.h:189:5:constexpr std::_Require<std::__not_<std::__is_tuple_like<_Tp> >, std::is_move_constructible<_Tp>, std::is_move_assignable<_Tp> > std::swap(_Tp&, _Tp&) [with _Tp = xTASK_STATUS]	64	static
/opt/homebrew/arm-toolchain/arm-none-eabi/include/c++/13.2.1/bits/stl_algo.h:85:5:constexpr void std::__move_median_to_first(_Iterator, _Iterator, _Iterator, _Iterator, _Compare) [with _Iterator = xTASK_STATUS*; _Compare = __gnu_cxx::__ops::_Iter_comp_iter<bool (*)(const xTASK_STATUS&, const xTASK_STATUS&)>]	24	static
/opt/homebrew/arm-toolchain/arm-none-eabi/include/c++/13.2.1/bits/stl_algo.h:1918:5:constexpr void std::__introsort_loop(_RandomAccessIterator, _RandomAccessIterator, _Size, _Compare) [with _RandomAccessIterator = xTASK_STATUS*; _Size = int; _Compare = __gnu_cxx::__ops::_Iter_comp_iter<bool (*)(const xTASK_STATUS&, const xTASK_STATUS&)>]	48	static
/Users/deladem/pinetime-dev/InfiniTime-avc/src/displayapp/screens/SystemInfo.cpp:224:25:std::unique_ptr<Pinetime::Applications::Screens::Screen> Pinetime::Applications::Screens::SystemInfo::CreateScreen4()	392	static
/opt/homebrew/arm-toolchain/arm-none-eabi/include/c++/13.2.1/bits/std_function.h:288:7:) [with _Res = std::unique_ptr<Pinetime::Applications::Screens::Screen>; _Functor = Pinetime::Applications::Screens::SystemInfo::SystemInfo(Pinetime::Applications::DisplayApp*, Pinetime::Controllers::DateTime&, const Pinetime::Controllers::Battery&, Pinetime::Controllers::BrightnessController&, const Pinetime::Controllers::Ble&, const Pinetime::Drivers::Watchdog&, Pinetime::Controllers::MotionController&, const Pinetime::Drivers::Cst816S&, const Pinetime::Drivers::SpiNorFlash&)::<lambda()>; _ArgTypes = {}]	8	static
