/Users/deladem/pinetime-dev/InfiniTime-avc/src/displayapp/screens/Screen.h:39:22:virtual bool Pinetime::Applications::Screens::Screen::OnTouchEvent(uint16_t, uint16_t)	0	static
/Users/deladem/pinetime-dev/InfiniTime-avc/src/libs/lvgl/src/lv_core/lv_disp.h:158:26:lv_obj_t* lv_scr_act()	8	static
/Users/deladem/pinetime-dev/InfiniTime-avc/src/displayapp/screens/WatchFacePrideFlag.cpp:175:6:virtual bool Pinetime::Applications::Screens::WatchFacePrideFlag::OnTouchEvent(Pinetime::Applications::TouchEvents)	16	static
/opt/homebrew/arm-toolchain/arm-none-eabi/include/c++/13.2.1/bits/stl_vector.h:375:7:constexpr std::_Vector_base<_Tp, _Alloc>::pointer std::_Vector_base<_Tp, _Alloc>::_M_allocate(std::size_t) [with _Tp = _lv_obj_t*; _Alloc = std::allocator<_lv_obj_t*>]	8	static
/Users/deladem/pinetime-dev/InfiniTime-avc/src/displayapp/screens/WatchFacePrideFlag.cpp:196:6:virtual void Pinetime::Applications::Screens::WatchFacePrideFlag::Refresh()	32	static
/Users/deladem/pinetime-dev/InfiniTime-avc/src/displayapp/screens/WatchFacePrideFlag.cpp:170:1:Pinetime::Applications::Screens::WatchFacePrideFlag::~WatchFacePrideFlag()	8	static
/Users/deladem/pinetime-dev/InfiniTime-avc/src/displayapp/screens/WatchFacePrideFlag.cpp:170:1:virtual Pinetime::Applications::Screens::WatchFacePrideFlag::~WatchFacePrideFlag()	8	static
/opt/homebrew/arm-toolchain/arm-none-eabi/include/c++/13.2.1/bits/vector.tcc:111:7:) [with _Args = {_lv_obj_t*}; _Tp = _lv_obj_t*; _Alloc = std::allocator<_lv_obj_t*>]	32	static
/Users/deladem/pinetime-dev/InfiniTime-avc/src/displayapp/screens/WatchFacePrideFlag.cpp:189:6:void Pinetime::Applications::Screens::WatchFacePrideFlag::CloseMenu()	8	static
/Users/deladem/pinetime-dev/InfiniTime-avc/src/displayapp/screens/WatchFacePrideFlag.cpp:289:6:virtual bool Pinetime::Applications::Screens::WatchFacePrideFlag::OnButtonPushed()	8	static
/opt/homebrew/arm-toolchain/arm-none-eabi/include/c++/13.2.1/bits/vector.tcc:67:5:constexpr void std::vector<_Tp, _Alloc>::reserve(size_type) [with _Tp = _lv_obj_t*; _Alloc = std::allocator<_lv_obj_t*>]	24	static
/Users/deladem/pinetime-dev/InfiniTime-avc/src/displayapp/screens/WatchFacePrideFlag.cpp:298:22:Pinetime::Applications::Screens::WatchFacePrideFlag::UpdateScreen(Pinetime::Controllers::Settings::PrideFlag)::<lambda({anonymous}::PrideFlagData<N>)> [with unsigned int N = 5]	48	static
/Users/deladem/pinetime-dev/InfiniTime-avc/src/displayapp/screens/WatchFacePrideFlag.cpp:298:22:Pinetime::Applications::Screens::WatchFacePrideFlag::UpdateScreen(Pinetime::Controllers::Settings::PrideFlag)::<lambda({anonymous}::PrideFlagData<N>)> [with unsigned int N = 7]	48	static
/Users/deladem/pinetime-dev/InfiniTime-avc/src/displayapp/screens/WatchFacePrideFlag.cpp:297:6:void Pinetime::Applications::Screens::WatchFacePrideFlag::UpdateScreen(Pinetime::Controllers::Settings::PrideFlag)	48	static
/Users/deladem/pinetime-dev/InfiniTime-avc/src/displayapp/screens/WatchFacePrideFlag.cpp:84:1:Pinetime::Applications::Screens::WatchFacePrideFlag::WatchFacePrideFlag(Pinetime::Controllers::DateTime&, const Pinetime::Controllers::Battery&, const Pinetime::Controllers::Ble&, Pinetime::Controllers::NotificationManager&, Pinetime::Controllers::Settings&, Pinetime::Controllers::MotionController&)	40	static
/Users/deladem/pinetime-dev/InfiniTime-avc/src/displayapp/screens/WatchFacePrideFlag.cpp:267:6:void Pinetime::Applications::Screens::WatchFacePrideFlag::UpdateSelected(lv_obj_t*, lv_event_t)	16	static
/Users/deladem/pinetime-dev/InfiniTime-avc/src/displayapp/screens/WatchFacePrideFlag.cpp:10:8:void {anonymous}::EventHandler(lv_obj_t*, lv_event_t)	0	static
