/Users/deladem/pinetime-dev/InfiniTime-avc/src/displayapp/screens/Screen.h:35:22:virtual bool Pinetime::Applications::Screens::Screen::OnTouchEvent(Pinetime::Applications::TouchEvents)	0	static
/Users/deladem/pinetime-dev/InfiniTime-avc/src/displayapp/screens/Screen.h:39:22:virtual bool Pinetime::Applications::Screens::Screen::OnTouchEvent(uint16_t, uint16_t)	0	static
/Users/deladem/pinetime-dev/InfiniTime-avc/src/displayapp/screens/WatchFaceRehabilitationCasio.cpp:143:6:virtual bool Pinetime::Applications::Screens::WatchFaceRehabilitationCasio::OnButtonPushed()	0	static
/Users/deladem/pinetime-dev/InfiniTime-avc/src/libs/lvgl/src/lv_core/lv_disp.h:158:26:lv_obj_t* lv_scr_act()	8	static
/Users/deladem/pinetime-dev/InfiniTime-avc/src/displayapp/screens/WatchFaceRehabilitationCasio.cpp:61:1:Pinetime::Applications::Screens::WatchFaceRehabilitationCasio::~WatchFaceRehabilitationCasio()	8	static
/Users/deladem/pinetime-dev/InfiniTime-avc/src/displayapp/screens/WatchFaceRehabilitationCasio.cpp:61:1:virtual Pinetime::Applications::Screens::WatchFaceRehabilitationCasio::~WatchFaceRehabilitationCasio()	8	static
/Users/deladem/pinetime-dev/InfiniTime-avc/src/displayapp/screens/WatchFaceRehabilitationCasio.cpp:12:1:Pinetime::Applications::Screens::WatchFaceRehabilitationCasio::WatchFaceRehabilitationCasio(Pinetime::Controllers::DateTime&, const Pinetime::Controllers::Battery&, const Pinetime::Controllers::Ble&, Pinetime::Controllers::NotificationManager&, Pinetime::Controllers::Settings&, Pinetime::Controllers::MotionController&, Pinetime::Controllers::HeartRateController&, Pinetime::System::SystemTask&)	48	static
/Users/deladem/pinetime-dev/InfiniTime-avc/src/displayapp/screens/WatchFaceRehabilitationCasio.cpp:72:6:void Pinetime::Applications::Screens::WatchFaceRehabilitationCasio::UpdateTime()	32	static
/Users/deladem/pinetime-dev/InfiniTime-avc/src/displayapp/screens/WatchFaceRehabilitationCasio.cpp:82:6:void Pinetime::Applications::Screens::WatchFaceRehabilitationCasio::UpdateMotionData()	48	static
/Users/deladem/pinetime-dev/InfiniTime-avc/src/displayapp/screens/WatchFaceRehabilitationCasio.cpp:111:6:void Pinetime::Applications::Screens::WatchFaceRehabilitationCasio::UpdateUI()	72	static
/Users/deladem/pinetime-dev/InfiniTime-avc/src/displayapp/screens/WatchFaceRehabilitationCasio.cpp:126:6:void Pinetime::Applications::Screens::WatchFaceRehabilitationCasio::SendDataToMobile()	8	static
/Users/deladem/pinetime-dev/InfiniTime-avc/src/displayapp/screens/WatchFaceRehabilitationCasio.cpp:65:6:virtual void Pinetime::Applications::Screens::WatchFaceRehabilitationCasio::Refresh()	8	static
