/Users/deladem/pinetime-dev/InfiniTime-avc/src/displayapp/screens/Screen.h:35:22:virtual bool Pinetime::Applications::Screens::Screen::OnTouchEvent(Pinetime::Applications::TouchEvents)	0	static
/Users/deladem/pinetime-dev/InfiniTime-avc/src/displayapp/screens/Screen.h:39:22:virtual bool Pinetime::Applications::Screens::Screen::OnTouchEvent(uint16_t, uint16_t)	0	static
/Users/deladem/pinetime-dev/InfiniTime-avc/src/displayapp/screens/WatchFaceRehabilitationCasio.cpp:268:6:virtual bool Pinetime::Applications::Screens::WatchFaceRehabilitationCasio::OnButtonPushed()	0	static
/Users/deladem/pinetime-dev/InfiniTime-avc/src/libs/lvgl/src/lv_core/lv_disp.h:158:26:lv_obj_t* lv_scr_act()	8	static
/Users/deladem/pinetime-dev/InfiniTime-avc/src/displayapp/screens/WatchFaceRehabilitationCasio.cpp:102:1:Pinetime::Applications::Screens::WatchFaceRehabilitationCasio::~WatchFaceRehabilitationCasio()	8	static
/Users/deladem/pinetime-dev/InfiniTime-avc/src/displayapp/screens/WatchFaceRehabilitationCasio.cpp:102:1:virtual Pinetime::Applications::Screens::WatchFaceRehabilitationCasio::~WatchFaceRehabilitationCasio()	8	static
/Users/deladem/pinetime-dev/InfiniTime-avc/src/displayapp/screens/WatchFaceRehabilitationCasio.cpp:20:1:Pinetime::Applications::Screens::WatchFaceRehabilitationCasio::WatchFaceRehabilitationCasio(Pinetime::Controllers::DateTime&, const Pinetime::Controllers::Battery&, const Pinetime::Controllers::Ble&, Pinetime::Controllers::NotificationManager&, Pinetime::Controllers::Settings&, Pinetime::Controllers::MotionController&, Pinetime::System::SystemTask&)	56	static
/Users/deladem/pinetime-dev/InfiniTime-avc/src/displayapp/screens/WatchFaceRehabilitationCasio.cpp:140:6:void Pinetime::Applications::Screens::WatchFaceRehabilitationCasio::UpdateTime()	32	static
/Users/deladem/pinetime-dev/InfiniTime-avc/src/displayapp/screens/WatchFaceRehabilitationCasio.cpp:150:6:bool Pinetime::Applications::Screens::WatchFaceRehabilitationCasio::ValidateSensorData(int16_t, int16_t, int16_t)	16	static
/Users/deladem/pinetime-dev/InfiniTime-avc/src/displayapp/screens/WatchFaceRehabilitationCasio.cpp:168:6:void Pinetime::Applications::Screens::WatchFaceRehabilitationCasio::UpdateMotionData()	64	static
/Users/deladem/pinetime-dev/InfiniTime-avc/src/displayapp/screens/WatchFaceRehabilitationCasio.cpp:206:6:void Pinetime::Applications::Screens::WatchFaceRehabilitationCasio::UpdateUI()	72	static
/Users/deladem/pinetime-dev/InfiniTime-avc/src/displayapp/screens/WatchFaceRehabilitationCasio.cpp:238:6:void Pinetime::Applications::Screens::WatchFaceRehabilitationCasio::SendDataToMobile()	8	static
/Users/deladem/pinetime-dev/InfiniTime-avc/src/displayapp/screens/WatchFaceRehabilitationCasio.cpp:117:6:virtual void Pinetime::Applications::Screens::WatchFaceRehabilitationCasio::Refresh()	16	static
