/Users/deladem/pinetime-dev/InfiniTime-avc/src/displayapp/DisplayAppRecovery.cpp:13:1:Pinetime::Applications::DisplayApp::DisplayApp(Pinetime::Drivers::St7789&, const Pinetime::Drivers::Cst816S&, const Pinetime::Controllers::Battery&, const Pinetime::Controllers::Ble&, Pinetime::Controllers::DateTime&, const Pinetime::Drivers::Watchdog&, Pinetime::Controllers::NotificationManager&, Pinetime::Controllers::HeartRateController&, Pinetime::Controllers::Settings&, Pinetime::Controllers::MotorController&, Pinetime::Controllers::MotionController&, Pinetime::Controllers::AlarmController&, Pinetime::Controllers::BrightnessController&, Pinetime::Controllers::TouchHandler&, Pinetime::Controllers::FS&, Pinetime::Drivers::SpiNorFlash&)	0	static
/Users/deladem/pinetime-dev/InfiniTime-avc/src/displayapp/DisplayAppRecovery.cpp:32:6:void Pinetime::Applications::DisplayApp::Start()	16	static
/Users/deladem/pinetime-dev/InfiniTime-avc/src/displayapp/DisplayAppRecovery.cpp:91:6:void Pinetime::Applications::DisplayApp::DisplayLogo(uint16_t)	72	static
/Users/deladem/pinetime-dev/InfiniTime-avc/src/displayapp/DisplayAppRecovery.cpp:48:6:void Pinetime::Applications::DisplayApp::InitHw()	0	static
/Users/deladem/pinetime-dev/InfiniTime-avc/src/displayapp/DisplayAppRecovery.cpp:99:6:void Pinetime::Applications::DisplayApp::DisplayOtaProgress(uint8_t, uint16_t)	48	static
/Users/deladem/pinetime-dev/InfiniTime-avc/src/displayapp/DisplayAppRecovery.cpp:52:6:void Pinetime::Applications::DisplayApp::Refresh()	24	static
/Users/deladem/pinetime-dev/InfiniTime-avc/src/displayapp/DisplayAppRecovery.cpp:38:6:static void Pinetime::Applications::DisplayApp::Process(void*)	8	static
/Users/deladem/pinetime-dev/InfiniTime-avc/src/displayapp/DisplayAppRecovery.cpp:108:6:void Pinetime::Applications::DisplayApp::PushMessage(Pinetime::Applications::Display::Messages)	24	static
/Users/deladem/pinetime-dev/InfiniTime-avc/src/displayapp/DisplayAppRecovery.cpp:114:6:void Pinetime::Applications::DisplayApp::Register(Pinetime::System::SystemTask*)	0	static
/Users/deladem/pinetime-dev/InfiniTime-avc/src/displayapp/DisplayAppRecovery.cpp:117:6:void Pinetime::Applications::DisplayApp::Register(Pinetime::Controllers::SimpleWeatherService*)	0	static
/Users/deladem/pinetime-dev/InfiniTime-avc/src/displayapp/DisplayAppRecovery.cpp:120:6:void Pinetime::Applications::DisplayApp::Register(Pinetime::Controllers::MusicService*)	0	static
/Users/deladem/pinetime-dev/InfiniTime-avc/src/displayapp/DisplayAppRecovery.cpp:123:6:void Pinetime::Applications::DisplayApp::Register(Pinetime::Controllers::NavigationService*)	0	static
